******************************************************************************
               TMS320C6x Linker PC v7.4.4                      
******************************************************************************
>> Linked Sat Apr 30 18:44:23 2016

OUTPUT FILE NAME:   <DSP.out>
ENTRY POINT SYMBOL: "_c_int00"  address: 8000a760


MEMORY CONFIGURATION

         name            origin    length      used     unused   attr    fill
----------------------  --------  ---------  --------  --------  ----  --------
  DSPL2ROM              00700000   00010000  00000000  00010000  RWIX
  DSPL2RAM              00800000   00040000  00000000  00040000  RWIX
  DSPL1PRAM             00e00000   00008000  00000000  00008000  RWIX
  DSPL1DRAM             00f00000   00008000  00000000  00008000  RWIX
  SHDSPL2ROM            11700000   00010000  00000000  00010000  RWIX
  SHDSPL2RAM            11800000   00040000  00000000  00040000  RWIX
  SHDSPL1PRAM           11e00000   00008000  00000000  00008000  RWIX
  SHDSPL1DRAM           11f00000   00008000  00000000  00008000  RWIX
  EMIFACS0              40000000   20000000  00000000  20000000  RWIX
  EMIFACS2              60000000   02000000  00000000  02000000  RWIX
  EMIFACS3              62000000   02000000  00000000  02000000  RWIX
  EMIFACS4              64000000   02000000  00000000  02000000  RWIX
  EMIFACS5              66000000   02000000  00000000  02000000  RWIX
  SHRAM                 80000000   00020000  00016917  000096e9  RWIX
  DDR2                  c0000000   20000000  00000000  20000000  RWIX


SECTION ALLOCATION MAP

 output                                  attributes/
section   page    origin      length       input sections
--------  ----  ----------  ----------   ----------------
.pinit     0    80000000    00000000     UNINITIALIZED

.text      0    80000000    0000ae00     
                  80000000    00001900     aes.obj (.text)
                  80001900    00000b40     sha2.obj (.text)
                  80002440    00000900     ocb.obj (.text)
                  80002d40    00000700     monmult.obj (.text)
                  80003440    000005a0     rts6740.lib : divd.obj (.text:__divd)
                  800039e0    00000580                 : _printfi.obj (.text:__getarg_diouxp)
                  80003f60    00000440                 : _printfi.obj (.text:__printfi)
                  800043a0    00000440                 : _printfi.obj (.text:__setfield)
                  800047e0    000003c0     packman_master.obj (.text)
                  80004ba0    000003a0     rts6740.lib : fputs.obj (.text:_fputs)
                  80004f40    000003a0     packman_slave.obj (.text)
                  800052e0    00000320     rts6740.lib : _printfi.obj (.text:__pproc_fge)
                  80005600    00000300     sts_slave.obj (.text)
                  80005900    00000300     tools.obj (.text)
                  80005c00    000002c0     rts6740.lib : _printfi.obj (.text:__pproc_fwp)
                  80005ec0    000002c0     sts_master.obj (.text)
                  80006180    000002a0     rts6740.lib : _printfi.obj (.text:_ecvt)
                  80006420    000002a0                 : _printfi.obj (.text:_fcvt)
                  800066c0    000002a0     signatures.obj (.text)
                  80006960    00000280     rts6740.lib : memory.obj (.text:_free)
                  80006be0    00000280     crypto_wrapper.obj (.text)
                  80006e60    00000260     rts6740.lib : imath64.obj (.text:__divull)
                  800070c0    00000260                 : _printfi.obj (.text:__pconv_e)
                  80007320    00000240                 : _printfi.obj (.text:__pproc_diouxp)
                  80007560    00000220                 : _printfi.obj (.text:__pproc_str)
                  80007780    00000220                 : fputc.obj (.text:_fputc)
                  800079a0    00000200                 : _printfi.obj (.text:__pconv_g)
                  80007ba0    00000200                 : setvbuf.obj (.text:_setvbuf)
                  80007da0    000001e0     monexp.obj (.text)
                  80007f80    000001c0     rts6740.lib : _printfi.obj (.text:__mcpy)
                  80008140    000001a0                 : imath40.obj (.text:__divul)
                  800082e0    00000180                 : trgdrv.obj (.text:_HOSTrename)
                  80008460    00000180                 : memory.obj (.text:_malloc)
                  800085e0    00000160     bbs.obj (.text)
                  80008740    00000140     rts6740.lib : _printfi.obj (.text:__pproc_fflags)
                  80008880    00000140                 : lowlev.obj (.text:_getdevice)
                  800089c0    00000120                 : fclose.obj (.text:__closefile)
                  80008ae0    00000120                 : _printfi.obj (.text:__ltostr)
                  80008c00    00000120                 : fseek.obj (.text:_fseek)
                  80008d20    00000100                 : trgdrv.obj (.text:_HOSTlseek)
                  80008e20    00000100                 : _io_perm.obj (.text:__wrt_ok)
                  80008f20    00000100                 : fprintf.obj (.text:_fprintf)
                  80009020    00000100     main.obj (.text)
                  80009120    000000e0     rts6740.lib : trgdrv.obj (.text:_HOSTopen)
                  80009200    000000e0                 : atoi.obj (.text:_atoi)
                  800092e0    000000e0                 : lowlev.obj (.text:_close)
                  800093c0    000000e0                 : fflush.obj (.text:_fflush)
                  800094a0    000000e0                 : memset.obj (.text:_memset)
                  80009580    000000e0                 : printf.obj (.text:_printf)
                  80009660    000000c0                 : trgdrv.obj (.text:_HOSTread)
                  80009720    000000c0                 : trgdrv.obj (.text:_HOSTunlink)
                  800097e0    000000c0                 : trgdrv.obj (.text:_HOSTwrite)
                  800098a0    000000c0                 : autoinit.obj (.text:__auto_init)
                  80009960    000000c0                 : _printfi.obj (.text:__div)
                  80009a20    000000c0                 : divu.obj (.text:__divu)
                  80009ae0    000000c0                 : fflush.obj (.text:__doflush)
                  80009ba0    000000c0                 : ltoa.obj (.text:_ltoa)
                  80009c60    000000a0                 : trgdrv.obj (.text:_HOSTclose)
                  80009d00    000000a0                 : fopen.obj (.text:__cleanup)
                  80009da0    000000a0                 : imath40.obj (.text:__divli)
                  80009e40    000000a0                 : _printfi.obj (.text:__ecpy)
                  80009ee0    000000a0                 : _printfi.obj (.text:__fcpy)
                  80009f80    000000a0                 : fixdli.obj (.text:__fixdli)
                  8000a020    000000a0                 : _printfi.obj (.text:__pconv_f)
                  8000a0c0    000000a0                 : remu.obj (.text:__remu)
                  8000a160    000000a0                 : cpy_tbl.obj (.text:_copy_in)
                  8000a200    000000a0                 : lowlev.obj (.text:_finddevice)
                  8000a2a0    000000a0                 : lowlev.obj (.text:_lseek)
                  8000a340    000000a0                 : memcpy64.obj (.text:_memcpy)
                  8000a3e0    000000a0                 : memory.obj (.text:_minsert)
                  8000a480    000000a0                 : memory.obj (.text:_mremove)
                  8000a520    000000a0                 : lowlev.obj (.text:_write)
                  8000a5c0    000000a0     exit.obj (.text)
                  8000a660    00000080     rts6740.lib : fltlid.obj (.text:__fltlid)
                  8000a6e0    00000080                 : llshift.obj (.text:__llshl)
                  8000a760    00000080                 : boot.obj (.text:_c_int00)
                  8000a7e0    00000080                 : trgmsg.obj (.text:_readmsg)
                  8000a860    00000080                 : lowlev.obj (.text:_unlink)
                  8000a8e0    00000060                 : cpp_init.obj (.text:___TI_cpp_init)
                  8000a940    00000060                 : assert.obj (.text:__abort_msg)
                  8000a9a0    00000060                 : imath64.obj (.text:__subcull)
                  8000aa00    00000060                 : memccpy.obj (.text:_memccpy)
                  8000aa60    00000060                 : memcmp.obj (.text:_memcmp)
                  8000aac0    00000060                 : trgmsg.obj (.text:_writemsg)
                  8000ab20    00000040                 : isinf.obj (.text:___isinf)
                  8000ab60    00000040                 : _printfi.obj (.text:___isnan)
                  8000aba0    00000040                 : args_main.obj (.text:__args_main)
                  8000abe0    00000040                 : frcmpyd_div.obj (.text:__frcmpyd_div)
                  8000ac20    00000040                 : llshift.obj (.text:__llshru)
                  8000ac60    00000040                 : imath40.obj (.text:__remli)
                  8000aca0    00000040                 : strasg.obj (.text:__strasgi_64plus)
                  8000ace0    00000040     sha2_wrapper.obj (.text)
                  8000ad20    00000020     rts6740.lib : negll.obj (.text:__negll)
                  8000ad40    00000020                 : _lock.obj (.text:__nop)
                  8000ad60    00000020                 : fprintf.obj (.text:__outc)
                  8000ad80    00000020                 : printf.obj (.text:__outc)
                  8000ada0    00000020                 : fprintf.obj (.text:__outs)
                  8000adc0    00000020                 : printf.obj (.text:__outs)
                  8000ade0    00000020                 : remove.obj (.text:_remove)

.data      0    80000000    00000000     UNINITIALIZED

.sysmem    0    8000ae00    00004000     UNINITIALIZED
                  8000ae00    00000008     rts6740.lib : memory.obj (.sysmem)
                  8000ae08    00003ff8     --HOLE--

.const     0    8000ee00    00002ff6     
                  8000ee00    00000400     aes.obj (.const:_Td0)
                  8000f200    00000400     aes.obj (.const:_Td1)
                  8000f600    00000400     aes.obj (.const:_Td2)
                  8000fa00    00000400     aes.obj (.const:_Td3)
                  8000fe00    00000400     aes.obj (.const:_Td4)
                  80010200    00000400     aes.obj (.const:_Te0)
                  80010600    00000400     aes.obj (.const:_Te1)
                  80010a00    00000400     aes.obj (.const:_Te2)
                  80010e00    00000400     aes.obj (.const:_Te3)
                  80011200    00000400     aes.obj (.const:_Te4)
                  80011600    0000027c     crypto_wrapper.obj (.const:.string)
                  8001187c    0000012c     sha2.obj (.const:.string)
                  800119a8    00000101     rts6740.lib : ctype.obj (.const:.string:__ctypes_)
                  80011aa9    00000003                 : assert.obj (.const:.string)
                  80011aac    00000002                 : fputs.obj (.const:.string)
                  80011aae    00000002     --HOLE-- [fill = 0]
                  80011ab0    00000100     sha2.obj (.const:_K256)
                  80011bb0    0000009c     monexp.obj (.const:.string:_$P$T0$1)
                  80011c4c    00000048     tools.obj (.const:.string)
                  80011c94    00000004     --HOLE-- [fill = 0]
                  80011c98    0000003c     main.obj (.const:_$P$T0$1)
                  80011cd4    00000034     main.obj (.const:.string)
                  80011d08    0000002c     packman_slave.obj (.const:.string)
                  80011d34    00000004     --HOLE-- [fill = 0]
                  80011d38    00000028     aes.obj (.const:_rcon)
                  80011d60    00000023     rts6740.lib : _printfi.obj (.const:.string)
                  80011d83    00000005     --HOLE-- [fill = 0]
                  80011d88    00000020     sha2.obj (.const:_sha256_initial_hash_value)
                  80011da8    00000014     packman_master.obj (.const:.string)
                  80011dbc    00000004     --HOLE-- [fill = 0]
                  80011dc0    00000013     signatures.obj (.const:.string:_sha256_prefix)
                  80011dd3    00000005     --HOLE-- [fill = 0]
                  80011dd8    00000009     monmult.obj (.const:.string:_$P$T0$1)
                  80011de1    00000007     --HOLE-- [fill = 0]
                  80011de8    00000006     packman_master.obj (.const:.string:_$P$T0$1)
                  80011dee    00000002     --HOLE-- [fill = 0]
                  80011df0    00000006     packman_slave.obj (.const:.string:_$P$T0$1)

.stack     0    80011df8    00002000     UNINITIALIZED
                  80011df8    00000008     rts6740.lib : boot.obj (.stack)
                  80011e00    00001ff8     --HOLE--

.far       0    80013df8    000018a8     UNINITIALIZED
                  80013df8    0000097c     sts_master.obj (.far)
                  80014774    00000004     rts6740.lib : fopen.obj (.far)
                  80014778    0000097c     sts_slave.obj (.far)
                  800150f4    00000004     --HOLE--
                  800150f8    00000324     rts6740.lib : defs.obj (.far)
                  8001541c    00000004     --HOLE--
                  80015420    0000011c                 : lowlev.obj (.far)
                  8001553c    00000004     --HOLE--
                  80015540    0000009c     packman_master.obj (.far)
                  800155dc    00000004     --HOLE--
                  800155e0    0000009c     packman_slave.obj (.far)
                  8001567c    0000000c     exit.obj (.far)
                  80015688    00000008     rts6740.lib : _lock.obj (.far)
                  80015690    00000008                 : memory.obj (.far)
                  80015698    00000008                 : trgdrv.obj (.far)

.cinit     0    800156a0    00001124     
                  800156a0    000007a4     sts_master.obj (.cinit)
                  80015e44    00000004     --HOLE-- [fill = 0]
                  80015e48    000007a4     sts_slave.obj (.cinit)
                  800165ec    00000004     --HOLE-- [fill = 0]
                  800165f0    0000005c     rts6740.lib : defs.obj (.cinit)
                  8001664c    00000004     --HOLE-- [fill = 0]
                  80016650    0000005c                 : lowlev.obj (.cinit)
                  800166ac    00000004     --HOLE-- [fill = 0]
                  800166b0    0000002c     exit.obj (.cinit)
                  800166dc    00000004     --HOLE-- [fill = 0]
                  800166e0    0000002c     rts6740.lib : memory.obj (.cinit)
                  8001670c    00000004     --HOLE-- [fill = 0]
                  80016710    0000001c     packman_master.obj (.cinit)
                  8001672c    00000004     --HOLE-- [fill = 0]
                  80016730    0000001c     packman_slave.obj (.cinit)
                  8001674c    00000004     --HOLE-- [fill = 0]
                  80016750    0000001c     rts6740.lib : _lock.obj (.cinit)
                  8001676c    00000004     --HOLE-- [fill = 0]
                  80016770    0000000c     bbs.obj (.cinit)
                  8001677c    00000004     --HOLE-- [fill = 0]
                  80016780    0000000c     rts6740.lib : fopen.obj (.cinit)
                  8001678c    00000004     --HOLE-- [fill = 0]
                  80016790    0000000c     sha2.obj (.cinit)
                  8001679c    00000004     --HOLE-- [fill = 0]
                  800167a0    0000000c     signatures.obj (.cinit)
                  800167ac    00000004     --HOLE-- [fill = 0]
                  800167b0    00000009     monmult.obj (.cinit)
                  800167b9    00000007     --HOLE-- [fill = 0]
                  800167c0    00000004     (.pad.cinit) [fill = 0]

.cio       0    800167c8    00000120     UNINITIALIZED
                  800167c8    00000120     rts6740.lib : trgmsg.obj (.cio)

.bss       0    800168e8    00000035     UNINITIALIZED
                  800168e8    0000000c     sts_master.obj (.bss)
                  800168f4    0000000c     sts_slave.obj (.bss)
                  80016900    00000008     crypto_wrapper.obj (.bss)
                  80016908    00000004     bbs.obj (.bss)
                  8001690c    00000004     packman_master.obj (.bss)
                  80016910    00000004     packman_slave.obj (.bss)
                  80016914    00000004     sha2.obj (.bss)
                  80016918    00000004     signatures.obj (.bss)
                  8001691c    00000001     monmult.obj (.bss)


GLOBAL SYMBOLS: SORTED ALPHABETICALLY BY Name 

address    name
--------   ----
800168e8   $bss
800168e8   .bss
80000000   .data
80000000   .text
8000a64c   C$$EXIT
8000ab18   C$$IO$$
800018c4   _AES_decrypt
800018a4   _AES_encrypt
80001884   _AES_set_decrypt_key
80001864   _AES_set_encrypt_key
800066c0   _EMSA_PKCS1_V1_5_ENCODE
80009c60   _HOSTclose
80008d20   _HOSTlseek
80009120   _HOSTopen
80009660   _HOSTread
800082e0   _HOSTrename
80009720   _HOSTunlink
800097e0   _HOSTwrite
8000687c   _RSASSA_PKCS1V1_5_VERIFY
800067b8   _RSASSA_PKCS1_V1_5_SIGN
80002408   _SHA256_Data
80002300   _SHA256_End
80001fe8   _SHA256_Final
80001900   _SHA256_Init
80001964   _SHA256_Transform
80001e2c   _SHA256_Update
800167c8   __CIOBUF_
80013df8   __STACK_END
00002000   __STACK_SIZE
00004000   __SYSMEM_SIZE
00000001   __TI_args_main
8000a8e0   ___TI_cpp_init
80015684   ___TI_enable_exit_profile_output
ffffffff   ___TI_pprof_out_hndl
ffffffff   ___TI_prof_data_size
ffffffff   ___TI_prof_data_start
ffffffff   ___binit__
800168e8   ___bss__
ffffffff   ___c_args__
800156a0   ___cinit__
80000000   ___data__
80000000   ___edata__
8001691d   ___end__
8000ae00   ___etext__
8000ab20   ___isinf
ffffffff   ___pinit__
80000000   ___text__
8000a940   __abort_msg
8000aba0   __args_main
800098a0   __auto_init
80009a20   __c6xabi_divu
8000a0c0   __c6xabi_remu
8000aca0   __c6xabi_strasgi_64plus
80009d00   __cleanup
8001567c   __cleanup_ptr
800089c0   __closefile
800119a8   __ctypes_
80003440   __divd
80009da0   __divli
80009a20   __divu
80008140   __divul
80006e60   __divull
80009ae0   __doflush
80015680   __dtors_ptr
80009f80   __fixdli
8000a660   __fltlid
8000abe0   __frcmpyd_div
80015418   __ft_end
800150f8   __ftable
8000a6e0   __llshl
8000ac20   __llshru
80015688   __lock
8000ad20   __negll
8000ad40   __nop
80003f60   __printfi
8000ac60   __remli
8000a0c0   __remu
80011df8   __stack
8000aca0   __strasgi_64plus
8000a9a0   __subcull
8000ae00   __sys_memory
800152d8   __tmpnams
8001568c   __unlock
80008e20   __wrt_ok
8000a64c   _abort
800011a8   _aes_decrypt
800006d4   _aes_encrypt
80000d90   _aes_set_decrypt_key
80000000   _aes_set_encrypt_key
80009200   _atoi
8000a760   _c_int00
800092e0   _close
8000ace0   _compute_SHA256
8000a160   _copy_in
80006d88   _decrypt_data
80006d64   _encrypt_data
8000a5c0   _exit
800093c0   _fflush
80006dd4   _finalize_connection
80008f20   _fprintf
80007780   _fputc
80004ba0   _fputs
80006960   _free
80008c00   _fseek
80008678   _generate_number
800168f0   _gx
800168ec   _gy
80005f50   _init_connection
80006be0   _initialize_connection
80005900   _int32_to_int8
8000a2a0   _lseek
80009ba0   _ltoa
80004970   _m_create_packet
80004ae4   _m_validate_packet
80009020   _main
80008460   _malloc
8000aa00   _memccpy
8000aa60   _memcmp
8000a340   _memcpy
800094a0   _memset
80002d40   _mod_inverse
80007da0   _montgomery_exponentiation
80002e68   _montgomery_multiplication
80016908   _n
8001691c   _nprime_0
80002cf0   _ocb_decrypt
80002cb4   _ocb_encrypt
80005948   _print_packet
80009580   _printf
80007780   _putc
800085e0   _random_byte
8000a7e0   _readmsg
8000ade0   _remove
80005690   _reply_master
800060e8   _reply_slave
800050d8   _s_create_packet
800051a8   _s_validate_packet
80002e38   _setup_monmult
80007ba0   _setvbuf
80011dc0   _sha256_prefix
80016918   _sha256_prefix_size
8000a860   _unlink
80005804   _validate_master
80005fe4   _validate_slave
8000a520   _write
8000aac0   _writemsg
ffffffff   binit
800156a0   cinit
80000000   edata
8001691d   end
8000ae00   etext
ffffffff   pinit


GLOBAL SYMBOLS: SORTED BY Symbol Address 

address    name
--------   ----
00000001   __TI_args_main
00002000   __STACK_SIZE
00004000   __SYSMEM_SIZE
80000000   .data
80000000   .text
80000000   ___data__
80000000   ___edata__
80000000   ___text__
80000000   _aes_set_encrypt_key
80000000   edata
800006d4   _aes_encrypt
80000d90   _aes_set_decrypt_key
800011a8   _aes_decrypt
80001864   _AES_set_encrypt_key
80001884   _AES_set_decrypt_key
800018a4   _AES_encrypt
800018c4   _AES_decrypt
80001900   _SHA256_Init
80001964   _SHA256_Transform
80001e2c   _SHA256_Update
80001fe8   _SHA256_Final
80002300   _SHA256_End
80002408   _SHA256_Data
80002cb4   _ocb_encrypt
80002cf0   _ocb_decrypt
80002d40   _mod_inverse
80002e38   _setup_monmult
80002e68   _montgomery_multiplication
80003440   __divd
80003f60   __printfi
80004970   _m_create_packet
80004ae4   _m_validate_packet
80004ba0   _fputs
800050d8   _s_create_packet
800051a8   _s_validate_packet
80005690   _reply_master
80005804   _validate_master
80005900   _int32_to_int8
80005948   _print_packet
80005f50   _init_connection
80005fe4   _validate_slave
800060e8   _reply_slave
800066c0   _EMSA_PKCS1_V1_5_ENCODE
800067b8   _RSASSA_PKCS1_V1_5_SIGN
8000687c   _RSASSA_PKCS1V1_5_VERIFY
80006960   _free
80006be0   _initialize_connection
80006d64   _encrypt_data
80006d88   _decrypt_data
80006dd4   _finalize_connection
80006e60   __divull
80007780   _fputc
80007780   _putc
80007ba0   _setvbuf
80007da0   _montgomery_exponentiation
80008140   __divul
800082e0   _HOSTrename
80008460   _malloc
800085e0   _random_byte
80008678   _generate_number
800089c0   __closefile
80008c00   _fseek
80008d20   _HOSTlseek
80008e20   __wrt_ok
80008f20   _fprintf
80009020   _main
80009120   _HOSTopen
80009200   _atoi
800092e0   _close
800093c0   _fflush
800094a0   _memset
80009580   _printf
80009660   _HOSTread
80009720   _HOSTunlink
800097e0   _HOSTwrite
800098a0   __auto_init
80009a20   __c6xabi_divu
80009a20   __divu
80009ae0   __doflush
80009ba0   _ltoa
80009c60   _HOSTclose
80009d00   __cleanup
80009da0   __divli
80009f80   __fixdli
8000a0c0   __c6xabi_remu
8000a0c0   __remu
8000a160   _copy_in
8000a2a0   _lseek
8000a340   _memcpy
8000a520   _write
8000a5c0   _exit
8000a64c   C$$EXIT
8000a64c   _abort
8000a660   __fltlid
8000a6e0   __llshl
8000a760   _c_int00
8000a7e0   _readmsg
8000a860   _unlink
8000a8e0   ___TI_cpp_init
8000a940   __abort_msg
8000a9a0   __subcull
8000aa00   _memccpy
8000aa60   _memcmp
8000aac0   _writemsg
8000ab18   C$$IO$$
8000ab20   ___isinf
8000aba0   __args_main
8000abe0   __frcmpyd_div
8000ac20   __llshru
8000ac60   __remli
8000aca0   __c6xabi_strasgi_64plus
8000aca0   __strasgi_64plus
8000ace0   _compute_SHA256
8000ad20   __negll
8000ad40   __nop
8000ade0   _remove
8000ae00   ___etext__
8000ae00   __sys_memory
8000ae00   etext
800119a8   __ctypes_
80011dc0   _sha256_prefix
80011df8   __stack
80013df8   __STACK_END
800150f8   __ftable
800152d8   __tmpnams
80015418   __ft_end
8001567c   __cleanup_ptr
80015680   __dtors_ptr
80015684   ___TI_enable_exit_profile_output
80015688   __lock
8001568c   __unlock
800156a0   ___cinit__
800156a0   cinit
800167c8   __CIOBUF_
800168e8   $bss
800168e8   .bss
800168e8   ___bss__
800168ec   _gy
800168f0   _gx
80016908   _n
80016918   _sha256_prefix_size
8001691c   _nprime_0
8001691d   ___end__
8001691d   end
ffffffff   ___TI_pprof_out_hndl
ffffffff   ___TI_prof_data_size
ffffffff   ___TI_prof_data_start
ffffffff   ___binit__
ffffffff   ___c_args__
ffffffff   ___pinit__
ffffffff   binit
ffffffff   pinit

[152 symbols]
