<?xml version="1.0"?>
<link_info>
   <banner>TMS320C6x Linker PC v7.4.4</banner>
   <copyright>Copyright (c) 1996-2013 Texas Instruments Incorporated</copyright>
   <link_time>0x5724e0e7</link_time>
   <output_file>DSP.out</output_file>
   <entry_point>
      <name>_c_int00</name>
      <address>0x8000a760</address>
   </entry_point>
   <input_file_list>
      <input_file id="fl-2">
         <path>.\asymmetric\</path>
         <kind>object</kind>
         <file>signatures.obj</file>
         <name>signatures.obj</name>
      </input_file>
      <input_file id="fl-3">
         <path>.\asymmetric\</path>
         <kind>object</kind>
         <file>monmult.obj</file>
         <name>monmult.obj</name>
      </input_file>
      <input_file id="fl-4">
         <path>.\asymmetric\</path>
         <kind>object</kind>
         <file>monexp.obj</file>
         <name>monexp.obj</name>
      </input_file>
      <input_file id="fl-5">
         <path>.\bbs\</path>
         <kind>object</kind>
         <file>bbs.obj</file>
         <name>bbs.obj</name>
      </input_file>
      <input_file id="fl-6">
         <path>.\ciphers\sha2\</path>
         <kind>object</kind>
         <file>sha2_wrapper.obj</file>
         <name>sha2_wrapper.obj</name>
      </input_file>
      <input_file id="fl-7">
         <path>.\ciphers\sha2\</path>
         <kind>object</kind>
         <file>sha2.obj</file>
         <name>sha2.obj</name>
      </input_file>
      <input_file id="fl-8">
         <path>.\ocb\</path>
         <kind>object</kind>
         <file>ocb.obj</file>
         <name>ocb.obj</name>
      </input_file>
      <input_file id="fl-9">
         <path>.\ocb\</path>
         <kind>object</kind>
         <file>aes.obj</file>
         <name>aes.obj</name>
      </input_file>
      <input_file id="fl-a">
         <path>.\packman\</path>
         <kind>object</kind>
         <file>packman_slave.obj</file>
         <name>packman_slave.obj</name>
      </input_file>
      <input_file id="fl-b">
         <path>.\packman\</path>
         <kind>object</kind>
         <file>packman_master.obj</file>
         <name>packman_master.obj</name>
      </input_file>
      <input_file id="fl-c">
         <path>.\sts\</path>
         <kind>object</kind>
         <file>sts_slave.obj</file>
         <name>sts_slave.obj</name>
      </input_file>
      <input_file id="fl-d">
         <path>.\sts\</path>
         <kind>object</kind>
         <file>sts_master.obj</file>
         <name>sts_master.obj</name>
      </input_file>
      <input_file id="fl-e">
         <path>.\sts\</path>
         <kind>object</kind>
         <file>slave_keys.obj</file>
         <name>slave_keys.obj</name>
      </input_file>
      <input_file id="fl-f">
         <path>.\sts\</path>
         <kind>object</kind>
         <file>master_keys.obj</file>
         <name>master_keys.obj</name>
      </input_file>
      <input_file id="fl-10">
         <path>.\sts\</path>
         <kind>object</kind>
         <file>dh.obj</file>
         <name>dh.obj</name>
      </input_file>
      <input_file id="fl-11">
         <path>.\tools\</path>
         <kind>object</kind>
         <file>tools.obj</file>
         <name>tools.obj</name>
      </input_file>
      <input_file id="fl-12">
         <path>.\</path>
         <kind>object</kind>
         <file>main.obj</file>
         <name>main.obj</name>
      </input_file>
      <input_file id="fl-13">
         <path>.\</path>
         <kind>object</kind>
         <file>exit.obj</file>
         <name>exit.obj</name>
      </input_file>
      <input_file id="fl-14">
         <path>.\</path>
         <kind>object</kind>
         <file>crypto_wrapper.obj</file>
         <name>crypto_wrapper.obj</name>
      </input_file>
      <input_file id="fl-8f">
         <path>C:\ti\ccsv5\tools\compiler\c6000_7.4.4\lib\</path>
         <kind>archive</kind>
         <file>rts6740.lib</file>
         <name>assert.obj</name>
      </input_file>
      <input_file id="fl-90">
         <path>C:\ti\ccsv5\tools\compiler\c6000_7.4.4\lib\</path>
         <kind>archive</kind>
         <file>rts6740.lib</file>
         <name>boot.obj</name>
      </input_file>
      <input_file id="fl-91">
         <path>C:\ti\ccsv5\tools\compiler\c6000_7.4.4\lib\</path>
         <kind>archive</kind>
         <file>rts6740.lib</file>
         <name>defs.obj</name>
      </input_file>
      <input_file id="fl-92">
         <path>C:\ti\ccsv5\tools\compiler\c6000_7.4.4\lib\</path>
         <kind>archive</kind>
         <file>rts6740.lib</file>
         <name>fflush.obj</name>
      </input_file>
      <input_file id="fl-93">
         <path>C:\ti\ccsv5\tools\compiler\c6000_7.4.4\lib\</path>
         <kind>archive</kind>
         <file>rts6740.lib</file>
         <name>fprintf.obj</name>
      </input_file>
      <input_file id="fl-94">
         <path>C:\ti\ccsv5\tools\compiler\c6000_7.4.4\lib\</path>
         <kind>archive</kind>
         <file>rts6740.lib</file>
         <name>fputc.obj</name>
      </input_file>
      <input_file id="fl-95">
         <path>C:\ti\ccsv5\tools\compiler\c6000_7.4.4\lib\</path>
         <kind>archive</kind>
         <file>rts6740.lib</file>
         <name>fputs.obj</name>
      </input_file>
      <input_file id="fl-96">
         <path>C:\ti\ccsv5\tools\compiler\c6000_7.4.4\lib\</path>
         <kind>archive</kind>
         <file>rts6740.lib</file>
         <name>lowlev.obj</name>
      </input_file>
      <input_file id="fl-97">
         <path>C:\ti\ccsv5\tools\compiler\c6000_7.4.4\lib\</path>
         <kind>archive</kind>
         <file>rts6740.lib</file>
         <name>memcmp.obj</name>
      </input_file>
      <input_file id="fl-98">
         <path>C:\ti\ccsv5\tools\compiler\c6000_7.4.4\lib\</path>
         <kind>archive</kind>
         <file>rts6740.lib</file>
         <name>memcpy64.obj</name>
      </input_file>
      <input_file id="fl-99">
         <path>C:\ti\ccsv5\tools\compiler\c6000_7.4.4\lib\</path>
         <kind>archive</kind>
         <file>rts6740.lib</file>
         <name>memset.obj</name>
      </input_file>
      <input_file id="fl-9a">
         <path>C:\ti\ccsv5\tools\compiler\c6000_7.4.4\lib\</path>
         <kind>archive</kind>
         <file>rts6740.lib</file>
         <name>printf.obj</name>
      </input_file>
      <input_file id="fl-9b">
         <path>C:\ti\ccsv5\tools\compiler\c6000_7.4.4\lib\</path>
         <kind>archive</kind>
         <file>rts6740.lib</file>
         <name>remu.obj</name>
      </input_file>
      <input_file id="fl-9c">
         <path>C:\ti\ccsv5\tools\compiler\c6000_7.4.4\lib\</path>
         <kind>archive</kind>
         <file>rts6740.lib</file>
         <name>strasg.obj</name>
      </input_file>
      <input_file id="fl-9d">
         <path>C:\ti\ccsv5\tools\compiler\c6000_7.4.4\lib\</path>
         <kind>archive</kind>
         <file>rts6740.lib</file>
         <name>trgdrv.obj</name>
      </input_file>
      <input_file id="fl-9e">
         <path>C:\ti\ccsv5\tools\compiler\c6000_7.4.4\lib\</path>
         <kind>archive</kind>
         <file>rts6740.lib</file>
         <name>trgmsg.obj</name>
      </input_file>
      <input_file id="fl-9f">
         <path>C:\ti\ccsv5\tools\compiler\c6000_7.4.4\lib\</path>
         <kind>archive</kind>
         <file>rts6740.lib</file>
         <name>_io_perm.obj</name>
      </input_file>
      <input_file id="fl-a0">
         <path>C:\ti\ccsv5\tools\compiler\c6000_7.4.4\lib\</path>
         <kind>archive</kind>
         <file>rts6740.lib</file>
         <name>_lock.obj</name>
      </input_file>
      <input_file id="fl-a1">
         <path>C:\ti\ccsv5\tools\compiler\c6000_7.4.4\lib\</path>
         <kind>archive</kind>
         <file>rts6740.lib</file>
         <name>_printfi.obj</name>
      </input_file>
      <input_file id="fl-a2">
         <path>C:\ti\ccsv5\tools\compiler\c6000_7.4.4\lib\</path>
         <kind>archive</kind>
         <file>rts6740.lib</file>
         <name>args_main.obj</name>
      </input_file>
      <input_file id="fl-a3">
         <path>C:\ti\ccsv5\tools\compiler\c6000_7.4.4\lib\</path>
         <kind>archive</kind>
         <file>rts6740.lib</file>
         <name>atoi.obj</name>
      </input_file>
      <input_file id="fl-a4">
         <path>C:\ti\ccsv5\tools\compiler\c6000_7.4.4\lib\</path>
         <kind>archive</kind>
         <file>rts6740.lib</file>
         <name>autoinit.obj</name>
      </input_file>
      <input_file id="fl-a5">
         <path>C:\ti\ccsv5\tools\compiler\c6000_7.4.4\lib\</path>
         <kind>archive</kind>
         <file>rts6740.lib</file>
         <name>cpp_init.obj</name>
      </input_file>
      <input_file id="fl-a6">
         <path>C:\ti\ccsv5\tools\compiler\c6000_7.4.4\lib\</path>
         <kind>archive</kind>
         <file>rts6740.lib</file>
         <name>cpy_tbl.obj</name>
      </input_file>
      <input_file id="fl-a7">
         <path>C:\ti\ccsv5\tools\compiler\c6000_7.4.4\lib\</path>
         <kind>archive</kind>
         <file>rts6740.lib</file>
         <name>ctype.obj</name>
      </input_file>
      <input_file id="fl-a8">
         <path>C:\ti\ccsv5\tools\compiler\c6000_7.4.4\lib\</path>
         <kind>archive</kind>
         <file>rts6740.lib</file>
         <name>divd.obj</name>
      </input_file>
      <input_file id="fl-a9">
         <path>C:\ti\ccsv5\tools\compiler\c6000_7.4.4\lib\</path>
         <kind>archive</kind>
         <file>rts6740.lib</file>
         <name>divu.obj</name>
      </input_file>
      <input_file id="fl-aa">
         <path>C:\ti\ccsv5\tools\compiler\c6000_7.4.4\lib\</path>
         <kind>archive</kind>
         <file>rts6740.lib</file>
         <name>fixdli.obj</name>
      </input_file>
      <input_file id="fl-ab">
         <path>C:\ti\ccsv5\tools\compiler\c6000_7.4.4\lib\</path>
         <kind>archive</kind>
         <file>rts6740.lib</file>
         <name>fltlid.obj</name>
      </input_file>
      <input_file id="fl-ac">
         <path>C:\ti\ccsv5\tools\compiler\c6000_7.4.4\lib\</path>
         <kind>archive</kind>
         <file>rts6740.lib</file>
         <name>frcmpyd_div.obj</name>
      </input_file>
      <input_file id="fl-ad">
         <path>C:\ti\ccsv5\tools\compiler\c6000_7.4.4\lib\</path>
         <kind>archive</kind>
         <file>rts6740.lib</file>
         <name>fseek.obj</name>
      </input_file>
      <input_file id="fl-ae">
         <path>C:\ti\ccsv5\tools\compiler\c6000_7.4.4\lib\</path>
         <kind>archive</kind>
         <file>rts6740.lib</file>
         <name>imath40.obj</name>
      </input_file>
      <input_file id="fl-af">
         <path>C:\ti\ccsv5\tools\compiler\c6000_7.4.4\lib\</path>
         <kind>archive</kind>
         <file>rts6740.lib</file>
         <name>imath64.obj</name>
      </input_file>
      <input_file id="fl-b0">
         <path>C:\ti\ccsv5\tools\compiler\c6000_7.4.4\lib\</path>
         <kind>archive</kind>
         <file>rts6740.lib</file>
         <name>isinf.obj</name>
      </input_file>
      <input_file id="fl-b1">
         <path>C:\ti\ccsv5\tools\compiler\c6000_7.4.4\lib\</path>
         <kind>archive</kind>
         <file>rts6740.lib</file>
         <name>llshift.obj</name>
      </input_file>
      <input_file id="fl-b2">
         <path>C:\ti\ccsv5\tools\compiler\c6000_7.4.4\lib\</path>
         <kind>archive</kind>
         <file>rts6740.lib</file>
         <name>ltoa.obj</name>
      </input_file>
      <input_file id="fl-b3">
         <path>C:\ti\ccsv5\tools\compiler\c6000_7.4.4\lib\</path>
         <kind>archive</kind>
         <file>rts6740.lib</file>
         <name>memccpy.obj</name>
      </input_file>
      <input_file id="fl-b4">
         <path>C:\ti\ccsv5\tools\compiler\c6000_7.4.4\lib\</path>
         <kind>archive</kind>
         <file>rts6740.lib</file>
         <name>negll.obj</name>
      </input_file>
      <input_file id="fl-b5">
         <path>C:\ti\ccsv5\tools\compiler\c6000_7.4.4\lib\</path>
         <kind>archive</kind>
         <file>rts6740.lib</file>
         <name>setvbuf.obj</name>
      </input_file>
      <input_file id="fl-b6">
         <path>C:\ti\ccsv5\tools\compiler\c6000_7.4.4\lib\</path>
         <kind>archive</kind>
         <file>rts6740.lib</file>
         <name>abs.obj</name>
      </input_file>
      <input_file id="fl-b7">
         <path>C:\ti\ccsv5\tools\compiler\c6000_7.4.4\lib\</path>
         <kind>archive</kind>
         <file>rts6740.lib</file>
         <name>fopen.obj</name>
      </input_file>
      <input_file id="fl-b8">
         <path>C:\ti\ccsv5\tools\compiler\c6000_7.4.4\lib\</path>
         <kind>archive</kind>
         <file>rts6740.lib</file>
         <name>memory.obj</name>
      </input_file>
      <input_file id="fl-b9">
         <path>C:\ti\ccsv5\tools\compiler\c6000_7.4.4\lib\</path>
         <kind>archive</kind>
         <file>rts6740.lib</file>
         <name>fclose.obj</name>
      </input_file>
      <input_file id="fl-ba">
         <path>C:\ti\ccsv5\tools\compiler\c6000_7.4.4\lib\</path>
         <kind>archive</kind>
         <file>rts6740.lib</file>
         <name>remove.obj</name>
      </input_file>
   </input_file_list>
   <object_component_list>
      <object_component id="oc-138">
         <name>.text</name>
         <load_address>0x80000000</load_address>
         <run_address>0x80000000</run_address>
         <size>0x1900</size>
         <input_file_ref idref="fl-9"/>
      </object_component>
      <object_component id="oc-137">
         <name>.text</name>
         <load_address>0x80001900</load_address>
         <run_address>0x80001900</run_address>
         <size>0xb40</size>
         <input_file_ref idref="fl-7"/>
      </object_component>
      <object_component id="oc-12d">
         <name>.text</name>
         <load_address>0x80002440</load_address>
         <run_address>0x80002440</run_address>
         <size>0x900</size>
         <input_file_ref idref="fl-8"/>
      </object_component>
      <object_component id="oc-13a">
         <name>.text</name>
         <load_address>0x80002d40</load_address>
         <run_address>0x80002d40</run_address>
         <size>0x700</size>
         <input_file_ref idref="fl-3"/>
      </object_component>
      <object_component id="oc-16c">
         <name>.text:__divd</name>
         <load_address>0x80003440</load_address>
         <run_address>0x80003440</run_address>
         <size>0x5a0</size>
         <input_file_ref idref="fl-a8"/>
      </object_component>
      <object_component id="oc-15e">
         <name>.text:__getarg_diouxp</name>
         <load_address>0x800039e0</load_address>
         <run_address>0x800039e0</run_address>
         <size>0x580</size>
         <input_file_ref idref="fl-a1"/>
      </object_component>
      <object_component id="oc-128">
         <name>.text:__printfi</name>
         <load_address>0x80003f60</load_address>
         <run_address>0x80003f60</run_address>
         <size>0x440</size>
         <input_file_ref idref="fl-a1"/>
      </object_component>
      <object_component id="oc-134">
         <name>.text:__setfield</name>
         <load_address>0x800043a0</load_address>
         <run_address>0x800043a0</run_address>
         <size>0x440</size>
         <input_file_ref idref="fl-a1"/>
      </object_component>
      <object_component id="oc-124">
         <name>.text</name>
         <load_address>0x800047e0</load_address>
         <run_address>0x800047e0</run_address>
         <size>0x3c0</size>
         <input_file_ref idref="fl-b"/>
      </object_component>
      <object_component id="oc-131">
         <name>.text:_fputs</name>
         <load_address>0x80004ba0</load_address>
         <run_address>0x80004ba0</run_address>
         <size>0x3a0</size>
         <input_file_ref idref="fl-95"/>
      </object_component>
      <object_component id="oc-125">
         <name>.text</name>
         <load_address>0x80004f40</load_address>
         <run_address>0x80004f40</run_address>
         <size>0x3a0</size>
         <input_file_ref idref="fl-a"/>
      </object_component>
      <object_component id="oc-141">
         <name>.text:__pproc_fge</name>
         <load_address>0x800052e0</load_address>
         <run_address>0x800052e0</run_address>
         <size>0x320</size>
         <input_file_ref idref="fl-a1"/>
      </object_component>
      <object_component id="oc-130">
         <name>.text</name>
         <load_address>0x80005600</load_address>
         <run_address>0x80005600</run_address>
         <size>0x300</size>
         <input_file_ref idref="fl-c"/>
      </object_component>
      <object_component id="oc-126">
         <name>.text</name>
         <load_address>0x80005900</load_address>
         <run_address>0x80005900</run_address>
         <size>0x300</size>
         <input_file_ref idref="fl-11"/>
      </object_component>
      <object_component id="oc-133">
         <name>.text:__pproc_fwp</name>
         <load_address>0x80005c00</load_address>
         <run_address>0x80005c00</run_address>
         <size>0x2c0</size>
         <input_file_ref idref="fl-a1"/>
      </object_component>
      <object_component id="oc-12e">
         <name>.text</name>
         <load_address>0x80005ec0</load_address>
         <run_address>0x80005ec0</run_address>
         <size>0x2c0</size>
         <input_file_ref idref="fl-d"/>
      </object_component>
      <object_component id="oc-167">
         <name>.text:_ecvt</name>
         <load_address>0x80006180</load_address>
         <run_address>0x80006180</run_address>
         <size>0x2a0</size>
         <input_file_ref idref="fl-a1"/>
      </object_component>
      <object_component id="oc-16a">
         <name>.text:_fcvt</name>
         <load_address>0x80006420</load_address>
         <run_address>0x80006420</run_address>
         <size>0x2a0</size>
         <input_file_ref idref="fl-a1"/>
      </object_component>
      <object_component id="oc-13c">
         <name>.text</name>
         <load_address>0x800066c0</load_address>
         <run_address>0x800066c0</run_address>
         <size>0x2a0</size>
         <input_file_ref idref="fl-2"/>
      </object_component>
      <object_component id="oc-164">
         <name>.text:_free</name>
         <load_address>0x80006960</load_address>
         <run_address>0x80006960</run_address>
         <size>0x280</size>
         <input_file_ref idref="fl-b8"/>
      </object_component>
      <object_component id="oc-11f">
         <name>.text</name>
         <load_address>0x80006be0</load_address>
         <run_address>0x80006be0</run_address>
         <size>0x280</size>
         <input_file_ref idref="fl-14"/>
      </object_component>
      <object_component id="oc-17a">
         <name>.text:__divull</name>
         <load_address>0x80006e60</load_address>
         <run_address>0x80006e60</run_address>
         <size>0x260</size>
         <input_file_ref idref="fl-af"/>
      </object_component>
      <object_component id="oc-15d">
         <name>.text:__pconv_e</name>
         <load_address>0x800070c0</load_address>
         <run_address>0x800070c0</run_address>
         <size>0x260</size>
         <input_file_ref idref="fl-a1"/>
      </object_component>
      <object_component id="oc-142">
         <name>.text:__pproc_diouxp</name>
         <load_address>0x80007320</load_address>
         <run_address>0x80007320</run_address>
         <size>0x240</size>
         <input_file_ref idref="fl-a1"/>
      </object_component>
      <object_component id="oc-135">
         <name>.text:__pproc_str</name>
         <load_address>0x80007560</load_address>
         <run_address>0x80007560</run_address>
         <size>0x220</size>
         <input_file_ref idref="fl-a1"/>
      </object_component>
      <object_component id="oc-136">
         <name>.text:_fputc</name>
         <load_address>0x80007780</load_address>
         <run_address>0x80007780</run_address>
         <size>0x220</size>
         <input_file_ref idref="fl-94"/>
      </object_component>
      <object_component id="oc-15b">
         <name>.text:__pconv_g</name>
         <load_address>0x800079a0</load_address>
         <run_address>0x800079a0</run_address>
         <size>0x200</size>
         <input_file_ref idref="fl-a1"/>
      </object_component>
      <object_component id="oc-157">
         <name>.text:_setvbuf</name>
         <load_address>0x80007ba0</load_address>
         <run_address>0x80007ba0</run_address>
         <size>0x200</size>
         <input_file_ref idref="fl-b5"/>
      </object_component>
      <object_component id="oc-13b">
         <name>.text</name>
         <load_address>0x80007da0</load_address>
         <run_address>0x80007da0</run_address>
         <size>0x1e0</size>
         <input_file_ref idref="fl-4"/>
      </object_component>
      <object_component id="oc-169">
         <name>.text:__mcpy</name>
         <load_address>0x80007f80</load_address>
         <run_address>0x80007f80</run_address>
         <size>0x1c0</size>
         <input_file_ref idref="fl-a1"/>
      </object_component>
      <object_component id="oc-179">
         <name>.text:__divul</name>
         <load_address>0x80008140</load_address>
         <run_address>0x80008140</run_address>
         <size>0x1a0</size>
         <input_file_ref idref="fl-ae"/>
      </object_component>
      <object_component id="oc-117">
         <name>.text:_HOSTrename</name>
         <load_address>0x800082e0</load_address>
         <run_address>0x800082e0</run_address>
         <size>0x180</size>
         <input_file_ref idref="fl-9d"/>
      </object_component>
      <object_component id="oc-165">
         <name>.text:_malloc</name>
         <load_address>0x80008460</load_address>
         <run_address>0x80008460</run_address>
         <size>0x180</size>
         <input_file_ref idref="fl-b8"/>
      </object_component>
      <object_component id="oc-139">
         <name>.text</name>
         <load_address>0x800085e0</load_address>
         <run_address>0x800085e0</run_address>
         <size>0x160</size>
         <input_file_ref idref="fl-5"/>
      </object_component>
      <object_component id="oc-132">
         <name>.text:__pproc_fflags</name>
         <load_address>0x80008740</load_address>
         <run_address>0x80008740</run_address>
         <size>0x140</size>
         <input_file_ref idref="fl-a1"/>
      </object_component>
      <object_component id="oc-182">
         <name>.text:_getdevice</name>
         <load_address>0x80008880</load_address>
         <run_address>0x80008880</run_address>
         <size>0x140</size>
         <input_file_ref idref="fl-96"/>
      </object_component>
      <object_component id="oc-172">
         <name>.text:__closefile</name>
         <load_address>0x800089c0</load_address>
         <run_address>0x800089c0</run_address>
         <size>0x120</size>
         <input_file_ref idref="fl-b9"/>
      </object_component>
      <object_component id="oc-160">
         <name>.text:__ltostr</name>
         <load_address>0x80008ae0</load_address>
         <run_address>0x80008ae0</run_address>
         <size>0x120</size>
         <input_file_ref idref="fl-a1"/>
      </object_component>
      <object_component id="oc-156">
         <name>.text:_fseek</name>
         <load_address>0x80008c00</load_address>
         <run_address>0x80008c00</run_address>
         <size>0x120</size>
         <input_file_ref idref="fl-ad"/>
      </object_component>
      <object_component id="oc-115">
         <name>.text:_HOSTlseek</name>
         <load_address>0x80008d20</load_address>
         <run_address>0x80008d20</run_address>
         <size>0x100</size>
         <input_file_ref idref="fl-9d"/>
      </object_component>
      <object_component id="oc-13d">
         <name>.text:__wrt_ok</name>
         <load_address>0x80008e20</load_address>
         <run_address>0x80008e20</run_address>
         <size>0x100</size>
         <input_file_ref idref="fl-9f"/>
      </object_component>
      <object_component id="oc-161">
         <name>.text:_fprintf</name>
         <load_address>0x80008f20</load_address>
         <run_address>0x80008f20</run_address>
         <size>0x100</size>
         <input_file_ref idref="fl-93"/>
      </object_component>
      <object_component id="oc-11c">
         <name>.text</name>
         <load_address>0x80009020</load_address>
         <run_address>0x80009020</run_address>
         <size>0x100</size>
         <input_file_ref idref="fl-12"/>
      </object_component>
      <object_component id="oc-111">
         <name>.text:_HOSTopen</name>
         <load_address>0x80009120</load_address>
         <run_address>0x80009120</run_address>
         <size>0xe0</size>
         <input_file_ref idref="fl-9d"/>
      </object_component>
      <object_component id="oc-140">
         <name>.text:_atoi</name>
         <load_address>0x80009200</load_address>
         <run_address>0x80009200</run_address>
         <size>0xe0</size>
         <input_file_ref idref="fl-a3"/>
      </object_component>
      <object_component id="oc-17b">
         <name>.text:_close</name>
         <load_address>0x800092e0</load_address>
         <run_address>0x800092e0</run_address>
         <size>0xe0</size>
         <input_file_ref idref="fl-96"/>
      </object_component>
      <object_component id="oc-162">
         <name>.text:_fflush</name>
         <load_address>0x800093c0</load_address>
         <run_address>0x800093c0</run_address>
         <size>0xe0</size>
         <input_file_ref idref="fl-92"/>
      </object_component>
      <object_component id="oc-12b">
         <name>.text:_memset</name>
         <load_address>0x800094a0</load_address>
         <run_address>0x800094a0</run_address>
         <size>0xe0</size>
         <input_file_ref idref="fl-99"/>
      </object_component>
      <object_component id="oc-122">
         <name>.text:_printf</name>
         <load_address>0x80009580</load_address>
         <run_address>0x80009580</run_address>
         <size>0xe0</size>
         <input_file_ref idref="fl-9a"/>
      </object_component>
      <object_component id="oc-113">
         <name>.text:_HOSTread</name>
         <load_address>0x80009660</load_address>
         <run_address>0x80009660</run_address>
         <size>0xc0</size>
         <input_file_ref idref="fl-9d"/>
      </object_component>
      <object_component id="oc-116">
         <name>.text:_HOSTunlink</name>
         <load_address>0x80009720</load_address>
         <run_address>0x80009720</run_address>
         <size>0xc0</size>
         <input_file_ref idref="fl-9d"/>
      </object_component>
      <object_component id="oc-114">
         <name>.text:_HOSTwrite</name>
         <load_address>0x800097e0</load_address>
         <run_address>0x800097e0</run_address>
         <size>0xc0</size>
         <input_file_ref idref="fl-9d"/>
      </object_component>
      <object_component id="oc-10e">
         <name>.text:__auto_init</name>
         <load_address>0x800098a0</load_address>
         <run_address>0x800098a0</run_address>
         <size>0xc0</size>
         <input_file_ref idref="fl-a4"/>
      </object_component>
      <object_component id="oc-16d">
         <name>.text:__div</name>
         <load_address>0x80009960</load_address>
         <run_address>0x80009960</run_address>
         <size>0xc0</size>
         <input_file_ref idref="fl-a1"/>
      </object_component>
      <object_component id="oc-178">
         <name>.text:__divu</name>
         <load_address>0x80009a20</load_address>
         <run_address>0x80009a20</run_address>
         <size>0xc0</size>
         <input_file_ref idref="fl-a9"/>
      </object_component>
      <object_component id="oc-13e">
         <name>.text:__doflush</name>
         <load_address>0x80009ae0</load_address>
         <run_address>0x80009ae0</run_address>
         <size>0xc0</size>
         <input_file_ref idref="fl-92"/>
      </object_component>
      <object_component id="oc-174">
         <name>.text:_ltoa</name>
         <load_address>0x80009ba0</load_address>
         <run_address>0x80009ba0</run_address>
         <size>0xc0</size>
         <input_file_ref idref="fl-b2"/>
      </object_component>
      <object_component id="oc-112">
         <name>.text:_HOSTclose</name>
         <load_address>0x80009c60</load_address>
         <run_address>0x80009c60</run_address>
         <size>0xa0</size>
         <input_file_ref idref="fl-9d"/>
      </object_component>
      <object_component id="oc-166">
         <name>.text:__cleanup</name>
         <load_address>0x80009d00</load_address>
         <run_address>0x80009d00</run_address>
         <size>0xa0</size>
         <input_file_ref idref="fl-b7"/>
      </object_component>
      <object_component id="oc-17e">
         <name>.text:__divli</name>
         <load_address>0x80009da0</load_address>
         <run_address>0x80009da0</run_address>
         <size>0xa0</size>
         <input_file_ref idref="fl-ae"/>
      </object_component>
      <object_component id="oc-168">
         <name>.text:__ecpy</name>
         <load_address>0x80009e40</load_address>
         <run_address>0x80009e40</run_address>
         <size>0xa0</size>
         <input_file_ref idref="fl-a1"/>
      </object_component>
      <object_component id="oc-16b">
         <name>.text:__fcpy</name>
         <load_address>0x80009ee0</load_address>
         <run_address>0x80009ee0</run_address>
         <size>0xa0</size>
         <input_file_ref idref="fl-a1"/>
      </object_component>
      <object_component id="oc-173">
         <name>.text:__fixdli</name>
         <load_address>0x80009f80</load_address>
         <run_address>0x80009f80</run_address>
         <size>0xa0</size>
         <input_file_ref idref="fl-aa"/>
      </object_component>
      <object_component id="oc-15c">
         <name>.text:__pconv_f</name>
         <load_address>0x8000a020</load_address>
         <run_address>0x8000a020</run_address>
         <size>0xa0</size>
         <input_file_ref idref="fl-a1"/>
      </object_component>
      <object_component id="oc-152">
         <name>.text:__remu</name>
         <load_address>0x8000a0c0</load_address>
         <run_address>0x8000a0c0</run_address>
         <size>0xa0</size>
         <input_file_ref idref="fl-9b"/>
      </object_component>
      <object_component id="oc-119">
         <name>.text:_copy_in</name>
         <load_address>0x8000a160</load_address>
         <run_address>0x8000a160</run_address>
         <size>0xa0</size>
         <input_file_ref idref="fl-a6"/>
      </object_component>
      <object_component id="oc-183">
         <name>.text:_finddevice</name>
         <load_address>0x8000a200</load_address>
         <run_address>0x8000a200</run_address>
         <size>0xa0</size>
         <input_file_ref idref="fl-96"/>
      </object_component>
      <object_component id="oc-163">
         <name>.text:_lseek</name>
         <load_address>0x8000a2a0</load_address>
         <run_address>0x8000a2a0</run_address>
         <size>0xa0</size>
         <input_file_ref idref="fl-96"/>
      </object_component>
      <object_component id="oc-11a">
         <name>.text:_memcpy</name>
         <load_address>0x8000a340</load_address>
         <run_address>0x8000a340</run_address>
         <size>0xa0</size>
         <input_file_ref idref="fl-98"/>
      </object_component>
      <object_component id="oc-171">
         <name>.text:_minsert</name>
         <load_address>0x8000a3e0</load_address>
         <run_address>0x8000a3e0</run_address>
         <size>0xa0</size>
         <input_file_ref idref="fl-b8"/>
      </object_component>
      <object_component id="oc-170">
         <name>.text:_mremove</name>
         <load_address>0x8000a480</load_address>
         <run_address>0x8000a480</run_address>
         <size>0xa0</size>
         <input_file_ref idref="fl-b8"/>
      </object_component>
      <object_component id="oc-13f">
         <name>.text:_write</name>
         <load_address>0x8000a520</load_address>
         <run_address>0x8000a520</run_address>
         <size>0xa0</size>
         <input_file_ref idref="fl-96"/>
      </object_component>
      <object_component id="oc-110">
         <name>.text</name>
         <load_address>0x8000a5c0</load_address>
         <run_address>0x8000a5c0</run_address>
         <size>0xa0</size>
         <input_file_ref idref="fl-13"/>
      </object_component>
      <object_component id="oc-175">
         <name>.text:__fltlid</name>
         <load_address>0x8000a660</load_address>
         <run_address>0x8000a660</run_address>
         <size>0x80</size>
         <input_file_ref idref="fl-ab"/>
      </object_component>
      <object_component id="oc-17f">
         <name>.text:__llshl</name>
         <load_address>0x8000a6e0</load_address>
         <run_address>0x8000a6e0</run_address>
         <size>0x80</size>
         <input_file_ref idref="fl-b1"/>
      </object_component>
      <object_component id="oc-17">
         <name>.text:_c_int00</name>
         <load_address>0x8000a760</load_address>
         <run_address>0x8000a760</run_address>
         <size>0x80</size>
         <input_file_ref idref="fl-90"/>
      </object_component>
      <object_component id="oc-11e">
         <name>.text:_readmsg</name>
         <load_address>0x8000a7e0</load_address>
         <run_address>0x8000a7e0</run_address>
         <size>0x80</size>
         <input_file_ref idref="fl-9e"/>
      </object_component>
      <object_component id="oc-181">
         <name>.text:_unlink</name>
         <load_address>0x8000a860</load_address>
         <run_address>0x8000a860</run_address>
         <size>0x80</size>
         <input_file_ref idref="fl-96"/>
      </object_component>
      <object_component id="oc-11b">
         <name>.text:___TI_cpp_init</name>
         <load_address>0x8000a8e0</load_address>
         <run_address>0x8000a8e0</run_address>
         <size>0x60</size>
         <input_file_ref idref="fl-a5"/>
      </object_component>
      <object_component id="oc-146">
         <name>.text:__abort_msg</name>
         <load_address>0x8000a940</load_address>
         <run_address>0x8000a940</run_address>
         <size>0x60</size>
         <input_file_ref idref="fl-8f"/>
      </object_component>
      <object_component id="oc-180">
         <name>.text:__subcull</name>
         <load_address>0x8000a9a0</load_address>
         <run_address>0x8000a9a0</run_address>
         <size>0x60</size>
         <input_file_ref idref="fl-af"/>
      </object_component>
      <object_component id="oc-143">
         <name>.text:_memccpy</name>
         <load_address>0x8000aa00</load_address>
         <run_address>0x8000aa00</run_address>
         <size>0x60</size>
         <input_file_ref idref="fl-b3"/>
      </object_component>
      <object_component id="oc-123">
         <name>.text:_memcmp</name>
         <load_address>0x8000aa60</load_address>
         <run_address>0x8000aa60</run_address>
         <size>0x60</size>
         <input_file_ref idref="fl-97"/>
      </object_component>
      <object_component id="oc-11d">
         <name>.text:_writemsg</name>
         <load_address>0x8000aac0</load_address>
         <run_address>0x8000aac0</run_address>
         <size>0x60</size>
         <input_file_ref idref="fl-9e"/>
      </object_component>
      <object_component id="oc-15a">
         <name>.text:___isinf</name>
         <load_address>0x8000ab20</load_address>
         <run_address>0x8000ab20</run_address>
         <size>0x40</size>
         <input_file_ref idref="fl-b0"/>
      </object_component>
      <object_component id="oc-159">
         <name>.text:___isnan</name>
         <load_address>0x8000ab60</load_address>
         <run_address>0x8000ab60</run_address>
         <size>0x40</size>
         <input_file_ref idref="fl-a1"/>
      </object_component>
      <object_component id="oc-10f">
         <name>.text:__args_main</name>
         <load_address>0x8000aba0</load_address>
         <run_address>0x8000aba0</run_address>
         <size>0x40</size>
         <input_file_ref idref="fl-a2"/>
      </object_component>
      <object_component id="oc-177">
         <name>.text:__frcmpyd_div</name>
         <load_address>0x8000abe0</load_address>
         <run_address>0x8000abe0</run_address>
         <size>0x40</size>
         <input_file_ref idref="fl-ac"/>
      </object_component>
      <object_component id="oc-176">
         <name>.text:__llshru</name>
         <load_address>0x8000ac20</load_address>
         <run_address>0x8000ac20</run_address>
         <size>0x40</size>
         <input_file_ref idref="fl-b1"/>
      </object_component>
      <object_component id="oc-17d">
         <name>.text:__remli</name>
         <load_address>0x8000ac60</load_address>
         <run_address>0x8000ac60</run_address>
         <size>0x40</size>
         <input_file_ref idref="fl-ae"/>
      </object_component>
      <object_component id="oc-121">
         <name>.text:__strasgi_64plus</name>
         <load_address>0x8000aca0</load_address>
         <run_address>0x8000aca0</run_address>
         <size>0x40</size>
         <input_file_ref idref="fl-9c"/>
      </object_component>
      <object_component id="oc-12c">
         <name>.text</name>
         <load_address>0x8000ace0</load_address>
         <run_address>0x8000ace0</run_address>
         <size>0x40</size>
         <input_file_ref idref="fl-6"/>
      </object_component>
      <object_component id="oc-15f">
         <name>.text:__negll</name>
         <load_address>0x8000ad20</load_address>
         <run_address>0x8000ad20</run_address>
         <size>0x20</size>
         <input_file_ref idref="fl-b4"/>
      </object_component>
      <object_component id="oc-118">
         <name>.text:__nop</name>
         <load_address>0x8000ad40</load_address>
         <run_address>0x8000ad40</run_address>
         <size>0x20</size>
         <input_file_ref idref="fl-a0"/>
      </object_component>
      <object_component id="oc-16f">
         <name>.text:__outc</name>
         <load_address>0x8000ad60</load_address>
         <run_address>0x8000ad60</run_address>
         <size>0x20</size>
         <input_file_ref idref="fl-93"/>
      </object_component>
      <object_component id="oc-129">
         <name>.text:__outc</name>
         <load_address>0x8000ad80</load_address>
         <run_address>0x8000ad80</run_address>
         <size>0x20</size>
         <input_file_ref idref="fl-9a"/>
      </object_component>
      <object_component id="oc-16e">
         <name>.text:__outs</name>
         <load_address>0x8000ada0</load_address>
         <run_address>0x8000ada0</run_address>
         <size>0x20</size>
         <input_file_ref idref="fl-93"/>
      </object_component>
      <object_component id="oc-127">
         <name>.text:__outs</name>
         <load_address>0x8000adc0</load_address>
         <run_address>0x8000adc0</run_address>
         <size>0x20</size>
         <input_file_ref idref="fl-9a"/>
      </object_component>
      <object_component id="oc-17c">
         <name>.text:_remove</name>
         <load_address>0x8000ade0</load_address>
         <run_address>0x8000ade0</run_address>
         <size>0x20</size>
         <input_file_ref idref="fl-ba"/>
      </object_component>
      <object_component id="oc-80">
         <name>.stack</name>
         <uninitialized>true</uninitialized>
         <run_address>0x80011df8</run_address>
         <size>0x8</size>
         <input_file_ref idref="fl-90"/>
      </object_component>
      <object_component id="oc-1a2">
         <name>.stack</name>
         <uninitialized>true</uninitialized>
         <run_address>0x80011df8</run_address>
         <size>0x0</size>
      </object_component>
      <object_component id="oc-18">
         <name>.bss</name>
         <uninitialized>true</uninitialized>
         <run_address>0x80016918</run_address>
         <size>0x4</size>
         <input_file_ref idref="fl-2"/>
      </object_component>
      <object_component id="oc-1e">
         <name>.bss</name>
         <uninitialized>true</uninitialized>
         <run_address>0x8001691c</run_address>
         <size>0x1</size>
         <input_file_ref idref="fl-3"/>
      </object_component>
      <object_component id="oc-28">
         <name>.bss</name>
         <uninitialized>true</uninitialized>
         <run_address>0x80016908</run_address>
         <size>0x4</size>
         <input_file_ref idref="fl-5"/>
      </object_component>
      <object_component id="oc-32">
         <name>.bss</name>
         <uninitialized>true</uninitialized>
         <run_address>0x80016914</run_address>
         <size>0x4</size>
         <input_file_ref idref="fl-7"/>
      </object_component>
      <object_component id="oc-41">
         <name>.bss</name>
         <uninitialized>true</uninitialized>
         <run_address>0x80016910</run_address>
         <size>0x4</size>
         <input_file_ref idref="fl-a"/>
      </object_component>
      <object_component id="oc-49">
         <name>.bss</name>
         <uninitialized>true</uninitialized>
         <run_address>0x8001690c</run_address>
         <size>0x4</size>
         <input_file_ref idref="fl-b"/>
      </object_component>
      <object_component id="oc-51">
         <name>.bss</name>
         <uninitialized>true</uninitialized>
         <run_address>0x800168f4</run_address>
         <size>0xc</size>
         <input_file_ref idref="fl-c"/>
      </object_component>
      <object_component id="oc-58">
         <name>.bss</name>
         <uninitialized>true</uninitialized>
         <run_address>0x800168e8</run_address>
         <size>0xc</size>
         <input_file_ref idref="fl-d"/>
      </object_component>
      <object_component id="oc-75">
         <name>.bss</name>
         <uninitialized>true</uninitialized>
         <run_address>0x80016900</run_address>
         <size>0x8</size>
         <input_file_ref idref="fl-14"/>
      </object_component>
      <object_component id="oc-b0">
         <name>.cio</name>
         <uninitialized>true</uninitialized>
         <run_address>0x800167c8</run_address>
         <size>0x120</size>
         <input_file_ref idref="fl-9e"/>
      </object_component>
      <object_component id="oc-14d">
         <name>.const:_Td0</name>
         <load_address>0x8000ee00</load_address>
         <run_address>0x8000ee00</run_address>
         <size>0x400</size>
         <input_file_ref idref="fl-9"/>
      </object_component>
      <object_component id="oc-14e">
         <name>.const:_Td1</name>
         <load_address>0x8000f200</load_address>
         <run_address>0x8000f200</run_address>
         <size>0x400</size>
         <input_file_ref idref="fl-9"/>
      </object_component>
      <object_component id="oc-14f">
         <name>.const:_Td2</name>
         <load_address>0x8000f600</load_address>
         <run_address>0x8000f600</run_address>
         <size>0x400</size>
         <input_file_ref idref="fl-9"/>
      </object_component>
      <object_component id="oc-150">
         <name>.const:_Td3</name>
         <load_address>0x8000fa00</load_address>
         <run_address>0x8000fa00</run_address>
         <size>0x400</size>
         <input_file_ref idref="fl-9"/>
      </object_component>
      <object_component id="oc-151">
         <name>.const:_Td4</name>
         <load_address>0x8000fe00</load_address>
         <run_address>0x8000fe00</run_address>
         <size>0x400</size>
         <input_file_ref idref="fl-9"/>
      </object_component>
      <object_component id="oc-149">
         <name>.const:_Te0</name>
         <load_address>0x80010200</load_address>
         <run_address>0x80010200</run_address>
         <size>0x400</size>
         <input_file_ref idref="fl-9"/>
      </object_component>
      <object_component id="oc-14a">
         <name>.const:_Te1</name>
         <load_address>0x80010600</load_address>
         <run_address>0x80010600</run_address>
         <size>0x400</size>
         <input_file_ref idref="fl-9"/>
      </object_component>
      <object_component id="oc-14b">
         <name>.const:_Te2</name>
         <load_address>0x80010a00</load_address>
         <run_address>0x80010a00</run_address>
         <size>0x400</size>
         <input_file_ref idref="fl-9"/>
      </object_component>
      <object_component id="oc-14c">
         <name>.const:_Te3</name>
         <load_address>0x80010e00</load_address>
         <run_address>0x80010e00</run_address>
         <size>0x400</size>
         <input_file_ref idref="fl-9"/>
      </object_component>
      <object_component id="oc-147">
         <name>.const:_Te4</name>
         <load_address>0x80011200</load_address>
         <run_address>0x80011200</run_address>
         <size>0x400</size>
         <input_file_ref idref="fl-9"/>
      </object_component>
      <object_component id="oc-77">
         <name>.const:.string</name>
         <load_address>0x80011600</load_address>
         <run_address>0x80011600</run_address>
         <size>0x27c</size>
         <input_file_ref idref="fl-14"/>
      </object_component>
      <object_component id="oc-35">
         <name>.const:.string</name>
         <load_address>0x8001187c</load_address>
         <run_address>0x8001187c</run_address>
         <size>0x12c</size>
         <input_file_ref idref="fl-7"/>
      </object_component>
      <object_component id="oc-158">
         <name>.const:.string:__ctypes_</name>
         <load_address>0x800119a8</load_address>
         <run_address>0x800119a8</run_address>
         <size>0x101</size>
         <input_file_ref idref="fl-a7"/>
      </object_component>
      <object_component id="oc-7c">
         <name>.const:.string</name>
         <load_address>0x80011aa9</load_address>
         <run_address>0x80011aa9</run_address>
         <size>0x3</size>
         <input_file_ref idref="fl-8f"/>
      </object_component>
      <object_component id="oc-91">
         <name>.const:.string</name>
         <load_address>0x80011aac</load_address>
         <run_address>0x80011aac</run_address>
         <size>0x2</size>
         <input_file_ref idref="fl-95"/>
      </object_component>
      <object_component id="oc-145">
         <name>.const:_K256</name>
         <load_address>0x80011ab0</load_address>
         <run_address>0x80011ab0</run_address>
         <size>0x100</size>
         <input_file_ref idref="fl-7"/>
      </object_component>
      <object_component id="oc-154">
         <name>.const:.string:_$P$T0$1</name>
         <load_address>0x80011bb0</load_address>
         <run_address>0x80011bb0</run_address>
         <size>0x9c</size>
         <input_file_ref idref="fl-4"/>
      </object_component>
      <object_component id="oc-66">
         <name>.const:.string</name>
         <load_address>0x80011c4c</load_address>
         <run_address>0x80011c4c</run_address>
         <size>0x48</size>
         <input_file_ref idref="fl-11"/>
      </object_component>
      <object_component id="oc-120">
         <name>.const:_$P$T0$1</name>
         <load_address>0x80011c98</load_address>
         <run_address>0x80011c98</run_address>
         <size>0x3c</size>
         <input_file_ref idref="fl-12"/>
      </object_component>
      <object_component id="oc-6b">
         <name>.const:.string</name>
         <load_address>0x80011cd4</load_address>
         <run_address>0x80011cd4</run_address>
         <size>0x34</size>
         <input_file_ref idref="fl-12"/>
      </object_component>
      <object_component id="oc-45">
         <name>.const:.string</name>
         <load_address>0x80011d08</load_address>
         <run_address>0x80011d08</run_address>
         <size>0x2c</size>
         <input_file_ref idref="fl-a"/>
      </object_component>
      <object_component id="oc-148">
         <name>.const:_rcon</name>
         <load_address>0x80011d38</load_address>
         <run_address>0x80011d38</run_address>
         <size>0x28</size>
         <input_file_ref idref="fl-9"/>
      </object_component>
      <object_component id="oc-bc">
         <name>.const:.string</name>
         <load_address>0x80011d60</load_address>
         <run_address>0x80011d60</run_address>
         <size>0x23</size>
         <input_file_ref idref="fl-a1"/>
      </object_component>
      <object_component id="oc-144">
         <name>.const:_sha256_initial_hash_value</name>
         <load_address>0x80011d88</load_address>
         <run_address>0x80011d88</run_address>
         <size>0x20</size>
         <input_file_ref idref="fl-7"/>
      </object_component>
      <object_component id="oc-4d">
         <name>.const:.string</name>
         <load_address>0x80011da8</load_address>
         <run_address>0x80011da8</run_address>
         <size>0x14</size>
         <input_file_ref idref="fl-b"/>
      </object_component>
      <object_component id="oc-155">
         <name>.const:.string:_sha256_prefix</name>
         <load_address>0x80011dc0</load_address>
         <run_address>0x80011dc0</run_address>
         <size>0x13</size>
         <input_file_ref idref="fl-2"/>
      </object_component>
      <object_component id="oc-153">
         <name>.const:.string:_$P$T0$1</name>
         <load_address>0x80011dd8</load_address>
         <run_address>0x80011dd8</run_address>
         <size>0x9</size>
         <input_file_ref idref="fl-3"/>
      </object_component>
      <object_component id="oc-12a">
         <name>.const:.string:_$P$T0$1</name>
         <load_address>0x80011de8</load_address>
         <run_address>0x80011de8</run_address>
         <size>0x6</size>
         <input_file_ref idref="fl-b"/>
      </object_component>
      <object_component id="oc-12f">
         <name>.const:.string:_$P$T0$1</name>
         <load_address>0x80011df0</load_address>
         <run_address>0x80011df0</run_address>
         <size>0x6</size>
         <input_file_ref idref="fl-a"/>
      </object_component>
      <object_component id="oc-105">
         <name>.sysmem</name>
         <uninitialized>true</uninitialized>
         <run_address>0x8000ae00</run_address>
         <size>0x8</size>
         <input_file_ref idref="fl-b8"/>
      </object_component>
      <object_component id="oc-1a3">
         <name>.sysmem</name>
         <uninitialized>true</uninitialized>
         <run_address>0x8000ae00</run_address>
         <size>0x0</size>
      </object_component>
      <object_component id="oc-44">
         <name>.far</name>
         <uninitialized>true</uninitialized>
         <run_address>0x800155e0</run_address>
         <size>0x9c</size>
         <input_file_ref idref="fl-a"/>
      </object_component>
      <object_component id="oc-4c">
         <name>.far</name>
         <uninitialized>true</uninitialized>
         <run_address>0x80015540</run_address>
         <size>0x9c</size>
         <input_file_ref idref="fl-b"/>
      </object_component>
      <object_component id="oc-54">
         <name>.far</name>
         <uninitialized>true</uninitialized>
         <run_address>0x80014778</run_address>
         <size>0x97c</size>
         <input_file_ref idref="fl-c"/>
      </object_component>
      <object_component id="oc-5b">
         <name>.far</name>
         <uninitialized>true</uninitialized>
         <run_address>0x80013df8</run_address>
         <size>0x97c</size>
         <input_file_ref idref="fl-d"/>
      </object_component>
      <object_component id="oc-71">
         <name>.far</name>
         <uninitialized>true</uninitialized>
         <run_address>0x8001567c</run_address>
         <size>0xc</size>
         <input_file_ref idref="fl-13"/>
      </object_component>
      <object_component id="oc-85">
         <name>.far</name>
         <uninitialized>true</uninitialized>
         <run_address>0x800150f8</run_address>
         <size>0x324</size>
         <input_file_ref idref="fl-91"/>
      </object_component>
      <object_component id="oc-96">
         <name>.far</name>
         <uninitialized>true</uninitialized>
         <run_address>0x80015420</run_address>
         <size>0x11c</size>
         <input_file_ref idref="fl-96"/>
      </object_component>
      <object_component id="oc-ac">
         <name>.far</name>
         <uninitialized>true</uninitialized>
         <run_address>0x80015698</run_address>
         <size>0x8</size>
         <input_file_ref idref="fl-9d"/>
      </object_component>
      <object_component id="oc-b8">
         <name>.far</name>
         <uninitialized>true</uninitialized>
         <run_address>0x80015688</run_address>
         <size>0x8</size>
         <input_file_ref idref="fl-a0"/>
      </object_component>
      <object_component id="oc-ff">
         <name>.far</name>
         <uninitialized>true</uninitialized>
         <run_address>0x80014774</run_address>
         <size>0x4</size>
         <input_file_ref idref="fl-b7"/>
      </object_component>
      <object_component id="oc-104">
         <name>.far</name>
         <uninitialized>true</uninitialized>
         <run_address>0x80015690</run_address>
         <size>0x8</size>
         <input_file_ref idref="fl-b8"/>
      </object_component>
      <object_component id="oc-5a">
         <name>.cinit</name>
         <load_address>0x800156a0</load_address>
         <run_address>0x800156a0</run_address>
         <size>0x7a4</size>
         <input_file_ref idref="fl-d"/>
      </object_component>
      <object_component id="oc-53">
         <name>.cinit</name>
         <load_address>0x80015e48</load_address>
         <run_address>0x80015e48</run_address>
         <size>0x7a4</size>
         <input_file_ref idref="fl-c"/>
      </object_component>
      <object_component id="oc-84">
         <name>.cinit</name>
         <load_address>0x800165f0</load_address>
         <run_address>0x800165f0</run_address>
         <size>0x5c</size>
         <input_file_ref idref="fl-91"/>
      </object_component>
      <object_component id="oc-95">
         <name>.cinit</name>
         <load_address>0x80016650</load_address>
         <run_address>0x80016650</run_address>
         <size>0x5c</size>
         <input_file_ref idref="fl-96"/>
      </object_component>
      <object_component id="oc-70">
         <name>.cinit</name>
         <load_address>0x800166b0</load_address>
         <run_address>0x800166b0</run_address>
         <size>0x2c</size>
         <input_file_ref idref="fl-13"/>
      </object_component>
      <object_component id="oc-103">
         <name>.cinit</name>
         <load_address>0x800166e0</load_address>
         <run_address>0x800166e0</run_address>
         <size>0x2c</size>
         <input_file_ref idref="fl-b8"/>
      </object_component>
      <object_component id="oc-4b">
         <name>.cinit</name>
         <load_address>0x80016710</load_address>
         <run_address>0x80016710</run_address>
         <size>0x1c</size>
         <input_file_ref idref="fl-b"/>
      </object_component>
      <object_component id="oc-43">
         <name>.cinit</name>
         <load_address>0x80016730</load_address>
         <run_address>0x80016730</run_address>
         <size>0x1c</size>
         <input_file_ref idref="fl-a"/>
      </object_component>
      <object_component id="oc-b7">
         <name>.cinit</name>
         <load_address>0x80016750</load_address>
         <run_address>0x80016750</run_address>
         <size>0x1c</size>
         <input_file_ref idref="fl-a0"/>
      </object_component>
      <object_component id="oc-2a">
         <name>.cinit</name>
         <load_address>0x80016770</load_address>
         <run_address>0x80016770</run_address>
         <size>0xc</size>
         <input_file_ref idref="fl-5"/>
      </object_component>
      <object_component id="oc-fe">
         <name>.cinit</name>
         <load_address>0x80016780</load_address>
         <run_address>0x80016780</run_address>
         <size>0xc</size>
         <input_file_ref idref="fl-b7"/>
      </object_component>
      <object_component id="oc-34">
         <name>.cinit</name>
         <load_address>0x80016790</load_address>
         <run_address>0x80016790</run_address>
         <size>0xc</size>
         <input_file_ref idref="fl-7"/>
      </object_component>
      <object_component id="oc-1a">
         <name>.cinit</name>
         <load_address>0x800167a0</load_address>
         <run_address>0x800167a0</run_address>
         <size>0xc</size>
         <input_file_ref idref="fl-2"/>
      </object_component>
      <object_component id="oc-20">
         <name>.cinit</name>
         <load_address>0x800167b0</load_address>
         <run_address>0x800167b0</run_address>
         <size>0x9</size>
         <input_file_ref idref="fl-3"/>
      </object_component>
      <object_component id="oc-19">
         <name>.debug_info</name>
         <load_address>0x0</load_address>
         <run_address>0x0</run_address>
         <size>0xf7a</size>
         <input_file_ref idref="fl-2"/>
      </object_component>
      <object_component id="oc-1f">
         <name>.debug_info</name>
         <load_address>0xf7a</load_address>
         <run_address>0xf7a</run_address>
         <size>0xd98</size>
         <input_file_ref idref="fl-3"/>
      </object_component>
      <object_component id="oc-24">
         <name>.debug_info</name>
         <load_address>0x1d12</load_address>
         <run_address>0x1d12</run_address>
         <size>0xb7a</size>
         <input_file_ref idref="fl-4"/>
      </object_component>
      <object_component id="oc-29">
         <name>.debug_info</name>
         <load_address>0x288c</load_address>
         <run_address>0x288c</run_address>
         <size>0x8ce</size>
         <input_file_ref idref="fl-5"/>
      </object_component>
      <object_component id="oc-2e">
         <name>.debug_info</name>
         <load_address>0x315a</load_address>
         <run_address>0x315a</run_address>
         <size>0x8b6</size>
         <input_file_ref idref="fl-6"/>
      </object_component>
      <object_component id="oc-33">
         <name>.debug_info</name>
         <load_address>0x3a10</load_address>
         <run_address>0x3a10</run_address>
         <size>0x1234</size>
         <input_file_ref idref="fl-7"/>
      </object_component>
      <object_component id="oc-39">
         <name>.debug_info</name>
         <load_address>0x4c44</load_address>
         <run_address>0x4c44</run_address>
         <size>0x16b4</size>
         <input_file_ref idref="fl-8"/>
      </object_component>
      <object_component id="oc-3d">
         <name>.debug_info</name>
         <load_address>0x62f8</load_address>
         <run_address>0x62f8</run_address>
         <size>0x127e</size>
         <input_file_ref idref="fl-9"/>
      </object_component>
      <object_component id="oc-42">
         <name>.debug_info</name>
         <load_address>0x7576</load_address>
         <run_address>0x7576</run_address>
         <size>0xe78</size>
         <input_file_ref idref="fl-a"/>
      </object_component>
      <object_component id="oc-4a">
         <name>.debug_info</name>
         <load_address>0x83ee</load_address>
         <run_address>0x83ee</run_address>
         <size>0xe7f</size>
         <input_file_ref idref="fl-b"/>
      </object_component>
      <object_component id="oc-52">
         <name>.debug_info</name>
         <load_address>0x926d</load_address>
         <run_address>0x926d</run_address>
         <size>0x10ce</size>
         <input_file_ref idref="fl-c"/>
      </object_component>
      <object_component id="oc-59">
         <name>.debug_info</name>
         <load_address>0xa33b</load_address>
         <run_address>0xa33b</run_address>
         <size>0x1105</size>
         <input_file_ref idref="fl-d"/>
      </object_component>
      <object_component id="oc-5f">
         <name>.debug_info</name>
         <load_address>0xb440</load_address>
         <run_address>0xb440</run_address>
         <size>0x5c6</size>
         <input_file_ref idref="fl-e"/>
      </object_component>
      <object_component id="oc-61">
         <name>.debug_info</name>
         <load_address>0xba06</load_address>
         <run_address>0xba06</run_address>
         <size>0x5c7</size>
         <input_file_ref idref="fl-f"/>
      </object_component>
      <object_component id="oc-63">
         <name>.debug_info</name>
         <load_address>0xbfcd</load_address>
         <run_address>0xbfcd</run_address>
         <size>0x5be</size>
         <input_file_ref idref="fl-10"/>
      </object_component>
      <object_component id="oc-65">
         <name>.debug_info</name>
         <load_address>0xc58b</load_address>
         <run_address>0xc58b</run_address>
         <size>0xb25</size>
         <input_file_ref idref="fl-11"/>
      </object_component>
      <object_component id="oc-6a">
         <name>.debug_info</name>
         <load_address>0xd0b0</load_address>
         <run_address>0xd0b0</run_address>
         <size>0x8bc</size>
         <input_file_ref idref="fl-12"/>
      </object_component>
      <object_component id="oc-6f">
         <name>.debug_info</name>
         <load_address>0xd96c</load_address>
         <run_address>0xd96c</run_address>
         <size>0x804</size>
         <input_file_ref idref="fl-13"/>
      </object_component>
      <object_component id="oc-76">
         <name>.debug_info</name>
         <load_address>0xe170</load_address>
         <run_address>0xe170</run_address>
         <size>0xc9b</size>
         <input_file_ref idref="fl-14"/>
      </object_component>
      <object_component id="oc-7b">
         <name>.debug_info</name>
         <load_address>0xee0b</load_address>
         <run_address>0xee0b</run_address>
         <size>0x76b</size>
         <input_file_ref idref="fl-8f"/>
      </object_component>
      <object_component id="oc-7f">
         <name>.debug_info</name>
         <load_address>0xf576</load_address>
         <run_address>0xf576</run_address>
         <size>0x6f2</size>
         <input_file_ref idref="fl-90"/>
      </object_component>
      <object_component id="oc-83">
         <name>.debug_info</name>
         <load_address>0xfc68</load_address>
         <run_address>0xfc68</run_address>
         <size>0x6ce</size>
         <input_file_ref idref="fl-91"/>
      </object_component>
      <object_component id="oc-87">
         <name>.debug_info</name>
         <load_address>0x10336</load_address>
         <run_address>0x10336</run_address>
         <size>0x857</size>
         <input_file_ref idref="fl-92"/>
      </object_component>
      <object_component id="oc-8a">
         <name>.debug_info</name>
         <load_address>0x10b8d</load_address>
         <run_address>0x10b8d</run_address>
         <size>0x8df</size>
         <input_file_ref idref="fl-93"/>
      </object_component>
      <object_component id="oc-8d">
         <name>.debug_info</name>
         <load_address>0x1146c</load_address>
         <run_address>0x1146c</run_address>
         <size>0x811</size>
         <input_file_ref idref="fl-94"/>
      </object_component>
      <object_component id="oc-90">
         <name>.debug_info</name>
         <load_address>0x11c7d</load_address>
         <run_address>0x11c7d</run_address>
         <size>0xa9d</size>
         <input_file_ref idref="fl-95"/>
      </object_component>
      <object_component id="oc-94">
         <name>.debug_info</name>
         <load_address>0x1271a</load_address>
         <run_address>0x1271a</run_address>
         <size>0xe70</size>
         <input_file_ref idref="fl-96"/>
      </object_component>
      <object_component id="oc-99">
         <name>.debug_info</name>
         <load_address>0x1358a</load_address>
         <run_address>0x1358a</run_address>
         <size>0x6d1</size>
         <input_file_ref idref="fl-97"/>
      </object_component>
      <object_component id="oc-9c">
         <name>.debug_info</name>
         <load_address>0x13c5b</load_address>
         <run_address>0x13c5b</run_address>
         <size>0xcc</size>
         <input_file_ref idref="fl-98"/>
      </object_component>
      <object_component id="oc-9f">
         <name>.debug_info</name>
         <load_address>0x13d27</load_address>
         <run_address>0x13d27</run_address>
         <size>0x79d</size>
         <input_file_ref idref="fl-99"/>
      </object_component>
      <object_component id="oc-a2">
         <name>.debug_info</name>
         <load_address>0x144c4</load_address>
         <run_address>0x144c4</run_address>
         <size>0x8e9</size>
         <input_file_ref idref="fl-9a"/>
      </object_component>
      <object_component id="oc-a5">
         <name>.debug_info</name>
         <load_address>0x14dad</load_address>
         <run_address>0x14dad</run_address>
         <size>0xbd</size>
         <input_file_ref idref="fl-9b"/>
      </object_component>
      <object_component id="oc-a8">
         <name>.debug_info</name>
         <load_address>0x14e6a</load_address>
         <run_address>0x14e6a</run_address>
         <size>0xd3</size>
         <input_file_ref idref="fl-9c"/>
      </object_component>
      <object_component id="oc-ab">
         <name>.debug_info</name>
         <load_address>0x14f3d</load_address>
         <run_address>0x14f3d</run_address>
         <size>0xdc3</size>
         <input_file_ref idref="fl-9d"/>
      </object_component>
      <object_component id="oc-af">
         <name>.debug_info</name>
         <load_address>0x15d00</load_address>
         <run_address>0x15d00</run_address>
         <size>0x850</size>
         <input_file_ref idref="fl-9e"/>
      </object_component>
      <object_component id="oc-b3">
         <name>.debug_info</name>
         <load_address>0x16550</load_address>
         <run_address>0x16550</run_address>
         <size>0x741</size>
         <input_file_ref idref="fl-9f"/>
      </object_component>
      <object_component id="oc-b6">
         <name>.debug_info</name>
         <load_address>0x16c91</load_address>
         <run_address>0x16c91</run_address>
         <size>0x633</size>
         <input_file_ref idref="fl-a0"/>
      </object_component>
      <object_component id="oc-bb">
         <name>.debug_info</name>
         <load_address>0x172c4</load_address>
         <run_address>0x172c4</run_address>
         <size>0x2674</size>
         <input_file_ref idref="fl-a1"/>
      </object_component>
      <object_component id="oc-bf">
         <name>.debug_info</name>
         <load_address>0x19938</load_address>
         <run_address>0x19938</run_address>
         <size>0x6c8</size>
         <input_file_ref idref="fl-a2"/>
      </object_component>
      <object_component id="oc-c2">
         <name>.debug_info</name>
         <load_address>0x1a000</load_address>
         <run_address>0x1a000</run_address>
         <size>0x6d5</size>
         <input_file_ref idref="fl-a3"/>
      </object_component>
      <object_component id="oc-c5">
         <name>.debug_info</name>
         <load_address>0x1a6d5</load_address>
         <run_address>0x1a6d5</run_address>
         <size>0x83e</size>
         <input_file_ref idref="fl-a4"/>
      </object_component>
      <object_component id="oc-c8">
         <name>.debug_info</name>
         <load_address>0x1af13</load_address>
         <run_address>0x1af13</run_address>
         <size>0x6b6</size>
         <input_file_ref idref="fl-a5"/>
      </object_component>
      <object_component id="oc-cb">
         <name>.debug_info</name>
         <load_address>0x1b5c9</load_address>
         <run_address>0x1b5c9</run_address>
         <size>0x7ac</size>
         <input_file_ref idref="fl-a6"/>
      </object_component>
      <object_component id="oc-ce">
         <name>.debug_info</name>
         <load_address>0x1bd75</load_address>
         <run_address>0x1bd75</run_address>
         <size>0x5e1</size>
         <input_file_ref idref="fl-a7"/>
      </object_component>
      <object_component id="oc-d0">
         <name>.debug_info</name>
         <load_address>0x1c356</load_address>
         <run_address>0x1c356</run_address>
         <size>0x96a</size>
         <input_file_ref idref="fl-a8"/>
      </object_component>
      <object_component id="oc-d3">
         <name>.debug_info</name>
         <load_address>0x1ccc0</load_address>
         <run_address>0x1ccc0</run_address>
         <size>0xbd</size>
         <input_file_ref idref="fl-a9"/>
      </object_component>
      <object_component id="oc-d6">
         <name>.debug_info</name>
         <load_address>0x1cd7d</load_address>
         <run_address>0x1cd7d</run_address>
         <size>0x67e</size>
         <input_file_ref idref="fl-aa"/>
      </object_component>
      <object_component id="oc-d9">
         <name>.debug_info</name>
         <load_address>0x1d3fb</load_address>
         <run_address>0x1d3fb</run_address>
         <size>0x697</size>
         <input_file_ref idref="fl-ab"/>
      </object_component>
      <object_component id="oc-dc">
         <name>.debug_info</name>
         <load_address>0x1da92</load_address>
         <run_address>0x1da92</run_address>
         <size>0x653</size>
         <input_file_ref idref="fl-ac"/>
      </object_component>
      <object_component id="oc-df">
         <name>.debug_info</name>
         <load_address>0x1e0e5</load_address>
         <run_address>0x1e0e5</run_address>
         <size>0x7a0</size>
         <input_file_ref idref="fl-ad"/>
      </object_component>
      <object_component id="oc-e2">
         <name>.debug_info</name>
         <load_address>0x1e885</load_address>
         <run_address>0x1e885</run_address>
         <size>0x78a</size>
         <input_file_ref idref="fl-ae"/>
      </object_component>
      <object_component id="oc-e5">
         <name>.debug_info</name>
         <load_address>0x1f00f</load_address>
         <run_address>0x1f00f</run_address>
         <size>0x785</size>
         <input_file_ref idref="fl-af"/>
      </object_component>
      <object_component id="oc-e8">
         <name>.debug_info</name>
         <load_address>0x1f794</load_address>
         <run_address>0x1f794</run_address>
         <size>0x7fd</size>
         <input_file_ref idref="fl-b0"/>
      </object_component>
      <object_component id="oc-eb">
         <name>.debug_info</name>
         <load_address>0x1ff91</load_address>
         <run_address>0x1ff91</run_address>
         <size>0x6e8</size>
         <input_file_ref idref="fl-b1"/>
      </object_component>
      <object_component id="oc-ee">
         <name>.debug_info</name>
         <load_address>0x20679</load_address>
         <run_address>0x20679</run_address>
         <size>0x716</size>
         <input_file_ref idref="fl-b2"/>
      </object_component>
      <object_component id="oc-f1">
         <name>.debug_info</name>
         <load_address>0x20d8f</load_address>
         <run_address>0x20d8f</run_address>
         <size>0x6b9</size>
         <input_file_ref idref="fl-b3"/>
      </object_component>
      <object_component id="oc-f4">
         <name>.debug_info</name>
         <load_address>0x21448</load_address>
         <run_address>0x21448</run_address>
         <size>0x5ff</size>
         <input_file_ref idref="fl-b4"/>
      </object_component>
      <object_component id="oc-f7">
         <name>.debug_info</name>
         <load_address>0x21a47</load_address>
         <run_address>0x21a47</run_address>
         <size>0x7f3</size>
         <input_file_ref idref="fl-b5"/>
      </object_component>
      <object_component id="oc-fa">
         <name>.debug_info</name>
         <load_address>0x2223a</load_address>
         <run_address>0x2223a</run_address>
         <size>0x5b3</size>
         <input_file_ref idref="fl-b6"/>
      </object_component>
      <object_component id="oc-fd">
         <name>.debug_info</name>
         <load_address>0x227ed</load_address>
         <run_address>0x227ed</run_address>
         <size>0x852</size>
         <input_file_ref idref="fl-b7"/>
      </object_component>
      <object_component id="oc-102">
         <name>.debug_info</name>
         <load_address>0x2303f</load_address>
         <run_address>0x2303f</run_address>
         <size>0xabf</size>
         <input_file_ref idref="fl-b8"/>
      </object_component>
      <object_component id="oc-108">
         <name>.debug_info</name>
         <load_address>0x23afe</load_address>
         <run_address>0x23afe</run_address>
         <size>0x7ed</size>
         <input_file_ref idref="fl-b9"/>
      </object_component>
      <object_component id="oc-10b">
         <name>.debug_info</name>
         <load_address>0x242eb</load_address>
         <run_address>0x242eb</run_address>
         <size>0x64b</size>
         <input_file_ref idref="fl-ba"/>
      </object_component>
      <object_component id="oc-1a4">
         <name>.debug_info</name>
         <load_address>0x24936</load_address>
         <run_address>0x24936</run_address>
         <size>0x6d</size>
      </object_component>
      <object_component id="oc-1b">
         <name>.debug_frame</name>
         <load_address>0x0</load_address>
         <run_address>0x0</run_address>
         <size>0x2ac</size>
         <input_file_ref idref="fl-2"/>
      </object_component>
      <object_component id="oc-21">
         <name>.debug_frame</name>
         <load_address>0x2ac</load_address>
         <run_address>0x2ac</run_address>
         <size>0x29c</size>
         <input_file_ref idref="fl-3"/>
      </object_component>
      <object_component id="oc-25">
         <name>.debug_frame</name>
         <load_address>0x548</load_address>
         <run_address>0x548</run_address>
         <size>0x261</size>
         <input_file_ref idref="fl-4"/>
      </object_component>
      <object_component id="oc-2b">
         <name>.debug_frame</name>
         <load_address>0x7a9</load_address>
         <run_address>0x7a9</run_address>
         <size>0x27b</size>
         <input_file_ref idref="fl-5"/>
      </object_component>
      <object_component id="oc-2f">
         <name>.debug_frame</name>
         <load_address>0xa24</load_address>
         <run_address>0xa24</run_address>
         <size>0x25d</size>
         <input_file_ref idref="fl-6"/>
      </object_component>
      <object_component id="oc-36">
         <name>.debug_frame</name>
         <load_address>0xc81</load_address>
         <run_address>0xc81</run_address>
         <size>0x2f6</size>
         <input_file_ref idref="fl-7"/>
      </object_component>
      <object_component id="oc-3a">
         <name>.debug_frame</name>
         <load_address>0xf77</load_address>
         <run_address>0xf77</run_address>
         <size>0x339</size>
         <input_file_ref idref="fl-8"/>
      </object_component>
      <object_component id="oc-3e">
         <name>.debug_frame</name>
         <load_address>0x12b0</load_address>
         <run_address>0x12b0</run_address>
         <size>0x32e</size>
         <input_file_ref idref="fl-9"/>
      </object_component>
      <object_component id="oc-46">
         <name>.debug_frame</name>
         <load_address>0x15de</load_address>
         <run_address>0x15de</run_address>
         <size>0x2c7</size>
         <input_file_ref idref="fl-a"/>
      </object_component>
      <object_component id="oc-4e">
         <name>.debug_frame</name>
         <load_address>0x18a5</load_address>
         <run_address>0x18a5</run_address>
         <size>0x2c6</size>
         <input_file_ref idref="fl-b"/>
      </object_component>
      <object_component id="oc-55">
         <name>.debug_frame</name>
         <load_address>0x1b6b</load_address>
         <run_address>0x1b6b</run_address>
         <size>0x2e5</size>
         <input_file_ref idref="fl-c"/>
      </object_component>
      <object_component id="oc-5c">
         <name>.debug_frame</name>
         <load_address>0x1e50</load_address>
         <run_address>0x1e50</run_address>
         <size>0x30a</size>
         <input_file_ref idref="fl-d"/>
      </object_component>
      <object_component id="oc-67">
         <name>.debug_frame</name>
         <load_address>0x215a</load_address>
         <run_address>0x215a</run_address>
         <size>0x279</size>
         <input_file_ref idref="fl-11"/>
      </object_component>
      <object_component id="oc-6c">
         <name>.debug_frame</name>
         <load_address>0x23d3</load_address>
         <run_address>0x23d3</run_address>
         <size>0x260</size>
         <input_file_ref idref="fl-12"/>
      </object_component>
      <object_component id="oc-72">
         <name>.debug_frame</name>
         <load_address>0x2633</load_address>
         <run_address>0x2633</run_address>
         <size>0x272</size>
         <input_file_ref idref="fl-13"/>
      </object_component>
      <object_component id="oc-78">
         <name>.debug_frame</name>
         <load_address>0x28a5</load_address>
         <run_address>0x28a5</run_address>
         <size>0x2be</size>
         <input_file_ref idref="fl-14"/>
      </object_component>
      <object_component id="oc-1c">
         <name>.debug_line</name>
         <load_address>0x0</load_address>
         <run_address>0x0</run_address>
         <size>0xe1</size>
         <input_file_ref idref="fl-2"/>
      </object_component>
      <object_component id="oc-22">
         <name>.debug_line</name>
         <load_address>0xe1</load_address>
         <run_address>0xe1</run_address>
         <size>0x25a</size>
         <input_file_ref idref="fl-3"/>
      </object_component>
      <object_component id="oc-26">
         <name>.debug_line</name>
         <load_address>0x33b</load_address>
         <run_address>0x33b</run_address>
         <size>0xbb</size>
         <input_file_ref idref="fl-4"/>
      </object_component>
      <object_component id="oc-2c">
         <name>.debug_line</name>
         <load_address>0x3f6</load_address>
         <run_address>0x3f6</run_address>
         <size>0x7f</size>
         <input_file_ref idref="fl-5"/>
      </object_component>
      <object_component id="oc-30">
         <name>.debug_line</name>
         <load_address>0x475</load_address>
         <run_address>0x475</run_address>
         <size>0x54</size>
         <input_file_ref idref="fl-6"/>
      </object_component>
      <object_component id="oc-37">
         <name>.debug_line</name>
         <load_address>0x4c9</load_address>
         <run_address>0x4c9</run_address>
         <size>0x1b9</size>
         <input_file_ref idref="fl-7"/>
      </object_component>
      <object_component id="oc-3b">
         <name>.debug_line</name>
         <load_address>0x682</load_address>
         <run_address>0x682</run_address>
         <size>0x203</size>
         <input_file_ref idref="fl-8"/>
      </object_component>
      <object_component id="oc-3f">
         <name>.debug_line</name>
         <load_address>0x885</load_address>
         <run_address>0x885</run_address>
         <size>0x28a</size>
         <input_file_ref idref="fl-9"/>
      </object_component>
      <object_component id="oc-47">
         <name>.debug_line</name>
         <load_address>0xb0f</load_address>
         <run_address>0xb0f</run_address>
         <size>0xef</size>
         <input_file_ref idref="fl-a"/>
      </object_component>
      <object_component id="oc-4f">
         <name>.debug_line</name>
         <load_address>0xbfe</load_address>
         <run_address>0xbfe</run_address>
         <size>0xf1</size>
         <input_file_ref idref="fl-b"/>
      </object_component>
      <object_component id="oc-56">
         <name>.debug_line</name>
         <load_address>0xcef</load_address>
         <run_address>0xcef</run_address>
         <size>0xd7</size>
         <input_file_ref idref="fl-c"/>
      </object_component>
      <object_component id="oc-5d">
         <name>.debug_line</name>
         <load_address>0xdc6</load_address>
         <run_address>0xdc6</run_address>
         <size>0xf1</size>
         <input_file_ref idref="fl-d"/>
      </object_component>
      <object_component id="oc-68">
         <name>.debug_line</name>
         <load_address>0xeb7</load_address>
         <run_address>0xeb7</run_address>
[...]
      </symbol>
      <symbol id="sm-6f">
         <name>_RSASSA_PKCS1_V1_5_SIGN</name>
         <value>0x800067b8</value>
         <object_component_ref idref="oc-13c"/>
      </symbol>
      <symbol id="sm-70">
         <name>_EMSA_PKCS1_V1_5_ENCODE</name>
         <value>0x800066c0</value>
         <object_component_ref idref="oc-13c"/>
      </symbol>
      <symbol id="sm-71">
         <name>_RSASSA_PKCS1V1_5_VERIFY</name>
         <value>0x8000687c</value>
         <object_component_ref idref="oc-13c"/>
      </symbol>
      <symbol id="sm-72">
         <name>_sha256_prefix_size</name>
         <value>0x80016918</value>
         <object_component_ref idref="oc-18"/>
      </symbol>
      <symbol id="sm-ca">
         <name>_mod_inverse</name>
         <value>0x80002d40</value>
         <object_component_ref idref="oc-13a"/>
      </symbol>
      <symbol id="sm-cb">
         <name>_setup_monmult</name>
         <value>0x80002e38</value>
         <object_component_ref idref="oc-13a"/>
      </symbol>
      <symbol id="sm-cc">
         <name>_montgomery_multiplication</name>
         <value>0x80002e68</value>
         <object_component_ref idref="oc-13a"/>
      </symbol>
      <symbol id="sm-cd">
         <name>_nprime_0</name>
         <value>0x8001691c</value>
         <object_component_ref idref="oc-1e"/>
      </symbol>
      <symbol id="sm-100">
         <name>_montgomery_exponentiation</name>
         <value>0x80007da0</value>
         <object_component_ref idref="oc-13b"/>
      </symbol>
      <symbol id="sm-11b">
         <name>_random_byte</name>
         <value>0x800085e0</value>
         <object_component_ref idref="oc-139"/>
      </symbol>
      <symbol id="sm-11c">
         <name>_generate_number</name>
         <value>0x80008678</value>
         <object_component_ref idref="oc-139"/>
      </symbol>
      <symbol id="sm-11d">
         <name>_n</name>
         <value>0x80016908</value>
         <object_component_ref idref="oc-28"/>
      </symbol>
      <symbol id="sm-12a">
         <name>_compute_SHA256</name>
         <value>0x8000ace0</value>
         <object_component_ref idref="oc-12c"/>
      </symbol>
      <symbol id="sm-183">
         <name>_SHA256_End</name>
         <value>0x80002300</value>
         <object_component_ref idref="oc-137"/>
      </symbol>
      <symbol id="sm-184">
         <name>_SHA256_Init</name>
         <value>0x80001900</value>
         <object_component_ref idref="oc-137"/>
      </symbol>
      <symbol id="sm-185">
         <name>_SHA256_Final</name>
         <value>0x80001fe8</value>
         <object_component_ref idref="oc-137"/>
      </symbol>
      <symbol id="sm-186">
         <name>_SHA256_Data</name>
         <value>0x80002408</value>
         <object_component_ref idref="oc-137"/>
      </symbol>
      <symbol id="sm-187">
         <name>_SHA256_Transform</name>
         <value>0x80001964</value>
         <object_component_ref idref="oc-137"/>
      </symbol>
      <symbol id="sm-188">
         <name>_SHA256_Update</name>
         <value>0x80001e2c</value>
         <object_component_ref idref="oc-137"/>
      </symbol>
      <symbol id="sm-1fa">
         <name>_ocb_encrypt</name>
         <value>0x80002cb4</value>
         <object_component_ref idref="oc-12d"/>
      </symbol>
      <symbol id="sm-1fb">
         <name>_ocb_decrypt</name>
         <value>0x80002cf0</value>
         <object_component_ref idref="oc-12d"/>
      </symbol>
      <symbol id="sm-262">
         <name>_AES_encrypt</name>
         <value>0x800018a4</value>
         <object_component_ref idref="oc-138"/>
      </symbol>
      <symbol id="sm-263">
         <name>_aes_encrypt</name>
         <value>0x800006d4</value>
         <object_component_ref idref="oc-138"/>
      </symbol>
      <symbol id="sm-264">
         <name>_AES_decrypt</name>
         <value>0x800018c4</value>
         <object_component_ref idref="oc-138"/>
      </symbol>
      <symbol id="sm-265">
         <name>_aes_set_decrypt_key</name>
         <value>0x80000d90</value>
         <object_component_ref idref="oc-138"/>
      </symbol>
      <symbol id="sm-266">
         <name>_AES_set_decrypt_key</name>
         <value>0x80001884</value>
         <object_component_ref idref="oc-138"/>
      </symbol>
      <symbol id="sm-267">
         <name>_aes_decrypt</name>
         <value>0x800011a8</value>
         <object_component_ref idref="oc-138"/>
      </symbol>
      <symbol id="sm-268">
         <name>_aes_set_encrypt_key</name>
         <value>0x80000000</value>
         <object_component_ref idref="oc-138"/>
      </symbol>
      <symbol id="sm-269">
         <name>_AES_set_encrypt_key</name>
         <value>0x80001864</value>
         <object_component_ref idref="oc-138"/>
      </symbol>
      <symbol id="sm-2a2">
         <name>_s_create_packet</name>
         <value>0x800050d8</value>
         <object_component_ref idref="oc-125"/>
      </symbol>
      <symbol id="sm-2a3">
         <name>_s_validate_packet</name>
         <value>0x800051a8</value>
         <object_component_ref idref="oc-125"/>
      </symbol>
      <symbol id="sm-2d8">
         <name>_m_create_packet</name>
         <value>0x80004970</value>
         <object_component_ref idref="oc-124"/>
      </symbol>
      <symbol id="sm-2d9">
         <name>_m_validate_packet</name>
         <value>0x80004ae4</value>
         <object_component_ref idref="oc-124"/>
      </symbol>
      <symbol id="sm-31a">
         <name>_validate_master</name>
         <value>0x80005804</value>
         <object_component_ref idref="oc-130"/>
      </symbol>
      <symbol id="sm-31b">
         <name>_reply_master</name>
         <value>0x80005690</value>
         <object_component_ref idref="oc-130"/>
      </symbol>
      <symbol id="sm-359">
         <name>_init_connection</name>
         <value>0x80005f50</value>
         <object_component_ref idref="oc-12e"/>
      </symbol>
      <symbol id="sm-35a">
         <name>_gy</name>
         <value>0x800168ec</value>
         <object_component_ref idref="oc-58"/>
      </symbol>
      <symbol id="sm-35b">
         <name>_gx</name>
         <value>0x800168f0</value>
         <object_component_ref idref="oc-58"/>
      </symbol>
      <symbol id="sm-35c">
         <name>_reply_slave</name>
         <value>0x800060e8</value>
         <object_component_ref idref="oc-12e"/>
      </symbol>
      <symbol id="sm-35d">
         <name>_validate_slave</name>
         <value>0x80005fe4</value>
         <object_component_ref idref="oc-12e"/>
      </symbol>
      <symbol id="sm-3ae">
         <name>_int32_to_int8</name>
         <value>0x80005900</value>
         <object_component_ref idref="oc-126"/>
      </symbol>
      <symbol id="sm-3af">
         <name>_print_packet</name>
         <value>0x80005948</value>
         <object_component_ref idref="oc-126"/>
      </symbol>
      <symbol id="sm-3cb">
         <name>_main</name>
         <value>0x80009020</value>
         <object_component_ref idref="oc-11c"/>
      </symbol>
      <symbol id="sm-3e3">
         <name>C$$EXIT</name>
         <value>0x8000a64c</value>
         <object_component_ref idref="oc-110"/>
      </symbol>
      <symbol id="sm-3e4">
         <name>_exit</name>
         <value>0x8000a5c0</value>
         <object_component_ref idref="oc-110"/>
      </symbol>
      <symbol id="sm-3e5">
         <name>___TI_enable_exit_profile_output</name>
         <value>0x80015684</value>
         <object_component_ref idref="oc-71"/>
      </symbol>
      <symbol id="sm-3e6">
         <name>_abort</name>
         <value>0x8000a64c</value>
         <object_component_ref idref="oc-110"/>
      </symbol>
      <symbol id="sm-3e7">
         <name>__cleanup_ptr</name>
         <value>0x8001567c</value>
         <object_component_ref idref="oc-71"/>
      </symbol>
      <symbol id="sm-3e8">
         <name>__dtors_ptr</name>
         <value>0x80015680</value>
         <object_component_ref idref="oc-71"/>
      </symbol>
      <symbol id="sm-42d">
         <name>_encrypt_data</name>
         <value>0x80006d64</value>
         <object_component_ref idref="oc-11f"/>
      </symbol>
      <symbol id="sm-42e">
         <name>_finalize_connection</name>
         <value>0x80006dd4</value>
         <object_component_ref idref="oc-11f"/>
      </symbol>
      <symbol id="sm-42f">
         <name>_decrypt_data</name>
         <value>0x80006d88</value>
         <object_component_ref idref="oc-11f"/>
      </symbol>
      <symbol id="sm-430">
         <name>_initialize_connection</name>
         <value>0x80006be0</value>
         <object_component_ref idref="oc-11f"/>
      </symbol>
      <symbol id="sm-43d">
         <name>__abort_msg</name>
         <value>0x8000a940</value>
         <object_component_ref idref="oc-146"/>
      </symbol>
      <symbol id="sm-44c">
         <name>_c_int00</name>
         <value>0x8000a760</value>
         <object_component_ref idref="oc-17"/>
      </symbol>
      <symbol id="sm-44d">
         <name>__stack</name>
         <value>0x80011df8</value>
         <object_component_ref idref="oc-80"/>
      </symbol>
      <symbol id="sm-457">
         <name>__tmpnams</name>
         <value>0x800152d8</value>
         <object_component_ref idref="oc-85"/>
      </symbol>
      <symbol id="sm-458">
         <name>__ft_end</name>
         <value>0x80015418</value>
         <object_component_ref idref="oc-85"/>
      </symbol>
      <symbol id="sm-459">
         <name>__ftable</name>
         <value>0x800150f8</value>
         <object_component_ref idref="oc-85"/>
      </symbol>
      <symbol id="sm-471">
         <name>__doflush</name>
         <value>0x80009ae0</value>
         <object_component_ref idref="oc-13e"/>
      </symbol>
      <symbol id="sm-472">
         <name>_fflush</name>
         <value>0x800093c0</value>
         <object_component_ref idref="oc-162"/>
      </symbol>
      <symbol id="sm-487">
         <name>_fprintf</name>
         <value>0x80008f20</value>
         <object_component_ref idref="oc-161"/>
      </symbol>
      <symbol id="sm-4a2">
         <name>_putc</name>
         <value>0x80007780</value>
         <object_component_ref idref="oc-136"/>
      </symbol>
      <symbol id="sm-4a3">
         <name>_fputc</name>
         <value>0x80007780</value>
         <object_component_ref idref="oc-136"/>
      </symbol>
      <symbol id="sm-4c5">
         <name>_fputs</name>
         <value>0x80004ba0</value>
         <object_component_ref idref="oc-131"/>
      </symbol>
      <symbol id="sm-502">
         <name>_unlink</name>
         <value>0x8000a860</value>
         <object_component_ref idref="oc-181"/>
      </symbol>
      <symbol id="sm-503">
         <name>_lseek</name>
         <value>0x8000a2a0</value>
         <object_component_ref idref="oc-163"/>
      </symbol>
      <symbol id="sm-504">
         <name>_close</name>
         <value>0x800092e0</value>
         <object_component_ref idref="oc-17b"/>
      </symbol>
      <symbol id="sm-505">
         <name>_write</name>
         <value>0x8000a520</value>
         <object_component_ref idref="oc-13f"/>
      </symbol>
      <symbol id="sm-511">
         <name>_memcmp</name>
         <value>0x8000aa60</value>
         <object_component_ref idref="oc-123"/>
      </symbol>
      <symbol id="sm-519">
         <name>_memcpy</name>
         <value>0x8000a340</value>
         <object_component_ref idref="oc-11a"/>
      </symbol>
      <symbol id="sm-524">
         <name>_memset</name>
         <value>0x800094a0</value>
         <object_component_ref idref="oc-12b"/>
      </symbol>
      <symbol id="sm-539">
         <name>_printf</name>
         <value>0x80009580</value>
         <object_component_ref idref="oc-122"/>
      </symbol>
      <symbol id="sm-542">
         <name>__remu</name>
         <value>0x8000a0c0</value>
         <object_component_ref idref="oc-152"/>
      </symbol>
      <symbol id="sm-543">
         <name>__c6xabi_remu</name>
         <value>0x8000a0c0</value>
         <object_component_ref idref="oc-152"/>
      </symbol>
      <symbol id="sm-54b">
         <name>__c6xabi_strasgi_64plus</name>
         <value>0x8000aca0</value>
         <object_component_ref idref="oc-121"/>
      </symbol>
      <symbol id="sm-54c">
         <name>__strasgi_64plus</name>
         <value>0x8000aca0</value>
         <object_component_ref idref="oc-121"/>
      </symbol>
      <symbol id="sm-575">
         <name>_HOSTopen</name>
         <value>0x80009120</value>
         <object_component_ref idref="oc-111"/>
      </symbol>
      <symbol id="sm-576">
         <name>_HOSTread</name>
         <value>0x80009660</value>
         <object_component_ref idref="oc-113"/>
      </symbol>
      <symbol id="sm-577">
         <name>_HOSTrename</name>
         <value>0x800082e0</value>
         <object_component_ref idref="oc-117"/>
      </symbol>
      <symbol id="sm-578">
         <name>_HOSTwrite</name>
         <value>0x800097e0</value>
         <object_component_ref idref="oc-114"/>
      </symbol>
      <symbol id="sm-579">
         <name>_HOSTlseek</name>
         <value>0x80008d20</value>
         <object_component_ref idref="oc-115"/>
      </symbol>
      <symbol id="sm-57a">
         <name>_HOSTunlink</name>
         <value>0x80009720</value>
         <object_component_ref idref="oc-116"/>
      </symbol>
      <symbol id="sm-57b">
         <name>_HOSTclose</name>
         <value>0x80009c60</value>
         <object_component_ref idref="oc-112"/>
      </symbol>
      <symbol id="sm-58b">
         <name>C$$IO$$</name>
         <value>0x8000ab18</value>
         <object_component_ref idref="oc-11d"/>
      </symbol>
      <symbol id="sm-58c">
         <name>__CIOBUF_</name>
         <value>0x800167c8</value>
         <object_component_ref idref="oc-b0"/>
      </symbol>
      <symbol id="sm-58d">
         <name>_readmsg</name>
         <value>0x8000a7e0</value>
         <object_component_ref idref="oc-11e"/>
      </symbol>
      <symbol id="sm-58e">
         <name>_writemsg</name>
         <value>0x8000aac0</value>
         <object_component_ref idref="oc-11d"/>
      </symbol>
      <symbol id="sm-59d">
         <name>__wrt_ok</name>
         <value>0x80008e20</value>
         <object_component_ref idref="oc-13d"/>
      </symbol>
      <symbol id="sm-5ab">
         <name>__unlock</name>
         <value>0x8001568c</value>
         <object_component_ref idref="oc-b8"/>
      </symbol>
      <symbol id="sm-5ac">
         <name>__lock</name>
         <value>0x80015688</value>
         <object_component_ref idref="oc-b8"/>
      </symbol>
      <symbol id="sm-5ad">
         <name>__nop</name>
         <value>0x8000ad40</value>
         <object_component_ref idref="oc-118"/>
      </symbol>
      <symbol id="sm-6b7">
         <name>__printfi</name>
         <value>0x80003f60</value>
         <object_component_ref idref="oc-128"/>
      </symbol>
      <symbol id="sm-6c1">
         <name>__args_main</name>
         <value>0x8000aba0</value>
         <object_component_ref idref="oc-10f"/>
      </symbol>
      <symbol id="sm-6c2">
         <name>__TI_args_main</name>
         <value>0x1</value>
      </symbol>
      <symbol id="sm-6d0">
         <name>_atoi</name>
         <value>0x80009200</value>
         <object_component_ref idref="oc-140"/>
      </symbol>
      <symbol id="sm-6df">
         <name>__auto_init</name>
         <value>0x800098a0</value>
         <object_component_ref idref="oc-10e"/>
      </symbol>
      <symbol id="sm-6ec">
         <name>___TI_cpp_init</name>
         <value>0x8000a8e0</value>
         <object_component_ref idref="oc-11b"/>
      </symbol>
      <symbol id="sm-6fa">
         <name>_copy_in</name>
         <value>0x8000a160</value>
         <object_component_ref idref="oc-119"/>
      </symbol>
      <symbol id="sm-702">
         <name>__ctypes_</name>
         <value>0x800119a8</value>
         <object_component_ref idref="oc-158"/>
      </symbol>
      <symbol id="sm-714">
         <name>__divd</name>
         <value>0x80003440</value>
         <object_component_ref idref="oc-16c"/>
      </symbol>
      <symbol id="sm-71d">
         <name>__c6xabi_divu</name>
         <value>0x80009a20</value>
         <object_component_ref idref="oc-178"/>
      </symbol>
      <symbol id="sm-71e">
         <name>__divu</name>
         <value>0x80009a20</value>
         <object_component_ref idref="oc-178"/>
      </symbol>
      <symbol id="sm-72b">
         <name>__fixdli</name>
         <value>0x80009f80</value>
         <object_component_ref idref="oc-173"/>
      </symbol>
      <symbol id="sm-736">
         <name>__fltlid</name>
         <value>0x8000a660</value>
         <object_component_ref idref="oc-175"/>
      </symbol>
      <symbol id="sm-740">
         <name>__frcmpyd_div</name>
         <value>0x8000abe0</value>
         <object_component_ref idref="oc-177"/>
      </symbol>
      <symbol id="sm-751">
         <name>_fseek</name>
         <value>0x80008c00</value>
         <object_component_ref idref="oc-156"/>
      </symbol>
      <symbol id="sm-761">
         <name>__divul</name>
         <value>0x80008140</value>
         <object_component_ref idref="oc-179"/>
      </symbol>
      <symbol id="sm-762">
         <name>__remli</name>
         <value>0x8000ac60</value>
         <object_component_ref idref="oc-17d"/>
      </symbol>
      <symbol id="sm-763">
         <name>__divli</name>
         <value>0x80009da0</value>
         <object_component_ref idref="oc-17e"/>
      </symbol>
      <symbol id="sm-777">
         <name>__subcull</name>
         <value>0x8000a9a0</value>
         <object_component_ref idref="oc-180"/>
      </symbol>
      <symbol id="sm-778">
         <name>__divull</name>
         <value>0x80006e60</value>
         <object_component_ref idref="oc-17a"/>
      </symbol>
      <symbol id="sm-782">
         <name>___isinf</name>
         <value>0x8000ab20</value>
         <object_component_ref idref="oc-15a"/>
      </symbol>
      <symbol id="sm-790">
         <name>__llshl</name>
         <value>0x8000a6e0</value>
         <object_component_ref idref="oc-17f"/>
      </symbol>
      <symbol id="sm-791">
         <name>__llshru</name>
         <value>0x8000ac20</value>
         <object_component_ref idref="oc-176"/>
      </symbol>
      <symbol id="sm-79e">
         <name>_ltoa</name>
         <value>0x80009ba0</value>
         <object_component_ref idref="oc-174"/>
      </symbol>
      <symbol id="sm-7ab">
         <name>_memccpy</name>
         <value>0x8000aa00</value>
         <object_component_ref idref="oc-143"/>
      </symbol>
      <symbol id="sm-7b5">
         <name>__negll</name>
         <value>0x8000ad20</value>
         <object_component_ref idref="oc-15f"/>
      </symbol>
      <symbol id="sm-7cb">
         <name>_setvbuf</name>
         <value>0x80007ba0</value>
         <object_component_ref idref="oc-157"/>
      </symbol>
      <symbol id="sm-7e5">
         <name>__cleanup</name>
         <value>0x80009d00</value>
         <object_component_ref idref="oc-166"/>
      </symbol>
      <symbol id="sm-81e">
         <name>__sys_memory</name>
         <value>0x8000ae00</value>
         <object_component_ref idref="oc-105"/>
      </symbol>
      <symbol id="sm-81f">
         <name>_free</name>
         <value>0x80006960</value>
         <object_component_ref idref="oc-164"/>
      </symbol>
      <symbol id="sm-820">
         <name>_malloc</name>
         <value>0x80008460</value>
         <object_component_ref idref="oc-165"/>
      </symbol>
      <symbol id="sm-832">
         <name>__closefile</name>
         <value>0x800089c0</value>
         <object_component_ref idref="oc-172"/>
      </symbol>
      <symbol id="sm-83c">
         <name>_remove</name>
         <value>0x8000ade0</value>
         <object_component_ref idref="oc-17c"/>
      </symbol>
   </symbol_table>
</link_info>
