<?xml version="1.0"?>
<link_info>
   <banner>TMS320C6x Linker PC v7.4.4</banner>
   <copyright>Copyright (c) 1996-2013 Texas Instruments Incorporated</copyright>
   <link_time>0x5724e25a</link_time>
   <output_file>DSP.out</output_file>
   <entry_point>
      <name>_c_int00</name>
      <address>0x8000a620</address>
   </entry_point>
   <input_file_list>
      <input_file id="fl-2">
         <path>.\asymmetric\</path>
         <kind>object</kind>
         <file>signatures.obj</file>
         <name>signatures.obj</name>
      </input_file>
      <input_file id="fl-3">
         <path>.\asymmetric\</path>
         <kind>object</kind>
         <file>monmult.obj</file>
         <name>monmult.obj</name>
      </input_file>
      <input_file id="fl-4">
         <path>.\asymmetric\</path>
         <kind>object</kind>
         <file>monexp.obj</file>
         <name>monexp.obj</name>
      </input_file>
      <input_file id="fl-5">
         <path>.\bbs\</path>
         <kind>object</kind>
         <file>bbs.obj</file>
         <name>bbs.obj</name>
      </input_file>
      <input_file id="fl-6">
         <path>.\ciphers\sha2\</path>
         <kind>object</kind>
         <file>sha2_wrapper.obj</file>
         <name>sha2_wrapper.obj</name>
      </input_file>
      <input_file id="fl-7">
         <path>.\ciphers\sha2\</path>
         <kind>object</kind>
         <file>sha2.obj</file>
         <name>sha2.obj</name>
      </input_file>
      <input_file id="fl-8">
         <path>.\ocb\</path>
         <kind>object</kind>
         <file>ocb.obj</file>
         <name>ocb.obj</name>
      </input_file>
      <input_file id="fl-9">
         <path>.\ocb\</path>
         <kind>object</kind>
         <file>aes.obj</file>
         <name>aes.obj</name>
      </input_file>
      <input_file id="fl-a">
         <path>.\packman\</path>
         <kind>object</kind>
         <file>packman_slave.obj</file>
         <name>packman_slave.obj</name>
      </input_file>
      <input_file id="fl-b">
         <path>.\packman\</path>
         <kind>object</kind>
         <file>packman_master.obj</file>
         <name>packman_master.obj</name>
      </input_file>
      <input_file id="fl-c">
         <path>.\sts\</path>
         <kind>object</kind>
         <file>sts_slave.obj</file>
         <name>sts_slave.obj</name>
      </input_file>
      <input_file id="fl-d">
         <path>.\sts\</path>
         <kind>object</kind>
         <file>sts_master.obj</file>
         <name>sts_master.obj</name>
      </input_file>
      <input_file id="fl-e">
         <path>.\sts\</path>
         <kind>object</kind>
         <file>slave_keys.obj</file>
         <name>slave_keys.obj</name>
      </input_file>
      <input_file id="fl-f">
         <path>.\sts\</path>
         <kind>object</kind>
         <file>master_keys.obj</file>
         <name>master_keys.obj</name>
      </input_file>
      <input_file id="fl-10">
         <path>.\sts\</path>
         <kind>object</kind>
         <file>dh.obj</file>
         <name>dh.obj</name>
      </input_file>
      <input_file id="fl-11">
         <path>.\tools\</path>
         <kind>object</kind>
         <file>tools.obj</file>
         <name>tools.obj</name>
      </input_file>
      <input_file id="fl-12">
         <path>.\</path>
         <kind>object</kind>
         <file>main.obj</file>
         <name>main.obj</name>
      </input_file>
      <input_file id="fl-13">
         <path>.\</path>
         <kind>object</kind>
         <file>exit.obj</file>
         <name>exit.obj</name>
      </input_file>
      <input_file id="fl-14">
         <path>.\</path>
         <kind>object</kind>
         <file>crypto_wrapper.obj</file>
         <name>crypto_wrapper.obj</name>
      </input_file>
      <input_file id="fl-8f">
         <path>C:\ti\ccsv5\tools\compiler\c6000_7.4.4\lib\</path>
         <kind>archive</kind>
         <file>rts6740.lib</file>
         <name>assert.obj</name>
      </input_file>
      <input_file id="fl-90">
         <path>C:\ti\ccsv5\tools\compiler\c6000_7.4.4\lib\</path>
         <kind>archive</kind>
         <file>rts6740.lib</file>
         <name>boot.obj</name>
      </input_file>
      <input_file id="fl-91">
         <path>C:\ti\ccsv5\tools\compiler\c6000_7.4.4\lib\</path>
         <kind>archive</kind>
         <file>rts6740.lib</file>
         <name>defs.obj</name>
      </input_file>
      <input_file id="fl-92">
         <path>C:\ti\ccsv5\tools\compiler\c6000_7.4.4\lib\</path>
         <kind>archive</kind>
         <file>rts6740.lib</file>
         <name>fflush.obj</name>
      </input_file>
      <input_file id="fl-93">
         <path>C:\ti\ccsv5\tools\compiler\c6000_7.4.4\lib\</path>
         <kind>archive</kind>
         <file>rts6740.lib</file>
         <name>fprintf.obj</name>
      </input_file>
      <input_file id="fl-94">
         <path>C:\ti\ccsv5\tools\compiler\c6000_7.4.4\lib\</path>
         <kind>archive</kind>
         <file>rts6740.lib</file>
         <name>fputc.obj</name>
      </input_file>
      <input_file id="fl-95">
         <path>C:\ti\ccsv5\tools\compiler\c6000_7.4.4\lib\</path>
         <kind>archive</kind>
         <file>rts6740.lib</file>
         <name>fputs.obj</name>
      </input_file>
      <input_file id="fl-96">
         <path>C:\ti\ccsv5\tools\compiler\c6000_7.4.4\lib\</path>
         <kind>archive</kind>
         <file>rts6740.lib</file>
         <name>lowlev.obj</name>
      </input_file>
      <input_file id="fl-97">
         <path>C:\ti\ccsv5\tools\compiler\c6000_7.4.4\lib\</path>
         <kind>archive</kind>
         <file>rts6740.lib</file>
         <name>memcpy64.obj</name>
      </input_file>
      <input_file id="fl-98">
         <path>C:\ti\ccsv5\tools\compiler\c6000_7.4.4\lib\</path>
         <kind>archive</kind>
         <file>rts6740.lib</file>
         <name>memset.obj</name>
      </input_file>
      <input_file id="fl-99">
         <path>C:\ti\ccsv5\tools\compiler\c6000_7.4.4\lib\</path>
         <kind>archive</kind>
         <file>rts6740.lib</file>
         <name>printf.obj</name>
      </input_file>
      <input_file id="fl-9a">
         <path>C:\ti\ccsv5\tools\compiler\c6000_7.4.4\lib\</path>
         <kind>archive</kind>
         <file>rts6740.lib</file>
         <name>remu.obj</name>
      </input_file>
      <input_file id="fl-9b">
         <path>C:\ti\ccsv5\tools\compiler\c6000_7.4.4\lib\</path>
         <kind>archive</kind>
         <file>rts6740.lib</file>
         <name>strasg.obj</name>
      </input_file>
      <input_file id="fl-9c">
         <path>C:\ti\ccsv5\tools\compiler\c6000_7.4.4\lib\</path>
         <kind>archive</kind>
         <file>rts6740.lib</file>
         <name>trgdrv.obj</name>
      </input_file>
      <input_file id="fl-9d">
         <path>C:\ti\ccsv5\tools\compiler\c6000_7.4.4\lib\</path>
         <kind>archive</kind>
         <file>rts6740.lib</file>
         <name>trgmsg.obj</name>
      </input_file>
      <input_file id="fl-9e">
         <path>C:\ti\ccsv5\tools\compiler\c6000_7.4.4\lib\</path>
         <kind>archive</kind>
         <file>rts6740.lib</file>
         <name>_io_perm.obj</name>
      </input_file>
      <input_file id="fl-9f">
         <path>C:\ti\ccsv5\tools\compiler\c6000_7.4.4\lib\</path>
         <kind>archive</kind>
         <file>rts6740.lib</file>
         <name>_lock.obj</name>
      </input_file>
      <input_file id="fl-a0">
         <path>C:\ti\ccsv5\tools\compiler\c6000_7.4.4\lib\</path>
         <kind>archive</kind>
         <file>rts6740.lib</file>
         <name>_printfi.obj</name>
      </input_file>
      <input_file id="fl-a1">
         <path>C:\ti\ccsv5\tools\compiler\c6000_7.4.4\lib\</path>
         <kind>archive</kind>
         <file>rts6740.lib</file>
         <name>args_main.obj</name>
      </input_file>
      <input_file id="fl-a2">
         <path>C:\ti\ccsv5\tools\compiler\c6000_7.4.4\lib\</path>
         <kind>archive</kind>
         <file>rts6740.lib</file>
         <name>atoi.obj</name>
      </input_file>
      <input_file id="fl-a3">
         <path>C:\ti\ccsv5\tools\compiler\c6000_7.4.4\lib\</path>
         <kind>archive</kind>
         <file>rts6740.lib</file>
         <name>autoinit.obj</name>
      </input_file>
      <input_file id="fl-a4">
         <path>C:\ti\ccsv5\tools\compiler\c6000_7.4.4\lib\</path>
         <kind>archive</kind>
         <file>rts6740.lib</file>
         <name>cpp_init.obj</name>
      </input_file>
      <input_file id="fl-a5">
         <path>C:\ti\ccsv5\tools\compiler\c6000_7.4.4\lib\</path>
         <kind>archive</kind>
         <file>rts6740.lib</file>
         <name>cpy_tbl.obj</name>
      </input_file>
      <input_file id="fl-a6">
         <path>C:\ti\ccsv5\tools\compiler\c6000_7.4.4\lib\</path>
         <kind>archive</kind>
         <file>rts6740.lib</file>
         <name>ctype.obj</name>
      </input_file>
      <input_file id="fl-a7">
         <path>C:\ti\ccsv5\tools\compiler\c6000_7.4.4\lib\</path>
         <kind>archive</kind>
         <file>rts6740.lib</file>
         <name>divd.obj</name>
      </input_file>
      <input_file id="fl-a8">
         <path>C:\ti\ccsv5\tools\compiler\c6000_7.4.4\lib\</path>
         <kind>archive</kind>
         <file>rts6740.lib</file>
         <name>divu.obj</name>
      </input_file>
      <input_file id="fl-a9">
         <path>C:\ti\ccsv5\tools\compiler\c6000_7.4.4\lib\</path>
         <kind>archive</kind>
         <file>rts6740.lib</file>
         <name>fixdli.obj</name>
      </input_file>
      <input_file id="fl-aa">
         <path>C:\ti\ccsv5\tools\compiler\c6000_7.4.4\lib\</path>
         <kind>archive</kind>
         <file>rts6740.lib</file>
         <name>fltlid.obj</name>
      </input_file>
      <input_file id="fl-ab">
         <path>C:\ti\ccsv5\tools\compiler\c6000_7.4.4\lib\</path>
         <kind>archive</kind>
         <file>rts6740.lib</file>
         <name>frcmpyd_div.obj</name>
      </input_file>
      <input_file id="fl-ac">
         <path>C:\ti\ccsv5\tools\compiler\c6000_7.4.4\lib\</path>
         <kind>archive</kind>
         <file>rts6740.lib</file>
         <name>fseek.obj</name>
      </input_file>
      <input_file id="fl-ad">
         <path>C:\ti\ccsv5\tools\compiler\c6000_7.4.4\lib\</path>
         <kind>archive</kind>
         <file>rts6740.lib</file>
         <name>imath40.obj</name>
      </input_file>
      <input_file id="fl-ae">
         <path>C:\ti\ccsv5\tools\compiler\c6000_7.4.4\lib\</path>
         <kind>archive</kind>
         <file>rts6740.lib</file>
         <name>imath64.obj</name>
      </input_file>
      <input_file id="fl-af">
         <path>C:\ti\ccsv5\tools\compiler\c6000_7.4.4\lib\</path>
         <kind>archive</kind>
         <file>rts6740.lib</file>
         <name>isinf.obj</name>
      </input_file>
      <input_file id="fl-b0">
         <path>C:\ti\ccsv5\tools\compiler\c6000_7.4.4\lib\</path>
         <kind>archive</kind>
         <file>rts6740.lib</file>
         <name>llshift.obj</name>
      </input_file>
      <input_file id="fl-b1">
         <path>C:\ti\ccsv5\tools\compiler\c6000_7.4.4\lib\</path>
         <kind>archive</kind>
         <file>rts6740.lib</file>
         <name>ltoa.obj</name>
      </input_file>
      <input_file id="fl-b2">
         <path>C:\ti\ccsv5\tools\compiler\c6000_7.4.4\lib\</path>
         <kind>archive</kind>
         <file>rts6740.lib</file>
         <name>memccpy.obj</name>
      </input_file>
      <input_file id="fl-b3">
         <path>C:\ti\ccsv5\tools\compiler\c6000_7.4.4\lib\</path>
         <kind>archive</kind>
         <file>rts6740.lib</file>
         <name>negll.obj</name>
      </input_file>
      <input_file id="fl-b4">
         <path>C:\ti\ccsv5\tools\compiler\c6000_7.4.4\lib\</path>
         <kind>archive</kind>
         <file>rts6740.lib</file>
         <name>setvbuf.obj</name>
      </input_file>
      <input_file id="fl-b5">
         <path>C:\ti\ccsv5\tools\compiler\c6000_7.4.4\lib\</path>
         <kind>archive</kind>
         <file>rts6740.lib</file>
         <name>abs.obj</name>
      </input_file>
      <input_file id="fl-b6">
         <path>C:\ti\ccsv5\tools\compiler\c6000_7.4.4\lib\</path>
         <kind>archive</kind>
         <file>rts6740.lib</file>
         <name>fopen.obj</name>
      </input_file>
      <input_file id="fl-b7">
         <path>C:\ti\ccsv5\tools\compiler\c6000_7.4.4\lib\</path>
         <kind>archive</kind>
         <file>rts6740.lib</file>
         <name>memory.obj</name>
      </input_file>
      <input_file id="fl-b8">
         <path>C:\ti\ccsv5\tools\compiler\c6000_7.4.4\lib\</path>
         <kind>archive</kind>
         <file>rts6740.lib</file>
         <name>fclose.obj</name>
      </input_file>
      <input_file id="fl-b9">
         <path>C:\ti\ccsv5\tools\compiler\c6000_7.4.4\lib\</path>
         <kind>archive</kind>
         <file>rts6740.lib</file>
         <name>remove.obj</name>
      </input_file>
   </input_file_list>
   <object_component_list>
      <object_component id="oc-124">
         <name>.text</name>
         <load_address>0x80000000</load_address>
         <run_address>0x80000000</run_address>
         <size>0x1140</size>
         <input_file_ref idref="fl-9"/>
      </object_component>
      <object_component id="oc-125">
         <name>.text</name>
         <load_address>0x80001140</load_address>
         <run_address>0x80001140</run_address>
         <size>0xa20</size>
         <input_file_ref idref="fl-3"/>
      </object_component>
      <object_component id="oc-117">
         <name>.text</name>
         <load_address>0x80001b60</load_address>
         <run_address>0x80001b60</run_address>
         <size>0xa20</size>
         <input_file_ref idref="fl-8"/>
      </object_component>
      <object_component id="oc-123">
         <name>.text</name>
         <load_address>0x80002580</load_address>
         <run_address>0x80002580</run_address>
         <size>0x9a0</size>
         <input_file_ref idref="fl-7"/>
      </object_component>
      <object_component id="oc-158">
         <name>.text:__divd</name>
         <load_address>0x80002f20</load_address>
         <run_address>0x80002f20</run_address>
         <size>0x5a0</size>
         <input_file_ref idref="fl-a7"/>
      </object_component>
      <object_component id="oc-14a">
         <name>.text:__getarg_diouxp</name>
         <load_address>0x800034c0</load_address>
         <run_address>0x800034c0</run_address>
         <size>0x580</size>
         <input_file_ref idref="fl-a0"/>
      </object_component>
      <object_component id="oc-110">
         <name>.text</name>
         <load_address>0x80003a40</load_address>
         <run_address>0x80003a40</run_address>
         <size>0x480</size>
         <input_file_ref idref="fl-b"/>
      </object_component>
      <object_component id="oc-111">
         <name>.text</name>
         <load_address>0x80003ec0</load_address>
         <run_address>0x80003ec0</run_address>
         <size>0x480</size>
         <input_file_ref idref="fl-a"/>
      </object_component>
      <object_component id="oc-114">
         <name>.text:__printfi</name>
         <load_address>0x80004340</load_address>
         <run_address>0x80004340</run_address>
         <size>0x440</size>
         <input_file_ref idref="fl-a0"/>
      </object_component>
      <object_component id="oc-120">
         <name>.text:__setfield</name>
         <load_address>0x80004780</load_address>
         <run_address>0x80004780</run_address>
         <size>0x440</size>
         <input_file_ref idref="fl-a0"/>
      </object_component>
      <object_component id="oc-11d">
         <name>.text:_fputs</name>
         <load_address>0x80004bc0</load_address>
         <run_address>0x80004bc0</run_address>
         <size>0x3a0</size>
         <input_file_ref idref="fl-95"/>
      </object_component>
      <object_component id="oc-11b">
         <name>.text</name>
         <load_address>0x80004f60</load_address>
         <run_address>0x80004f60</run_address>
         <size>0x360</size>
         <input_file_ref idref="fl-c"/>
      </object_component>
      <object_component id="oc-118">
         <name>.text</name>
         <load_address>0x800052c0</load_address>
         <run_address>0x800052c0</run_address>
         <size>0x340</size>
         <input_file_ref idref="fl-d"/>
      </object_component>
      <object_component id="oc-12d">
         <name>.text:__pproc_fge</name>
         <load_address>0x80005600</load_address>
         <run_address>0x80005600</run_address>
         <size>0x320</size>
         <input_file_ref idref="fl-a0"/>
      </object_component>
      <object_component id="oc-10c">
         <name>.text</name>
         <load_address>0x80005920</load_address>
         <run_address>0x80005920</run_address>
         <size>0x2e0</size>
         <input_file_ref idref="fl-14"/>
      </object_component>
      <object_component id="oc-11f">
         <name>.text:__pproc_fwp</name>
         <load_address>0x80005c00</load_address>
         <run_address>0x80005c00</run_address>
         <size>0x2c0</size>
         <input_file_ref idref="fl-a0"/>
      </object_component>
      <object_component id="oc-112">
         <name>.text</name>
         <load_address>0x80005ec0</load_address>
         <run_address>0x80005ec0</run_address>
         <size>0x2c0</size>
         <input_file_ref idref="fl-11"/>
      </object_component>
      <object_component id="oc-153">
         <name>.text:_ecvt</name>
         <load_address>0x80006180</load_address>
         <run_address>0x80006180</run_address>
         <size>0x2a0</size>
         <input_file_ref idref="fl-a0"/>
      </object_component>
      <object_component id="oc-156">
         <name>.text:_fcvt</name>
         <load_address>0x80006420</load_address>
         <run_address>0x80006420</run_address>
         <size>0x2a0</size>
         <input_file_ref idref="fl-a0"/>
      </object_component>
      <object_component id="oc-150">
         <name>.text:_free</name>
         <load_address>0x800066c0</load_address>
         <run_address>0x800066c0</run_address>
         <size>0x280</size>
         <input_file_ref idref="fl-b7"/>
      </object_component>
      <object_component id="oc-126">
         <name>.text</name>
         <load_address>0x80006940</load_address>
         <run_address>0x80006940</run_address>
         <size>0x280</size>
         <input_file_ref idref="fl-4"/>
      </object_component>
      <object_component id="oc-166">
         <name>.text:__divull</name>
         <load_address>0x80006bc0</load_address>
         <run_address>0x80006bc0</run_address>
         <size>0x260</size>
         <input_file_ref idref="fl-ae"/>
      </object_component>
      <object_component id="oc-149">
         <name>.text:__pconv_e</name>
         <load_address>0x80006e20</load_address>
         <run_address>0x80006e20</run_address>
         <size>0x260</size>
         <input_file_ref idref="fl-a0"/>
      </object_component>
      <object_component id="oc-127">
         <name>.text</name>
         <load_address>0x80007080</load_address>
         <run_address>0x80007080</run_address>
         <size>0x260</size>
         <input_file_ref idref="fl-2"/>
      </object_component>
      <object_component id="oc-12e">
         <name>.text:__pproc_diouxp</name>
         <load_address>0x800072e0</load_address>
         <run_address>0x800072e0</run_address>
         <size>0x240</size>
         <input_file_ref idref="fl-a0"/>
      </object_component>
      <object_component id="oc-121">
         <name>.text:__pproc_str</name>
         <load_address>0x80007520</load_address>
         <run_address>0x80007520</run_address>
         <size>0x220</size>
         <input_file_ref idref="fl-a0"/>
      </object_component>
      <object_component id="oc-122">
         <name>.text:_fputc</name>
         <load_address>0x80007740</load_address>
         <run_address>0x80007740</run_address>
         <size>0x220</size>
         <input_file_ref idref="fl-94"/>
      </object_component>
      <object_component id="oc-147">
         <name>.text:__pconv_g</name>
         <load_address>0x80007960</load_address>
         <run_address>0x80007960</run_address>
         <size>0x200</size>
         <input_file_ref idref="fl-a0"/>
      </object_component>
      <object_component id="oc-143">
         <name>.text:_setvbuf</name>
         <load_address>0x80007b60</load_address>
         <run_address>0x80007b60</run_address>
         <size>0x200</size>
         <input_file_ref idref="fl-b4"/>
      </object_component>
      <object_component id="oc-155">
         <name>.text:__mcpy</name>
         <load_address>0x80007d60</load_address>
         <run_address>0x80007d60</run_address>
         <size>0x1c0</size>
         <input_file_ref idref="fl-a0"/>
      </object_component>
      <object_component id="oc-128">
         <name>.text</name>
         <load_address>0x80007f20</load_address>
         <run_address>0x80007f20</run_address>
         <size>0x1c0</size>
         <input_file_ref idref="fl-5"/>
      </object_component>
      <object_component id="oc-165">
         <name>.text:__divul</name>
         <load_address>0x800080e0</load_address>
         <run_address>0x800080e0</run_address>
         <size>0x1a0</size>
         <input_file_ref idref="fl-ad"/>
      </object_component>
      <object_component id="oc-104">
         <name>.text:_HOSTrename</name>
         <load_address>0x80008280</load_address>
         <run_address>0x80008280</run_address>
         <size>0x180</size>
         <input_file_ref idref="fl-9c"/>
      </object_component>
      <object_component id="oc-151">
         <name>.text:_malloc</name>
         <load_address>0x80008400</load_address>
         <run_address>0x80008400</run_address>
         <size>0x180</size>
         <input_file_ref idref="fl-b7"/>
      </object_component>
      <object_component id="oc-109">
         <name>.text</name>
         <load_address>0x80008580</load_address>
         <run_address>0x80008580</run_address>
         <size>0x160</size>
         <input_file_ref idref="fl-12"/>
      </object_component>
      <object_component id="oc-11e">
         <name>.text:__pproc_fflags</name>
         <load_address>0x800086e0</load_address>
         <run_address>0x800086e0</run_address>
         <size>0x140</size>
         <input_file_ref idref="fl-a0"/>
      </object_component>
      <object_component id="oc-16e">
         <name>.text:_getdevice</name>
         <load_address>0x80008820</load_address>
         <run_address>0x80008820</run_address>
         <size>0x140</size>
         <input_file_ref idref="fl-96"/>
      </object_component>
      <object_component id="oc-15e">
         <name>.text:__closefile</name>
         <load_address>0x80008960</load_address>
         <run_address>0x80008960</run_address>
         <size>0x120</size>
         <input_file_ref idref="fl-b8"/>
      </object_component>
      <object_component id="oc-14c">
         <name>.text:__ltostr</name>
         <load_address>0x80008a80</load_address>
         <run_address>0x80008a80</run_address>
         <size>0x120</size>
         <input_file_ref idref="fl-a0"/>
      </object_component>
      <object_component id="oc-142">
         <name>.text:_fseek</name>
         <load_address>0x80008ba0</load_address>
         <run_address>0x80008ba0</run_address>
         <size>0x120</size>
         <input_file_ref idref="fl-ac"/>
      </object_component>
      <object_component id="oc-102">
         <name>.text:_HOSTlseek</name>
         <load_address>0x80008cc0</load_address>
         <run_address>0x80008cc0</run_address>
         <size>0x100</size>
         <input_file_ref idref="fl-9c"/>
      </object_component>
      <object_component id="oc-129">
         <name>.text:__wrt_ok</name>
         <load_address>0x80008dc0</load_address>
         <run_address>0x80008dc0</run_address>
         <size>0x100</size>
         <input_file_ref idref="fl-9e"/>
      </object_component>
      <object_component id="oc-14d">
         <name>.text:_fprintf</name>
         <load_address>0x80008ec0</load_address>
         <run_address>0x80008ec0</run_address>
         <size>0x100</size>
         <input_file_ref idref="fl-93"/>
      </object_component>
      <object_component id="oc-fe">
         <name>.text:_HOSTopen</name>
         <load_address>0x80008fc0</load_address>
         <run_address>0x80008fc0</run_address>
         <size>0xe0</size>
         <input_file_ref idref="fl-9c"/>
      </object_component>
      <object_component id="oc-12c">
         <name>.text:_atoi</name>
         <load_address>0x800090a0</load_address>
         <run_address>0x800090a0</run_address>
         <size>0xe0</size>
         <input_file_ref idref="fl-a2"/>
      </object_component>
      <object_component id="oc-167">
         <name>.text:_close</name>
         <load_address>0x80009180</load_address>
         <run_address>0x80009180</run_address>
         <size>0xe0</size>
         <input_file_ref idref="fl-96"/>
      </object_component>
      <object_component id="oc-14e">
         <name>.text:_fflush</name>
         <load_address>0x80009260</load_address>
         <run_address>0x80009260</run_address>
         <size>0xe0</size>
         <input_file_ref idref="fl-92"/>
      </object_component>
      <object_component id="oc-11a">
         <name>.text:_memset</name>
         <load_address>0x80009340</load_address>
         <run_address>0x80009340</run_address>
         <size>0xe0</size>
         <input_file_ref idref="fl-98"/>
      </object_component>
      <object_component id="oc-10f">
         <name>.text:_printf</name>
         <load_address>0x80009420</load_address>
         <run_address>0x80009420</run_address>
         <size>0xe0</size>
         <input_file_ref idref="fl-99"/>
      </object_component>
      <object_component id="oc-100">
         <name>.text:_HOSTread</name>
         <load_address>0x80009500</load_address>
         <run_address>0x80009500</run_address>
         <size>0xc0</size>
         <input_file_ref idref="fl-9c"/>
      </object_component>
      <object_component id="oc-103">
         <name>.text:_HOSTunlink</name>
         <load_address>0x800095c0</load_address>
         <run_address>0x800095c0</run_address>
         <size>0xc0</size>
         <input_file_ref idref="fl-9c"/>
      </object_component>
      <object_component id="oc-101">
         <name>.text:_HOSTwrite</name>
         <load_address>0x80009680</load_address>
         <run_address>0x80009680</run_address>
         <size>0xc0</size>
         <input_file_ref idref="fl-9c"/>
      </object_component>
      <object_component id="oc-fb">
         <name>.text:__auto_init</name>
         <load_address>0x80009740</load_address>
         <run_address>0x80009740</run_address>
         <size>0xc0</size>
         <input_file_ref idref="fl-a3"/>
      </object_component>
      <object_component id="oc-159">
         <name>.text:__div</name>
         <load_address>0x80009800</load_address>
         <run_address>0x80009800</run_address>
         <size>0xc0</size>
         <input_file_ref idref="fl-a0"/>
      </object_component>
      <object_component id="oc-164">
         <name>.text:__divu</name>
         <load_address>0x800098c0</load_address>
         <run_address>0x800098c0</run_address>
         <size>0xc0</size>
         <input_file_ref idref="fl-a8"/>
      </object_component>
      <object_component id="oc-12a">
         <name>.text:__doflush</name>
         <load_address>0x80009980</load_address>
         <run_address>0x80009980</run_address>
         <size>0xc0</size>
         <input_file_ref idref="fl-92"/>
      </object_component>
      <object_component id="oc-160">
         <name>.text:_ltoa</name>
         <load_address>0x80009a40</load_address>
         <run_address>0x80009a40</run_address>
         <size>0xc0</size>
         <input_file_ref idref="fl-b1"/>
      </object_component>
      <object_component id="oc-fd">
         <name>.text</name>
         <load_address>0x80009b00</load_address>
         <run_address>0x80009b00</run_address>
         <size>0xc0</size>
         <input_file_ref idref="fl-13"/>
      </object_component>
      <object_component id="oc-ff">
         <name>.text:_HOSTclose</name>
         <load_address>0x80009bc0</load_address>
         <run_address>0x80009bc0</run_address>
         <size>0xa0</size>
         <input_file_ref idref="fl-9c"/>
      </object_component>
      <object_component id="oc-152">
         <name>.text:__cleanup</name>
         <load_address>0x80009c60</load_address>
         <run_address>0x80009c60</run_address>
         <size>0xa0</size>
         <input_file_ref idref="fl-b6"/>
      </object_component>
      <object_component id="oc-16a">
         <name>.text:__divli</name>
         <load_address>0x80009d00</load_address>
         <run_address>0x80009d00</run_address>
         <size>0xa0</size>
         <input_file_ref idref="fl-ad"/>
      </object_component>
      <object_component id="oc-154">
         <name>.text:__ecpy</name>
         <load_address>0x80009da0</load_address>
         <run_address>0x80009da0</run_address>
         <size>0xa0</size>
         <input_file_ref idref="fl-a0"/>
      </object_component>
      <object_component id="oc-157">
         <name>.text:__fcpy</name>
         <load_address>0x80009e40</load_address>
         <run_address>0x80009e40</run_address>
         <size>0xa0</size>
         <input_file_ref idref="fl-a0"/>
      </object_component>
      <object_component id="oc-15f">
         <name>.text:__fixdli</name>
         <load_address>0x80009ee0</load_address>
         <run_address>0x80009ee0</run_address>
         <size>0xa0</size>
         <input_file_ref idref="fl-a9"/>
      </object_component>
      <object_component id="oc-148">
         <name>.text:__pconv_f</name>
         <load_address>0x80009f80</load_address>
         <run_address>0x80009f80</run_address>
         <size>0xa0</size>
         <input_file_ref idref="fl-a0"/>
      </object_component>
      <object_component id="oc-141">
         <name>.text:__remu</name>
         <load_address>0x8000a020</load_address>
         <run_address>0x8000a020</run_address>
         <size>0xa0</size>
         <input_file_ref idref="fl-9a"/>
      </object_component>
      <object_component id="oc-106">
         <name>.text:_copy_in</name>
         <load_address>0x8000a0c0</load_address>
         <run_address>0x8000a0c0</run_address>
         <size>0xa0</size>
         <input_file_ref idref="fl-a5"/>
      </object_component>
      <object_component id="oc-16f">
         <name>.text:_finddevice</name>
         <load_address>0x8000a160</load_address>
         <run_address>0x8000a160</run_address>
         <size>0xa0</size>
         <input_file_ref idref="fl-96"/>
      </object_component>
      <object_component id="oc-14f">
         <name>.text:_lseek</name>
         <load_address>0x8000a200</load_address>
         <run_address>0x8000a200</run_address>
         <size>0xa0</size>
         <input_file_ref idref="fl-96"/>
      </object_component>
      <object_component id="oc-107">
         <name>.text:_memcpy</name>
         <load_address>0x8000a2a0</load_address>
         <run_address>0x8000a2a0</run_address>
         <size>0xa0</size>
         <input_file_ref idref="fl-97"/>
      </object_component>
      <object_component id="oc-15d">
         <name>.text:_minsert</name>
         <load_address>0x8000a340</load_address>
         <run_address>0x8000a340</run_address>
         <size>0xa0</size>
         <input_file_ref idref="fl-b7"/>
      </object_component>
      <object_component id="oc-15c">
         <name>.text:_mremove</name>
         <load_address>0x8000a3e0</load_address>
         <run_address>0x8000a3e0</run_address>
         <size>0xa0</size>
         <input_file_ref idref="fl-b7"/>
      </object_component>
      <object_component id="oc-12b">
         <name>.text:_write</name>
         <load_address>0x8000a480</load_address>
         <run_address>0x8000a480</run_address>
         <size>0xa0</size>
         <input_file_ref idref="fl-96"/>
      </object_component>
      <object_component id="oc-161">
         <name>.text:__fltlid</name>
         <load_address>0x8000a520</load_address>
         <run_address>0x8000a520</run_address>
         <size>0x80</size>
         <input_file_ref idref="fl-aa"/>
      </object_component>
      <object_component id="oc-16b">
         <name>.text:__llshl</name>
         <load_address>0x8000a5a0</load_address>
         <run_address>0x8000a5a0</run_address>
         <size>0x80</size>
         <input_file_ref idref="fl-b0"/>
      </object_component>
      <object_component id="oc-17">
         <name>.text:_c_int00</name>
         <load_address>0x8000a620</load_address>
         <run_address>0x8000a620</run_address>
         <size>0x80</size>
         <input_file_ref idref="fl-90"/>
      </object_component>
      <object_component id="oc-10b">
         <name>.text:_readmsg</name>
         <load_address>0x8000a6a0</load_address>
         <run_address>0x8000a6a0</run_address>
         <size>0x80</size>
         <input_file_ref idref="fl-9d"/>
      </object_component>
      <object_component id="oc-16d">
         <name>.text:_unlink</name>
         <load_address>0x8000a720</load_address>
         <run_address>0x8000a720</run_address>
         <size>0x80</size>
         <input_file_ref idref="fl-96"/>
      </object_component>
      <object_component id="oc-108">
         <name>.text:___TI_cpp_init</name>
         <load_address>0x8000a7a0</load_address>
         <run_address>0x8000a7a0</run_address>
         <size>0x60</size>
         <input_file_ref idref="fl-a4"/>
      </object_component>
      <object_component id="oc-131">
         <name>.text:__abort_msg</name>
         <load_address>0x8000a800</load_address>
         <run_address>0x8000a800</run_address>
         <size>0x60</size>
         <input_file_ref idref="fl-8f"/>
      </object_component>
      <object_component id="oc-16c">
         <name>.text:__subcull</name>
         <load_address>0x8000a860</load_address>
         <run_address>0x8000a860</run_address>
         <size>0x60</size>
         <input_file_ref idref="fl-ae"/>
      </object_component>
      <object_component id="oc-12f">
         <name>.text:_memccpy</name>
         <load_address>0x8000a8c0</load_address>
         <run_address>0x8000a8c0</run_address>
         <size>0x60</size>
         <input_file_ref idref="fl-b2"/>
      </object_component>
      <object_component id="oc-10a">
         <name>.text:_writemsg</name>
         <load_address>0x8000a920</load_address>
         <run_address>0x8000a920</run_address>
         <size>0x60</size>
         <input_file_ref idref="fl-9d"/>
      </object_component>
      <object_component id="oc-116">
         <name>.text</name>
         <load_address>0x8000a980</load_address>
         <run_address>0x8000a980</run_address>
         <size>0x60</size>
         <input_file_ref idref="fl-6"/>
      </object_component>
      <object_component id="oc-146">
         <name>.text:___isinf</name>
         <load_address>0x8000a9e0</load_address>
         <run_address>0x8000a9e0</run_address>
         <size>0x40</size>
         <input_file_ref idref="fl-af"/>
      </object_component>
      <object_component id="oc-145">
         <name>.text:___isnan</name>
         <load_address>0x8000aa20</load_address>
         <run_address>0x8000aa20</run_address>
         <size>0x40</size>
         <input_file_ref idref="fl-a0"/>
      </object_component>
      <object_component id="oc-fc">
         <name>.text:__args_main</name>
         <load_address>0x8000aa60</load_address>
         <run_address>0x8000aa60</run_address>
         <size>0x40</size>
         <input_file_ref idref="fl-a1"/>
      </object_component>
      <object_component id="oc-163">
         <name>.text:__frcmpyd_div</name>
         <load_address>0x8000aaa0</load_address>
         <run_address>0x8000aaa0</run_address>
         <size>0x40</size>
         <input_file_ref idref="fl-ab"/>
      </object_component>
      <object_component id="oc-162">
         <name>.text:__llshru</name>
         <load_address>0x8000aae0</load_address>
         <run_address>0x8000aae0</run_address>
         <size>0x40</size>
         <input_file_ref idref="fl-b0"/>
      </object_component>
      <object_component id="oc-169">
         <name>.text:__remli</name>
         <load_address>0x8000ab20</load_address>
         <run_address>0x8000ab20</run_address>
         <size>0x40</size>
         <input_file_ref idref="fl-ad"/>
      </object_component>
      <object_component id="oc-10e">
         <name>.text:__strasgi_64plus</name>
         <load_address>0x8000ab60</load_address>
         <run_address>0x8000ab60</run_address>
         <size>0x40</size>
         <input_file_ref idref="fl-9b"/>
      </object_component>
      <object_component id="oc-14b">
         <name>.text:__negll</name>
         <load_address>0x8000aba0</load_address>
         <run_address>0x8000aba0</run_address>
         <size>0x20</size>
         <input_file_ref idref="fl-b3"/>
      </object_component>
      <object_component id="oc-105">
         <name>.text:__nop</name>
         <load_address>0x8000abc0</load_address>
         <run_address>0x8000abc0</run_address>
         <size>0x20</size>
         <input_file_ref idref="fl-9f"/>
      </object_component>
      <object_component id="oc-15b">
         <name>.text:__outc</name>
         <load_address>0x8000abe0</load_address>
         <run_address>0x8000abe0</run_address>
         <size>0x20</size>
         <input_file_ref idref="fl-93"/>
      </object_component>
      <object_component id="oc-115">
         <name>.text:__outc</name>
         <load_address>0x8000ac00</load_address>
         <run_address>0x8000ac00</run_address>
         <size>0x20</size>
         <input_file_ref idref="fl-99"/>
      </object_component>
      <object_component id="oc-15a">
         <name>.text:__outs</name>
         <load_address>0x8000ac20</load_address>
         <run_address>0x8000ac20</run_address>
         <size>0x20</size>
         <input_file_ref idref="fl-93"/>
      </object_component>
      <object_component id="oc-113">
         <name>.text:__outs</name>
         <load_address>0x8000ac40</load_address>
         <run_address>0x8000ac40</run_address>
         <size>0x20</size>
         <input_file_ref idref="fl-99"/>
      </object_component>
      <object_component id="oc-168">
         <name>.text:_remove</name>
         <load_address>0x8000ac60</load_address>
         <run_address>0x8000ac60</run_address>
         <size>0x20</size>
         <input_file_ref idref="fl-b9"/>
      </object_component>
      <object_component id="oc-70">
         <name>.stack</name>
         <uninitialized>true</uninitialized>
         <run_address>0x80011c68</run_address>
         <size>0x8</size>
         <input_file_ref idref="fl-90"/>
      </object_component>
      <object_component id="oc-18c">
         <name>.stack</name>
         <uninitialized>true</uninitialized>
         <run_address>0x80011c68</run_address>
         <size>0x0</size>
      </object_component>
      <object_component id="oc-18">
         <name>.bss</name>
         <uninitialized>true</uninitialized>
         <run_address>0x80016788</run_address>
         <size>0x4</size>
         <input_file_ref idref="fl-2"/>
      </object_component>
      <object_component id="oc-1d">
         <name>.bss</name>
         <uninitialized>true</uninitialized>
         <run_address>0x8001678c</run_address>
         <size>0x1</size>
         <input_file_ref idref="fl-3"/>
      </object_component>
      <object_component id="oc-25">
         <name>.bss</name>
         <uninitialized>true</uninitialized>
         <run_address>0x80016778</run_address>
         <size>0x4</size>
         <input_file_ref idref="fl-5"/>
      </object_component>
      <object_component id="oc-2d">
         <name>.bss</name>
         <uninitialized>true</uninitialized>
         <run_address>0x80016784</run_address>
         <size>0x4</size>
         <input_file_ref idref="fl-7"/>
      </object_component>
      <object_component id="oc-39">
         <name>.bss</name>
         <uninitialized>true</uninitialized>
         <run_address>0x80016780</run_address>
         <size>0x4</size>
         <input_file_ref idref="fl-a"/>
      </object_component>
      <object_component id="oc-40">
         <name>.bss</name>
         <uninitialized>true</uninitialized>
         <run_address>0x8001677c</run_address>
         <size>0x4</size>
         <input_file_ref idref="fl-b"/>
      </object_component>
      <object_component id="oc-47">
         <name>.bss</name>
         <uninitialized>true</uninitialized>
         <run_address>0x80016764</run_address>
         <size>0xc</size>
         <input_file_ref idref="fl-c"/>
      </object_component>
      <object_component id="oc-4d">
         <name>.bss</name>
         <uninitialized>true</uninitialized>
         <run_address>0x80016758</run_address>
         <size>0xc</size>
         <input_file_ref idref="fl-d"/>
      </object_component>
      <object_component id="oc-66">
         <name>.bss</name>
         <uninitialized>true</uninitialized>
         <run_address>0x80016770</run_address>
         <size>0x8</size>
         <input_file_ref idref="fl-14"/>
      </object_component>
      <object_component id="oc-9d">
         <name>.cio</name>
         <uninitialized>true</uninitialized>
         <run_address>0x80016638</run_address>
         <size>0x120</size>
         <input_file_ref idref="fl-9d"/>
      </object_component>
      <object_component id="oc-137">
         <name>.const:_Td0</name>
         <load_address>0x8000ec80</load_address>
         <run_address>0x8000ec80</run_address>
         <size>0x400</size>
         <input_file_ref idref="fl-9"/>
      </object_component>
      <object_component id="oc-138">
         <name>.const:_Td1</name>
         <load_address>0x8000f080</load_address>
         <run_address>0x8000f080</run_address>
         <size>0x400</size>
         <input_file_ref idref="fl-9"/>
      </object_component>
      <object_component id="oc-135">
         <name>.const:_Td2</name>
         <load_address>0x8000f480</load_address>
         <run_address>0x8000f480</run_address>
         <size>0x400</size>
         <input_file_ref idref="fl-9"/>
      </object_component>
      <object_component id="oc-136">
         <name>.const:_Td3</name>
         <load_address>0x8000f880</load_address>
         <run_address>0x8000f880</run_address>
         <size>0x400</size>
         <input_file_ref idref="fl-9"/>
      </object_component>
      <object_component id="oc-13d">
         <name>.const:_Td4</name>
         <load_address>0x8000fc80</load_address>
         <run_address>0x8000fc80</run_address>
         <size>0x400</size>
         <input_file_ref idref="fl-9"/>
      </object_component>
      <object_component id="oc-13c">
         <name>.const:_Te0</name>
         <load_address>0x80010080</load_address>
         <run_address>0x80010080</run_address>
         <size>0x400</size>
         <input_file_ref idref="fl-9"/>
      </object_component>
      <object_component id="oc-13a">
         <name>.const:_Te1</name>
         <load_address>0x80010480</load_address>
         <run_address>0x80010480</run_address>
         <size>0x400</size>
         <input_file_ref idref="fl-9"/>
      </object_component>
      <object_component id="oc-139">
         <name>.const:_Te2</name>
         <load_address>0x80010880</load_address>
         <run_address>0x80010880</run_address>
         <size>0x400</size>
         <input_file_ref idref="fl-9"/>
      </object_component>
      <object_component id="oc-13b">
         <name>.const:_Te3</name>
         <load_address>0x80010c80</load_address>
         <run_address>0x80010c80</run_address>
         <size>0x400</size>
         <input_file_ref idref="fl-9"/>
      </object_component>
      <object_component id="oc-134">
         <name>.const:_Te4</name>
         <load_address>0x80011080</load_address>
         <run_address>0x80011080</run_address>
         <size>0x400</size>
         <input_file_ref idref="fl-9"/>
      </object_component>
      <object_component id="oc-68">
         <name>.const:.string</name>
         <load_address>0x80011480</load_address>
         <run_address>0x80011480</run_address>
         <size>0x27b</size>
         <input_file_ref idref="fl-14"/>
      </object_component>
      <object_component id="oc-30">
         <name>.const:.string</name>
         <load_address>0x800116fb</load_address>
         <run_address>0x800116fb</run_address>
         <size>0x12c</size>
         <input_file_ref idref="fl-7"/>
      </object_component>
      <object_component id="oc-144">
         <name>.const:.string:__ctypes_</name>
         <load_address>0x80011828</load_address>
         <run_address>0x80011828</run_address>
         <size>0x101</size>
         <input_file_ref idref="fl-a6"/>
      </object_component>
      <object_component id="oc-6c">
         <name>.const:.string</name>
         <load_address>0x80011929</load_address>
         <run_address>0x80011929</run_address>
         <size>0x3</size>
         <input_file_ref idref="fl-8f"/>
      </object_component>
      <object_component id="oc-81">
         <name>.const:.string</name>
         <load_address>0x8001192c</load_address>
         <run_address>0x8001192c</run_address>
         <size>0x2</size>
         <input_file_ref idref="fl-95"/>
      </object_component>
      <object_component id="oc-130">
         <name>.const:_K256</name>
         <load_address>0x80011930</load_address>
         <run_address>0x80011930</run_address>
         <size>0x100</size>
         <input_file_ref idref="fl-7"/>
      </object_component>
      <object_component id="oc-13f">
         <name>.const:.string:_$P$T0$1</name>
         <load_address>0x80011a30</load_address>
         <run_address>0x80011a30</run_address>
         <size>0x9c</size>
         <input_file_ref idref="fl-4"/>
      </object_component>
      <object_component id="oc-5a">
         <name>.const:.string</name>
         <load_address>0x80011acc</load_address>
         <run_address>0x80011acc</run_address>
         <size>0x45</size>
         <input_file_ref idref="fl-11"/>
      </object_component>
      <object_component id="oc-10d">
         <name>.const:_$P$T0$1</name>
         <load_address>0x80011b18</load_address>
         <run_address>0x80011b18</run_address>
         <size>0x3c</size>
         <input_file_ref idref="fl-12"/>
      </object_component>
      <object_component id="oc-5e">
         <name>.const:.string</name>
         <load_address>0x80011b54</load_address>
         <run_address>0x80011b54</run_address>
         <size>0x33</size>
         <input_file_ref idref="fl-12"/>
      </object_component>
      <object_component id="oc-3d">
         <name>.const:.string</name>
         <load_address>0x80011b87</load_address>
         <run_address>0x80011b87</run_address>
         <size>0x29</size>
         <input_file_ref idref="fl-a"/>
      </object_component>
      <object_component id="oc-133">
         <name>.const:_rcon</name>
         <load_address>0x80011bb0</load_address>
         <run_address>0x80011bb0</run_address>
         <size>0x28</size>
         <input_file_ref idref="fl-9"/>
      </object_component>
      <object_component id="oc-a9">
         <name>.const:.string</name>
         <load_address>0x80011bd8</load_address>
         <run_address>0x80011bd8</run_address>
         <size>0x23</size>
         <input_file_ref idref="fl-a0"/>
      </object_component>
      <object_component id="oc-132">
         <name>.const:_sha256_initial_hash_value</name>
         <load_address>0x80011c00</load_address>
         <run_address>0x80011c00</run_address>
         <size>0x20</size>
         <input_file_ref idref="fl-7"/>
      </object_component>
      <object_component id="oc-140">
         <name>.const:.string:_sha256_prefix</name>
         <load_address>0x80011c20</load_address>
         <run_address>0x80011c20</run_address>
         <size>0x13</size>
         <input_file_ref idref="fl-2"/>
      </object_component>
      <object_component id="oc-44">
         <name>.const:.string</name>
         <load_address>0x80011c33</load_address>
         <run_address>0x80011c33</run_address>
         <size>0x12</size>
         <input_file_ref idref="fl-b"/>
      </object_component>
      <object_component id="oc-13e">
         <name>.const:.string:_$P$T0$1</name>
         <load_address>0x80011c48</load_address>
         <run_address>0x80011c48</run_address>
         <size>0x9</size>
         <input_file_ref idref="fl-3"/>
      </object_component>
      <object_component id="oc-119">
         <name>.const:.string:_$P$T0$1</name>
         <load_address>0x80011c58</load_address>
         <run_address>0x80011c58</run_address>
         <size>0x6</size>
         <input_file_ref idref="fl-b"/>
      </object_component>
      <object_component id="oc-11c">
         <name>.const:.string:_$P$T0$1</name>
         <load_address>0x80011c60</load_address>
         <run_address>0x80011c60</run_address>
         <size>0x6</size>
         <input_file_ref idref="fl-a"/>
      </object_component>
      <object_component id="oc-f2">
         <name>.sysmem</name>
         <uninitialized>true</uninitialized>
         <run_address>0x8000ac80</run_address>
         <size>0x8</size>
         <input_file_ref idref="fl-b7"/>
      </object_component>
      <object_component id="oc-18d">
         <name>.sysmem</name>
         <uninitialized>true</uninitialized>
         <run_address>0x8000ac80</run_address>
         <size>0x0</size>
      </object_component>
      <object_component id="oc-3c">
         <name>.far</name>
         <uninitialized>true</uninitialized>
         <run_address>0x80015450</run_address>
         <size>0x9c</size>
         <input_file_ref idref="fl-a"/>
      </object_component>
      <object_component id="oc-43">
         <name>.far</name>
         <uninitialized>true</uninitialized>
         <run_address>0x800153b0</run_address>
         <size>0x9c</size>
         <input_file_ref idref="fl-b"/>
      </object_component>
      <object_component id="oc-4a">
         <name>.far</name>
         <uninitialized>true</uninitialized>
         <run_address>0x800145e8</run_address>
         <size>0x97c</size>
         <input_file_ref idref="fl-c"/>
      </object_component>
      <object_component id="oc-50">
         <name>.far</name>
         <uninitialized>true</uninitialized>
         <run_address>0x80013c68</run_address>
         <size>0x97c</size>
         <input_file_ref idref="fl-d"/>
      </object_component>
      <object_component id="oc-63">
         <name>.far</name>
         <uninitialized>true</uninitialized>
         <run_address>0x800154ec</run_address>
         <size>0xc</size>
         <input_file_ref idref="fl-13"/>
      </object_component>
      <object_component id="oc-75">
         <name>.far</name>
         <uninitialized>true</uninitialized>
         <run_address>0x80014f68</run_address>
         <size>0x324</size>
         <input_file_ref idref="fl-91"/>
      </object_component>
      <object_component id="oc-86">
         <name>.far</name>
         <uninitialized>true</uninitialized>
         <run_address>0x80015290</run_address>
         <size>0x11c</size>
         <input_file_ref idref="fl-96"/>
      </object_component>
      <object_component id="oc-99">
         <name>.far</name>
         <uninitialized>true</uninitialized>
         <run_address>0x80015508</run_address>
         <size>0x8</size>
         <input_file_ref idref="fl-9c"/>
      </object_component>
      <object_component id="oc-a5">
         <name>.far</name>
         <uninitialized>true</uninitialized>
         <run_address>0x800154f8</run_address>
         <size>0x8</size>
         <input_file_ref idref="fl-9f"/>
      </object_component>
      <object_component id="oc-ec">
         <name>.far</name>
         <uninitialized>true</uninitialized>
         <run_address>0x800145e4</run_address>
         <size>0x4</size>
         <input_file_ref idref="fl-b6"/>
      </object_component>
      <object_component id="oc-f1">
         <name>.far</name>
         <uninitialized>true</uninitialized>
         <run_address>0x80015500</run_address>
         <size>0x8</size>
         <input_file_ref idref="fl-b7"/>
      </object_component>
      <object_component id="oc-4f">
         <name>.cinit</name>
         <load_address>0x80015510</load_address>
         <run_address>0x80015510</run_address>
         <size>0x7a4</size>
         <input_file_ref idref="fl-d"/>
      </object_component>
      <object_component id="oc-49">
         <name>.cinit</name>
         <load_address>0x80015cb8</load_address>
         <run_address>0x80015cb8</run_address>
         <size>0x7a4</size>
         <input_file_ref idref="fl-c"/>
      </object_component>
      <object_component id="oc-74">
         <name>.cinit</name>
         <load_address>0x80016460</load_address>
         <run_address>0x80016460</run_address>
         <size>0x5c</size>
         <input_file_ref idref="fl-91"/>
      </object_component>
      <object_component id="oc-85">
         <name>.cinit</name>
         <load_address>0x800164c0</load_address>
         <run_address>0x800164c0</run_address>
         <size>0x5c</size>
         <input_file_ref idref="fl-96"/>
      </object_component>
      <object_component id="oc-62">
         <name>.cinit</name>
         <load_address>0x80016520</load_address>
         <run_address>0x80016520</run_address>
         <size>0x2c</size>
         <input_file_ref idref="fl-13"/>
      </object_component>
      <object_component id="oc-f0">
         <name>.cinit</name>
         <load_address>0x80016550</load_address>
         <run_address>0x80016550</run_address>
         <size>0x2c</size>
         <input_file_ref idref="fl-b7"/>
      </object_component>
      <object_component id="oc-42">
         <name>.cinit</name>
         <load_address>0x80016580</load_address>
         <run_address>0x80016580</run_address>
         <size>0x1c</size>
         <input_file_ref idref="fl-b"/>
      </object_component>
      <object_component id="oc-3b">
         <name>.cinit</name>
         <load_address>0x800165a0</load_address>
         <run_address>0x800165a0</run_address>
         <size>0x1c</size>
         <input_file_ref idref="fl-a"/>
      </object_component>
      <object_component id="oc-a4">
         <name>.cinit</name>
         <load_address>0x800165c0</load_address>
         <run_address>0x800165c0</run_address>
         <size>0x1c</size>
         <input_file_ref idref="fl-9f"/>
      </object_component>
      <object_component id="oc-27">
         <name>.cinit</name>
         <load_address>0x800165e0</load_address>
         <run_address>0x800165e0</run_address>
         <size>0xc</size>
         <input_file_ref idref="fl-5"/>
      </object_component>
      <object_component id="oc-eb">
         <name>.cinit</name>
         <load_address>0x800165f0</load_address>
         <run_address>0x800165f0</run_address>
         <size>0xc</size>
         <input_file_ref idref="fl-b6"/>
      </object_component>
      <object_component id="oc-2f">
         <name>.cinit</name>
         <load_address>0x80016600</load_address>
         <run_address>0x80016600</run_address>
         <size>0xc</size>
         <input_file_ref idref="fl-7"/>
      </object_component>
      <object_component id="oc-1a">
         <name>.cinit</name>
         <load_address>0x80016610</load_address>
         <run_address>0x80016610</run_address>
         <size>0xc</size>
         <input_file_ref idref="fl-2"/>
      </object_component>
      <object_component id="oc-1f">
         <name>.cinit</name>
         <load_address>0x80016620</load_address>
         <run_address>0x80016620</run_address>
         <size>0x9</size>
         <input_file_ref idref="fl-3"/>
      </object_component>
      <object_component id="oc-19">
         <name>.debug_info</name>
         <load_address>0x0</load_address>
         <run_address>0x0</run_address>
         <size>0xcb9</size>
         <input_file_ref idref="fl-2"/>
      </object_component>
      <object_component id="oc-1e">
         <name>.debug_info</name>
         <load_address>0xcb9</load_address>
         <run_address>0xcb9</run_address>
         <size>0xd40</size>
         <input_file_ref idref="fl-3"/>
      </object_component>
      <object_component id="oc-22">
         <name>.debug_info</name>
         <load_address>0x19f9</load_address>
         <run_address>0x19f9</run_address>
         <size>0xaa5</size>
         <input_file_ref idref="fl-4"/>
      </object_component>
      <object_component id="oc-26">
         <name>.debug_info</name>
         <load_address>0x249e</load_address>
         <run_address>0x249e</run_address>
         <size>0x93e</size>
         <input_file_ref idref="fl-5"/>
      </object_component>
      <object_component id="oc-2a">
         <name>.debug_info</name>
         <load_address>0x2ddc</load_address>
         <run_address>0x2ddc</run_address>
         <size>0x83f</size>
         <input_file_ref idref="fl-6"/>
      </object_component>
      <object_component id="oc-2e">
         <name>.debug_info</name>
         <load_address>0x361b</load_address>
         <run_address>0x361b</run_address>
         <size>0xf8d</size>
         <input_file_ref idref="fl-7"/>
      </object_component>
      <object_component id="oc-33">
         <name>.debug_info</name>
         <load_address>0x45a8</load_address>
         <run_address>0x45a8</run_address>
         <size>0x13ad</size>
         <input_file_ref idref="fl-8"/>
      </object_component>
      <object_component id="oc-36">
         <name>.debug_info</name>
         <load_address>0x5955</load_address>
         <run_address>0x5955</run_address>
         <size>0xf1a</size>
         <input_file_ref idref="fl-9"/>
      </object_component>
      <object_component id="oc-3a">
         <name>.debug_info</name>
         <load_address>0x686f</load_address>
         <run_address>0x686f</run_address>
         <size>0xcf9</size>
         <input_file_ref idref="fl-a"/>
      </object_component>
      <object_component id="oc-41">
         <name>.debug_info</name>
         <load_address>0x7568</load_address>
         <run_address>0x7568</run_address>
         <size>0xd00</size>
         <input_file_ref idref="fl-b"/>
      </object_component>
      <object_component id="oc-48">
         <name>.debug_info</name>
         <load_address>0x8268</load_address>
         <run_address>0x8268</run_address>
         <size>0x1030</size>
         <input_file_ref idref="fl-c"/>
      </object_component>
      <object_component id="oc-4e">
         <name>.debug_info</name>
         <load_address>0x9298</load_address>
         <run_address>0x9298</run_address>
         <size>0x1069</size>
         <input_file_ref idref="fl-d"/>
      </object_component>
      <object_component id="oc-53">
         <name>.debug_info</name>
         <load_address>0xa301</load_address>
         <run_address>0xa301</run_address>
         <size>0x5c8</size>
         <input_file_ref idref="fl-e"/>
      </object_component>
      <object_component id="oc-55">
         <name>.debug_info</name>
         <load_address>0xa8c9</load_address>
         <run_address>0xa8c9</run_address>
         <size>0x5c9</size>
         <input_file_ref idref="fl-f"/>
      </object_component>
      <object_component id="oc-57">
         <name>.debug_info</name>
         <load_address>0xae92</load_address>
         <run_address>0xae92</run_address>
         <size>0x5c0</size>
         <input_file_ref idref="fl-10"/>
      </object_component>
      <object_component id="oc-59">
         <name>.debug_info</name>
         <load_address>0xb452</load_address>
         <run_address>0xb452</run_address>
         <size>0xa7a</size>
         <input_file_ref idref="fl-11"/>
      </object_component>
      <object_component id="oc-5d">
         <name>.debug_info</name>
         <load_address>0xbecc</load_address>
         <run_address>0xbecc</run_address>
         <size>0x8ab</size>
         <input_file_ref idref="fl-12"/>
      </object_component>
      <object_component id="oc-61">
         <name>.debug_info</name>
         <load_address>0xc777</load_address>
         <run_address>0xc777</run_address>
         <size>0x7d6</size>
         <input_file_ref idref="fl-13"/>
      </object_component>
      <object_component id="oc-67">
         <name>.debug_info</name>
         <load_address>0xcf4d</load_address>
         <run_address>0xcf4d</run_address>
         <size>0xbac</size>
         <input_file_ref idref="fl-14"/>
      </object_component>
      <object_component id="oc-6b">
         <name>.debug_info</name>
         <load_address>0xdaf9</load_address>
         <run_address>0xdaf9</run_address>
         <size>0x76b</size>
         <input_file_ref idref="fl-8f"/>
      </object_component>
      <object_component id="oc-6f">
         <name>.debug_info</name>
         <load_address>0xe264</load_address>
         <run_address>0xe264</run_address>
         <size>0x6f2</size>
         <input_file_ref idref="fl-90"/>
      </object_component>
      <object_component id="oc-73">
         <name>.debug_info</name>
         <load_address>0xe956</load_address>
         <run_address>0xe956</run_address>
         <size>0x6ce</size>
         <input_file_ref idref="fl-91"/>
      </object_component>
      <object_component id="oc-77">
         <name>.debug_info</name>
         <load_address>0xf024</load_address>
         <run_address>0xf024</run_address>
         <size>0x857</size>
         <input_file_ref idref="fl-92"/>
      </object_component>
      <object_component id="oc-7a">
         <name>.debug_info</name>
         <load_address>0xf87b</load_address>
         <run_address>0xf87b</run_address>
         <size>0x8df</size>
         <input_file_ref idref="fl-93"/>
      </object_component>
      <object_component id="oc-7d">
         <name>.debug_info</name>
         <load_address>0x1015a</load_address>
         <run_address>0x1015a</run_address>
         <size>0x811</size>
         <input_file_ref idref="fl-94"/>
      </object_component>
      <object_component id="oc-80">
         <name>.debug_info</name>
         <load_address>0x1096b</load_address>
         <run_address>0x1096b</run_address>
         <size>0xa9d</size>
         <input_file_ref idref="fl-95"/>
      </object_component>
      <object_component id="oc-84">
         <name>.debug_info</name>
         <load_address>0x11408</load_address>
         <run_address>0x11408</run_address>
         <size>0xe70</size>
         <input_file_ref idref="fl-96"/>
      </object_component>
      <object_component id="oc-89">
         <name>.debug_info</name>
         <load_address>0x12278</load_address>
         <run_address>0x12278</run_address>
         <size>0xcc</size>
         <input_file_ref idref="fl-97"/>
      </object_component>
      <object_component id="oc-8c">
         <name>.debug_info</name>
         <load_address>0x12344</load_address>
         <run_address>0x12344</run_address>
         <size>0x79d</size>
         <input_file_ref idref="fl-98"/>
      </object_component>
      <object_component id="oc-8f">
         <name>.debug_info</name>
         <load_address>0x12ae1</load_address>
         <run_address>0x12ae1</run_address>
         <size>0x8e9</size>
         <input_file_ref idref="fl-99"/>
      </object_component>
      <object_component id="oc-92">
         <name>.debug_info</name>
         <load_address>0x133ca</load_address>
         <run_address>0x133ca</run_address>
         <size>0xbd</size>
         <input_file_ref idref="fl-9a"/>
      </object_component>
      <object_component id="oc-95">
         <name>.debug_info</name>
         <load_address>0x13487</load_address>
         <run_address>0x13487</run_address>
         <size>0xd3</size>
         <input_file_ref idref="fl-9b"/>
      </object_component>
      <object_component id="oc-98">
         <name>.debug_info</name>
         <load_address>0x1355a</load_address>
         <run_address>0x1355a</run_address>
         <size>0xdc3</size>
         <input_file_ref idref="fl-9c"/>
      </object_component>
      <object_component id="oc-9c">
         <name>.debug_info</name>
         <load_address>0x1431d</load_address>
         <run_address>0x1431d</run_address>
         <size>0x850</size>
         <input_file_ref idref="fl-9d"/>
      </object_component>
      <object_component id="oc-a0">
         <name>.debug_info</name>
         <load_address>0x14b6d</load_address>
         <run_address>0x14b6d</run_address>
         <size>0x741</size>
         <input_file_ref idref="fl-9e"/>
      </object_component>
      <object_component id="oc-a3">
         <name>.debug_info</name>
         <load_address>0x152ae</load_address>
         <run_address>0x152ae</run_address>
         <size>0x633</size>
         <input_file_ref idref="fl-9f"/>
      </object_component>
      <object_component id="oc-a8">
         <name>.debug_info</name>
         <load_address>0x158e1</load_address>
         <run_address>0x158e1</run_address>
         <size>0x2674</size>
         <input_file_ref idref="fl-a0"/>
      </object_component>
      <object_component id="oc-ac">
         <name>.debug_info</name>
         <load_address>0x17f55</load_address>
         <run_address>0x17f55</run_address>
         <size>0x6c8</size>
         <input_file_ref idref="fl-a1"/>
      </object_component>
      <object_component id="oc-af">
         <name>.debug_info</name>
         <load_address>0x1861d</load_address>
         <run_address>0x1861d</run_address>
         <size>0x6d5</size>
         <input_file_ref idref="fl-a2"/>
      </object_component>
      <object_component id="oc-b2">
         <name>.debug_info</name>
         <load_address>0x18cf2</load_address>
         <run_address>0x18cf2</run_address>
         <size>0x83e</size>
         <input_file_ref idref="fl-a3"/>
      </object_component>
      <object_component id="oc-b5">
         <name>.debug_info</name>
         <load_address>0x19530</load_address>
         <run_address>0x19530</run_address>
         <size>0x6b6</size>
         <input_file_ref idref="fl-a4"/>
      </object_component>
      <object_component id="oc-b8">
         <name>.debug_info</name>
         <load_address>0x19be6</load_address>
         <run_address>0x19be6</run_address>
         <size>0x7ac</size>
         <input_file_ref idref="fl-a5"/>
      </object_component>
      <object_component id="oc-bb">
         <name>.debug_info</name>
         <load_address>0x1a392</load_address>
         <run_address>0x1a392</run_address>
         <size>0x5e1</size>
         <input_file_ref idref="fl-a6"/>
      </object_component>
      <object_component id="oc-bd">
         <name>.debug_info</name>
         <load_address>0x1a973</load_address>
         <run_address>0x1a973</run_address>
         <size>0x96a</size>
         <input_file_ref idref="fl-a7"/>
      </object_component>
      <object_component id="oc-c0">
         <name>.debug_info</name>
         <load_address>0x1b2dd</load_address>
         <run_address>0x1b2dd</run_address>
         <size>0xbd</size>
         <input_file_ref idref="fl-a8"/>
      </object_component>
      <object_component id="oc-c3">
         <name>.debug_info</name>
         <load_address>0x1b39a</load_address>
         <run_address>0x1b39a</run_address>
         <size>0x67e</size>
         <input_file_ref idref="fl-a9"/>
      </object_component>
      <object_component id="oc-c6">
         <name>.debug_info</name>
         <load_address>0x1ba18</load_address>
         <run_address>0x1ba18</run_address>
         <size>0x697</size>
         <input_file_ref idref="fl-aa"/>
      </object_component>
      <object_component id="oc-c9">
         <name>.debug_info</name>
         <load_address>0x1c0af</load_address>
         <run_address>0x1c0af</run_address>
         <size>0x653</size>
         <input_file_ref idref="fl-ab"/>
      </object_component>
      <object_component id="oc-cc">
         <name>.debug_info</name>
         <load_address>0x1c702</load_address>
         <run_address>0x1c702</run_address>
         <size>0x7a0</size>
         <input_file_ref idref="fl-ac"/>
      </object_component>
      <object_component id="oc-cf">
         <name>.debug_info</name>
         <load_address>0x1cea2</load_address>
         <run_address>0x1cea2</run_address>
         <size>0x78a</size>
         <input_file_ref idref="fl-ad"/>
      </object_component>
      <object_component id="oc-d2">
         <name>.debug_info</name>
         <load_address>0x1d62c</load_address>
         <run_address>0x1d62c</run_address>
         <size>0x785</size>
         <input_file_ref idref="fl-ae"/>
      </object_component>
      <object_component id="oc-d5">
         <name>.debug_info</name>
         <load_address>0x1ddb1</load_address>
         <run_address>0x1ddb1</run_address>
         <size>0x7fd</size>
         <input_file_ref idref="fl-af"/>
      </object_component>
      <object_component id="oc-d8">
         <name>.debug_info</name>
         <load_address>0x1e5ae</load_address>
         <run_address>0x1e5ae</run_address>
         <size>0x6e8</size>
         <input_file_ref idref="fl-b0"/>
      </object_component>
      <object_component id="oc-db">
         <name>.debug_info</name>
         <load_address>0x1ec96</load_address>
         <run_address>0x1ec96</run_address>
         <size>0x716</size>
         <input_file_ref idref="fl-b1"/>
      </object_component>
      <object_component id="oc-de">
         <name>.debug_info</name>
         <load_address>0x1f3ac</load_address>
         <run_address>0x1f3ac</run_address>
         <size>0x6b9</size>
         <input_file_ref idref="fl-b2"/>
      </object_component>
      <object_component id="oc-e1">
         <name>.debug_info</name>
         <load_address>0x1fa65</load_address>
         <run_address>0x1fa65</run_address>
         <size>0x5ff</size>
         <input_file_ref idref="fl-b3"/>
      </object_component>
      <object_component id="oc-e4">
         <name>.debug_info</name>
         <load_address>0x20064</load_address>
         <run_address>0x20064</run_address>
         <size>0x7f3</size>
         <input_file_ref idref="fl-b4"/>
      </object_component>
      <object_component id="oc-e7">
         <name>.debug_info</name>
         <load_address>0x20857</load_address>
         <run_address>0x20857</run_address>
         <size>0x5b3</size>
         <input_file_ref idref="fl-b5"/>
      </object_component>
      <object_component id="oc-ea">
         <name>.debug_info</name>
         <load_address>0x20e0a</load_address>
         <run_address>0x20e0a</run_address>
         <size>0x852</size>
         <input_file_ref idref="fl-b6"/>
      </object_component>
      <object_component id="oc-ef">
         <name>.debug_info</name>
         <load_address>0x2165c</load_address>
         <run_address>0x2165c</run_address>
         <size>0xabf</size>
         <input_file_ref idref="fl-b7"/>
      </object_component>
      <object_component id="oc-f5">
         <name>.debug_info</name>
         <load_address>0x2211b</load_address>
         <run_address>0x2211b</run_address>
         <size>0x7ed</size>
         <input_file_ref idref="fl-b8"/>
      </object_component>
      <object_component id="oc-f8">
         <name>.debug_info</name>
         <load_address>0x22908</load_address>
         <run_address>0x22908</run_address>
         <size>0x64b</size>
         <input_file_ref idref="fl-b9"/>
      </object_component>
      <object_component id="oc-18e">
         <name>.debug_info</name>
         <load_address>0x22f53</load_address>
         <run_address>0x22f53</run_address>
         <size>0x6d</size>
      </object_component>
      <object_component id="oc-1b">
         <name>.debug_line</name>
         <load_address>0x0</load_address>
         <run_address>0x0</run_address>
         <size>0xdf</size>
         <input_file_ref idref="fl-2"/>
      </object_component>
      <object_component id="oc-20">
         <name>.debug_line</name>
         <load_address>0xdf</load_address>
         <run_address>0xdf</run_address>
         <size>0xd3</size>
         <input_file_ref idref="fl-3"/>
      </object_component>
      <object_component id="oc-23">
         <name>.debug_line</name>
         <load_address>0x1b2</load_address>
         <run_address>0x1b2</run_address>
         <size>0x60</size>
         <input_file_ref idref="fl-4"/>
      </object_component>
      <object_component id="oc-28">
         <name>.debug_line</name>
         <load_address>0x212</load_address>
         <run_address>0x212</run_address>
         <size>0xa4</size>
         <input_file_ref idref="fl-5"/>
      </object_component>
      <object_component id="oc-2b">
         <name>.debug_line</name>
         <load_address>0x2b6</load_address>
         <run_address>0x2b6</run_address>
         <size>0x51</size>
         <input_file_ref idref="fl-6"/>
      </object_component>
      <object_component id="oc-31">
         <name>.debug_line</name>
         <load_address>0x307</load_address>
         <run_address>0x307</run_address>
         <size>0xf1</size>
         <input_file_ref idref="fl-7"/>
      </object_component>
      <object_component id="oc-34">
         <name>.debug_line</name>
         <load_address>0x3f8</load_address>
         <run_address>0x3f8</run_address>
         <size>0x151</size>
         <input_file_ref idref="fl-8"/>
      </object_component>
      <object_component id="oc-37">
         <name>.debug_line</name>
         <load_address>0x549</load_address>
         <run_address>0x549</run_address>
         <size>0x116</size>
         <input_file_ref idref="fl-9"/>
      </object_component>
      <object_component id="oc-3e">
         <name>.debug_line</name>
         <load_address>0x65f</load_address>
         <run_address>0x65f</run_address>
         <size>0xe2</size>
         <input_file_ref idref="fl-a"/>
      </object_component>
      <object_component id="oc-45">
         <name>.debug_line</name>
         <load_address>0x741</load_address>
         <run_address>0x741</run_address>
         <size>0xe3</size>
         <input_file_ref idref="fl-b"/>
      </object_component>
      <object_component id="oc-4b">
         <name>.debug_line</name>
         <load_address>0x824</load_address>
         <run_address>0x824</run_address>
         <size>0xb7</size>
         <input_file_ref idref="fl-c"/>
      </object_component>
      <object_component id="oc-51">
         <name>.debug_line</name>
         <load_address>0x8db</load_address>
         <run_address>0x8db</run_address>
         <size>0xce</size>
         <input_file_ref idref="fl-d"/>
      </object_component>
      <object_component id="oc-5b">
         <name>.debug_line</name>
         <load_address>0x9a9</load_address>
         <run_address>0x9a9</run_address>
         <size>0x66</size>
         <input_file_ref idref="fl-11"/>
      </object_component>
      <object_component id="oc-5f">
         <name>.debug_line</name>
         <load_address>0xa0f</load_address>
         <run_address>0xa0f</run_address>
         <size>0x84</size>
         <input_file_ref idref="fl-12"/>
      </object_component>
      <object_component id="oc-64">
         <name>.debug_line</name>
         <load_address>0xa93</load_address>
         <run_address>0xa93</run_address>
         <size>0x52</size>
         <input_file_ref idref="fl-13"/>
      </object_component>
      <object_component id="oc-69">
         <name>.debug_line</name>
         <load_address>0xae5</load_address>
         <run_address>0xae5</run_address>
         <size>0x8f</size>
         <input_file_ref idref="fl-14"/>
      </object_component>
      <object_component id="oc-6d">
         <name>.debug_line</name>
         <load_address>0xb74</load_address>
         <run_address>0xb74</run_address>
         <size>0x3a</size>
         <input_file_ref idref="fl-8f"/>
      </object_component>
      <object_component id="oc-71">
         <name>.debug_line</name>
         <load_address>0xbae</load_address>
         <run_address>0xbae</run_address>
         <size>0x3d</size>
         <input_file_ref idref="fl-90"/>
      </object_component>
      <object_component id="oc-78">
         <name>.debug_line</name>
         <load_address>0xbeb</load_address>
         <run_address>0xbeb</run_address>
         <size>0x5c</size>
         <input_file_ref idref="fl-92"/>
      </object_component>
      <object_component id="oc-7b">
         <name>.debug_line</name>
         <load_address>0xc47</load_address>
         <run_address>0xc47</run_address>
         <size>0x6b</size>
         <input_file_ref idref="fl-93"/>
      </object_component>
      <object_component id="oc-7e">
         <name>.debug_line</name>
         <load_address>0xcb2</load_address>
         <run_address>0xcb2</run_address>
         <size>0x3f</size>
         <input_file_ref idref="fl-94"/>
      </object_component>
      <object_component id="oc-82">
         <name>.debug_line</name>
         <load_address>0xcf1</load_address>
         <run_address>0xcf1</run_address>
         <size>0x93</size>
         <input_file_ref idref="fl-95"/>
      </object_component>
      <object_component id="oc-87">
         <name>.debug_line</name>
         <load_address>0xd84</load_address>
         <run_address>0xd84</run_address>
         <size>0xf5</size>
         <input_file_ref idref="fl-96"/>
      </object_component>
      <object_component id="oc-8a">
         <name>.debug_line</name>
         <load_address>0xe79</load_address>
         <run_address>0xe79</run_address>
         <size>0x4a</size>
         <input_file_ref idref="fl-97"/>
      </object_component>
      <object_component id="oc-8d">
         <name>.debug_line</name>
         <load_address>0xec3</load_address>
         <run_address>0xec3</run_address>
         <size>0x46</size>
         <input_file_ref idref="fl-98"/>
      </object_component>
      <object_component id="oc-90">
         <name>.debug_line</name>
         <load_address>0xf09</load_address>
         <run_address>0xf09</run_address>
         <size>0x6a</size>
         <input_file_ref idref="fl-99"/>
      </object_component>
      <object_component id="oc-93">
         <name>.debug_line</name>
         <load_address>0xf73</load_address>
         <run_address>0xf73</run_address>
         <size>0x41</size>
         <input_file_ref idref="fl-9a"/>
      </object_component>
      <object_component id="oc-96">
         <name>.debug_line</name>
         <load_address>0xfb4</load_address>
         <run_address>0xfb4</run_address>
         <size>0x40</size>
         <input_file_ref idref="fl-9b"/>
      </object_component>
      <object_component id="oc-9a">
         <name>.debug_line</name>
         <load_address>0xff4</load_address>
         <run_address>0xff4</run_address>
         <size>0x126</size>
         <input_file_ref idref="fl-9c"/>
      </object_component>
      <object_component id="oc-9e">
         <name>.debug_line</name>
         <load_address>0x111a</load_address>
         <run_address>0x111a</run_address>
         <size>0x66</size>
         <input_file_ref idref="fl-9d"/>
      </object_component>
      <object_component id="oc-a1">
         <name>.debug_line</name>
         <load_address>0x1180</load_address>
         <run_address>0x1180</run_address>
         <size>0x40</size>
         <input_file_ref idref="fl-9e"/>
      </object_component>
      <object_component id="oc-a6">
         <name>.debug_line</name>
         <load_address>0x11c0</load_address>
         <run_address>0x11c0</run_address>
         <size>0x35</size>
[...]
      </symbol>
      <symbol id="sm-5c">
         <name>_sha256_prefix</name>
         <value>0x80011c20</value>
         <object_component_ref idref="oc-140"/>
      </symbol>
      <symbol id="sm-5d">
         <name>_RSASSA_PKCS1_V1_5_SIGN</name>
         <value>0x8000714c</value>
         <object_component_ref idref="oc-127"/>
      </symbol>
      <symbol id="sm-5e">
         <name>_EMSA_PKCS1_V1_5_ENCODE</name>
         <value>0x80007080</value>
         <object_component_ref idref="oc-127"/>
      </symbol>
      <symbol id="sm-5f">
         <name>_RSASSA_PKCS1V1_5_VERIFY</name>
         <value>0x800071f8</value>
         <object_component_ref idref="oc-127"/>
      </symbol>
      <symbol id="sm-60">
         <name>_sha256_prefix_size</name>
         <value>0x80016788</value>
         <object_component_ref idref="oc-18"/>
      </symbol>
      <symbol id="sm-81">
         <name>_mod_inverse</name>
         <value>0x80001140</value>
         <object_component_ref idref="oc-125"/>
      </symbol>
      <symbol id="sm-82">
         <name>_setup_monmult</name>
         <value>0x800011d8</value>
         <object_component_ref idref="oc-125"/>
      </symbol>
      <symbol id="sm-83">
         <name>_montgomery_multiplication</name>
         <value>0x800011f0</value>
         <object_component_ref idref="oc-125"/>
      </symbol>
      <symbol id="sm-84">
         <name>_nprime_0</name>
         <value>0x8001678c</value>
         <object_component_ref idref="oc-1d"/>
      </symbol>
      <symbol id="sm-9b">
         <name>_montgomery_exponentiation</name>
         <value>0x80006940</value>
         <object_component_ref idref="oc-126"/>
      </symbol>
      <symbol id="sm-b2">
         <name>_random_byte</name>
         <value>0x80007f20</value>
         <object_component_ref idref="oc-128"/>
      </symbol>
      <symbol id="sm-b3">
         <name>_generate_number</name>
         <value>0x80007ffc</value>
         <object_component_ref idref="oc-128"/>
      </symbol>
      <symbol id="sm-b4">
         <name>_n</name>
         <value>0x80016778</value>
         <object_component_ref idref="oc-25"/>
      </symbol>
      <symbol id="sm-be">
         <name>_compute_SHA256</name>
         <value>0x8000a980</value>
         <object_component_ref idref="oc-116"/>
      </symbol>
      <symbol id="sm-fc">
         <name>_SHA256_End</name>
         <value>0x80002d6c</value>
         <object_component_ref idref="oc-123"/>
      </symbol>
      <symbol id="sm-fd">
         <name>_SHA256_Init</name>
         <value>0x80002a84</value>
         <object_component_ref idref="oc-123"/>
      </symbol>
      <symbol id="sm-fe">
         <name>_SHA256_Final</name>
         <value>0x80002af0</value>
         <object_component_ref idref="oc-123"/>
      </symbol>
      <symbol id="sm-ff">
         <name>_SHA256_Data</name>
         <value>0x80002ec4</value>
         <object_component_ref idref="oc-123"/>
      </symbol>
      <symbol id="sm-100">
         <name>_SHA256_Transform</name>
         <value>0x80002580</value>
         <object_component_ref idref="oc-123"/>
      </symbol>
      <symbol id="sm-101">
         <name>_SHA256_Update</name>
         <value>0x8000284c</value>
         <object_component_ref idref="oc-123"/>
      </symbol>
      <symbol id="sm-12f">
         <name>_ocb_encrypt</name>
         <value>0x80002528</value>
         <object_component_ref idref="oc-117"/>
      </symbol>
      <symbol id="sm-130">
         <name>_ocb_decrypt</name>
         <value>0x80002548</value>
         <object_component_ref idref="oc-117"/>
      </symbol>
      <symbol id="sm-16a">
         <name>_AES_encrypt</name>
         <value>0x800010f8</value>
         <object_component_ref idref="oc-124"/>
      </symbol>
      <symbol id="sm-16b">
         <name>_aes_encrypt</name>
         <value>0x80000790</value>
         <object_component_ref idref="oc-124"/>
      </symbol>
      <symbol id="sm-16c">
         <name>_AES_decrypt</name>
         <value>0x80001110</value>
         <object_component_ref idref="oc-124"/>
      </symbol>
      <symbol id="sm-16d">
         <name>_aes_set_decrypt_key</name>
         <value>0x800004ec</value>
         <object_component_ref idref="oc-124"/>
      </symbol>
      <symbol id="sm-16e">
         <name>_AES_set_decrypt_key</name>
         <value>0x800010e4</value>
         <object_component_ref idref="oc-124"/>
      </symbol>
      <symbol id="sm-16f">
         <name>_aes_decrypt</name>
         <value>0x80000c2c</value>
         <object_component_ref idref="oc-124"/>
      </symbol>
      <symbol id="sm-170">
         <name>_aes_set_encrypt_key</name>
         <value>0x80000000</value>
         <object_component_ref idref="oc-124"/>
      </symbol>
      <symbol id="sm-171">
         <name>_AES_set_encrypt_key</name>
         <value>0x800010cc</value>
         <object_component_ref idref="oc-124"/>
      </symbol>
      <symbol id="sm-19a">
         <name>_s_create_packet</name>
         <value>0x80004234</value>
         <object_component_ref idref="oc-111"/>
      </symbol>
      <symbol id="sm-19b">
         <name>_s_validate_packet</name>
         <value>0x80003f34</value>
         <object_component_ref idref="oc-111"/>
      </symbol>
      <symbol id="sm-1c3">
         <name>_m_create_packet</name>
         <value>0x80003cd8</value>
         <object_component_ref idref="oc-110"/>
      </symbol>
      <symbol id="sm-1c4">
         <name>_m_validate_packet</name>
         <value>0x80003aac</value>
         <object_component_ref idref="oc-110"/>
      </symbol>
      <symbol id="sm-1ea">
         <name>_validate_master</name>
         <value>0x80004fe8</value>
         <object_component_ref idref="oc-11b"/>
      </symbol>
      <symbol id="sm-1eb">
         <name>_reply_master</name>
         <value>0x80005160</value>
         <object_component_ref idref="oc-11b"/>
      </symbol>
      <symbol id="sm-20f">
         <name>_init_connection</name>
         <value>0x8000556c</value>
         <object_component_ref idref="oc-118"/>
      </symbol>
      <symbol id="sm-210">
         <name>_gy</name>
         <value>0x8001675c</value>
         <object_component_ref idref="oc-4d"/>
      </symbol>
      <symbol id="sm-211">
         <name>_gx</name>
         <value>0x80016760</value>
         <object_component_ref idref="oc-4d"/>
      </symbol>
      <symbol id="sm-212">
         <name>_reply_slave</name>
         <value>0x80005450</value>
         <object_component_ref idref="oc-118"/>
      </symbol>
      <symbol id="sm-213">
         <name>_validate_slave</name>
         <value>0x80005348</value>
         <object_component_ref idref="oc-118"/>
      </symbol>
      <symbol id="sm-248">
         <name>_int32_to_int8</name>
         <value>0x80006154</value>
         <object_component_ref idref="oc-112"/>
      </symbol>
      <symbol id="sm-249">
         <name>_print_packet</name>
         <value>0x80005ec0</value>
         <object_component_ref idref="oc-112"/>
      </symbol>
      <symbol id="sm-25f">
         <name>_main</name>
         <value>0x80008580</value>
         <object_component_ref idref="oc-109"/>
      </symbol>
      <symbol id="sm-274">
         <name>C$$EXIT</name>
         <value>0x80009b00</value>
         <object_component_ref idref="oc-fd"/>
      </symbol>
      <symbol id="sm-275">
         <name>_exit</name>
         <value>0x80009b04</value>
         <object_component_ref idref="oc-fd"/>
      </symbol>
      <symbol id="sm-276">
         <name>___TI_enable_exit_profile_output</name>
         <value>0x800154f4</value>
         <object_component_ref idref="oc-63"/>
      </symbol>
      <symbol id="sm-277">
         <name>_abort</name>
         <value>0x80009b00</value>
         <object_component_ref idref="oc-fd"/>
      </symbol>
      <symbol id="sm-278">
         <name>__cleanup_ptr</name>
         <value>0x800154ec</value>
         <object_component_ref idref="oc-63"/>
      </symbol>
      <symbol id="sm-279">
         <name>__dtors_ptr</name>
         <value>0x800154f0</value>
         <object_component_ref idref="oc-63"/>
      </symbol>
      <symbol id="sm-2a2">
         <name>_encrypt_data</name>
         <value>0x80005bb8</value>
         <object_component_ref idref="oc-10c"/>
      </symbol>
      <symbol id="sm-2a3">
         <name>_finalize_connection</name>
         <value>0x80005b24</value>
         <object_component_ref idref="oc-10c"/>
      </symbol>
      <symbol id="sm-2a4">
         <name>_decrypt_data</name>
         <value>0x80005bc8</value>
         <object_component_ref idref="oc-10c"/>
      </symbol>
      <symbol id="sm-2a5">
         <name>_initialize_connection</name>
         <value>0x80005920</value>
         <object_component_ref idref="oc-10c"/>
      </symbol>
      <symbol id="sm-2b2">
         <name>__abort_msg</name>
         <value>0x8000a800</value>
         <object_component_ref idref="oc-131"/>
      </symbol>
      <symbol id="sm-2c1">
         <name>_c_int00</name>
         <value>0x8000a620</value>
         <object_component_ref idref="oc-17"/>
      </symbol>
      <symbol id="sm-2c2">
         <name>__stack</name>
         <value>0x80011c68</value>
         <object_component_ref idref="oc-70"/>
      </symbol>
      <symbol id="sm-2cc">
         <name>__tmpnams</name>
         <value>0x80015148</value>
         <object_component_ref idref="oc-75"/>
      </symbol>
      <symbol id="sm-2cd">
         <name>__ft_end</name>
         <value>0x80015288</value>
         <object_component_ref idref="oc-75"/>
      </symbol>
      <symbol id="sm-2ce">
         <name>__ftable</name>
         <value>0x80014f68</value>
         <object_component_ref idref="oc-75"/>
      </symbol>
      <symbol id="sm-2e6">
         <name>__doflush</name>
         <value>0x80009980</value>
         <object_component_ref idref="oc-12a"/>
      </symbol>
      <symbol id="sm-2e7">
         <name>_fflush</name>
         <value>0x80009260</value>
         <object_component_ref idref="oc-14e"/>
      </symbol>
      <symbol id="sm-2fc">
         <name>_fprintf</name>
         <value>0x80008ec0</value>
         <object_component_ref idref="oc-14d"/>
      </symbol>
      <symbol id="sm-317">
         <name>_putc</name>
         <value>0x80007740</value>
         <object_component_ref idref="oc-122"/>
      </symbol>
      <symbol id="sm-318">
         <name>_fputc</name>
         <value>0x80007740</value>
         <object_component_ref idref="oc-122"/>
      </symbol>
      <symbol id="sm-33a">
         <name>_fputs</name>
         <value>0x80004bc0</value>
         <object_component_ref idref="oc-11d"/>
      </symbol>
      <symbol id="sm-377">
         <name>_unlink</name>
         <value>0x8000a720</value>
         <object_component_ref idref="oc-16d"/>
      </symbol>
      <symbol id="sm-378">
         <name>_lseek</name>
         <value>0x8000a200</value>
         <object_component_ref idref="oc-14f"/>
      </symbol>
      <symbol id="sm-379">
         <name>_close</name>
         <value>0x80009180</value>
         <object_component_ref idref="oc-167"/>
      </symbol>
      <symbol id="sm-37a">
         <name>_write</name>
         <value>0x8000a480</value>
         <object_component_ref idref="oc-12b"/>
      </symbol>
      <symbol id="sm-382">
         <name>_memcpy</name>
         <value>0x8000a2a0</value>
         <object_component_ref idref="oc-107"/>
      </symbol>
      <symbol id="sm-38d">
         <name>_memset</name>
         <value>0x80009340</value>
         <object_component_ref idref="oc-11a"/>
      </symbol>
      <symbol id="sm-3a2">
         <name>_printf</name>
         <value>0x80009420</value>
         <object_component_ref idref="oc-10f"/>
      </symbol>
      <symbol id="sm-3ab">
         <name>__remu</name>
         <value>0x8000a020</value>
         <object_component_ref idref="oc-141"/>
      </symbol>
      <symbol id="sm-3ac">
         <name>__c6xabi_remu</name>
         <value>0x8000a020</value>
         <object_component_ref idref="oc-141"/>
      </symbol>
      <symbol id="sm-3b4">
         <name>__c6xabi_strasgi_64plus</name>
         <value>0x8000ab60</value>
         <object_component_ref idref="oc-10e"/>
      </symbol>
      <symbol id="sm-3b5">
         <name>__strasgi_64plus</name>
         <value>0x8000ab60</value>
         <object_component_ref idref="oc-10e"/>
      </symbol>
      <symbol id="sm-3de">
         <name>_HOSTopen</name>
         <value>0x80008fc0</value>
         <object_component_ref idref="oc-fe"/>
      </symbol>
      <symbol id="sm-3df">
         <name>_HOSTread</name>
         <value>0x80009500</value>
         <object_component_ref idref="oc-100"/>
      </symbol>
      <symbol id="sm-3e0">
         <name>_HOSTrename</name>
         <value>0x80008280</value>
         <object_component_ref idref="oc-104"/>
      </symbol>
      <symbol id="sm-3e1">
         <name>_HOSTwrite</name>
         <value>0x80009680</value>
         <object_component_ref idref="oc-101"/>
      </symbol>
      <symbol id="sm-3e2">
         <name>_HOSTlseek</name>
         <value>0x80008cc0</value>
         <object_component_ref idref="oc-102"/>
      </symbol>
      <symbol id="sm-3e3">
         <name>_HOSTunlink</name>
         <value>0x800095c0</value>
         <object_component_ref idref="oc-103"/>
      </symbol>
      <symbol id="sm-3e4">
         <name>_HOSTclose</name>
         <value>0x80009bc0</value>
         <object_component_ref idref="oc-ff"/>
      </symbol>
      <symbol id="sm-3f4">
         <name>C$$IO$$</name>
         <value>0x8000a978</value>
         <object_component_ref idref="oc-10a"/>
      </symbol>
      <symbol id="sm-3f5">
         <name>__CIOBUF_</name>
         <value>0x80016638</value>
         <object_component_ref idref="oc-9d"/>
      </symbol>
      <symbol id="sm-3f6">
         <name>_readmsg</name>
         <value>0x8000a6a0</value>
         <object_component_ref idref="oc-10b"/>
      </symbol>
      <symbol id="sm-3f7">
         <name>_writemsg</name>
         <value>0x8000a920</value>
         <object_component_ref idref="oc-10a"/>
      </symbol>
      <symbol id="sm-406">
         <name>__wrt_ok</name>
         <value>0x80008dc0</value>
         <object_component_ref idref="oc-129"/>
      </symbol>
      <symbol id="sm-414">
         <name>__unlock</name>
         <value>0x800154fc</value>
         <object_component_ref idref="oc-a5"/>
      </symbol>
      <symbol id="sm-415">
         <name>__lock</name>
         <value>0x800154f8</value>
         <object_component_ref idref="oc-a5"/>
      </symbol>
      <symbol id="sm-416">
         <name>__nop</name>
         <value>0x8000abc0</value>
         <object_component_ref idref="oc-105"/>
      </symbol>
      <symbol id="sm-520">
         <name>__printfi</name>
         <value>0x80004340</value>
         <object_component_ref idref="oc-114"/>
      </symbol>
      <symbol id="sm-52a">
         <name>__args_main</name>
         <value>0x8000aa60</value>
         <object_component_ref idref="oc-fc"/>
      </symbol>
      <symbol id="sm-52b">
         <name>__TI_args_main</name>
         <value>0x1</value>
      </symbol>
      <symbol id="sm-539">
         <name>_atoi</name>
         <value>0x800090a0</value>
         <object_component_ref idref="oc-12c"/>
      </symbol>
      <symbol id="sm-548">
         <name>__auto_init</name>
         <value>0x80009740</value>
         <object_component_ref idref="oc-fb"/>
      </symbol>
      <symbol id="sm-555">
         <name>___TI_cpp_init</name>
         <value>0x8000a7a0</value>
         <object_component_ref idref="oc-108"/>
      </symbol>
      <symbol id="sm-563">
         <name>_copy_in</name>
         <value>0x8000a0c0</value>
         <object_component_ref idref="oc-106"/>
      </symbol>
      <symbol id="sm-56b">
         <name>__ctypes_</name>
         <value>0x80011828</value>
         <object_component_ref idref="oc-144"/>
      </symbol>
      <symbol id="sm-57d">
         <name>__divd</name>
         <value>0x80002f20</value>
         <object_component_ref idref="oc-158"/>
      </symbol>
      <symbol id="sm-586">
         <name>__c6xabi_divu</name>
         <value>0x800098c0</value>
         <object_component_ref idref="oc-164"/>
      </symbol>
      <symbol id="sm-587">
         <name>__divu</name>
         <value>0x800098c0</value>
         <object_component_ref idref="oc-164"/>
      </symbol>
      <symbol id="sm-594">
         <name>__fixdli</name>
         <value>0x80009ee0</value>
         <object_component_ref idref="oc-15f"/>
      </symbol>
      <symbol id="sm-59f">
         <name>__fltlid</name>
         <value>0x8000a520</value>
         <object_component_ref idref="oc-161"/>
      </symbol>
      <symbol id="sm-5a9">
         <name>__frcmpyd_div</name>
         <value>0x8000aaa0</value>
         <object_component_ref idref="oc-163"/>
      </symbol>
      <symbol id="sm-5ba">
         <name>_fseek</name>
         <value>0x80008ba0</value>
         <object_component_ref idref="oc-142"/>
      </symbol>
      <symbol id="sm-5ca">
         <name>__divul</name>
         <value>0x800080e0</value>
         <object_component_ref idref="oc-165"/>
      </symbol>
      <symbol id="sm-5cb">
         <name>__remli</name>
         <value>0x8000ab20</value>
         <object_component_ref idref="oc-169"/>
      </symbol>
      <symbol id="sm-5cc">
         <name>__divli</name>
         <value>0x80009d00</value>
         <object_component_ref idref="oc-16a"/>
      </symbol>
      <symbol id="sm-5e0">
         <name>__subcull</name>
         <value>0x8000a860</value>
         <object_component_ref idref="oc-16c"/>
      </symbol>
      <symbol id="sm-5e1">
         <name>__divull</name>
         <value>0x80006bc0</value>
         <object_component_ref idref="oc-166"/>
      </symbol>
      <symbol id="sm-5eb">
         <name>___isinf</name>
         <value>0x8000a9e0</value>
         <object_component_ref idref="oc-146"/>
      </symbol>
      <symbol id="sm-5f9">
         <name>__llshl</name>
         <value>0x8000a5a0</value>
         <object_component_ref idref="oc-16b"/>
      </symbol>
      <symbol id="sm-5fa">
         <name>__llshru</name>
         <value>0x8000aae0</value>
         <object_component_ref idref="oc-162"/>
      </symbol>
      <symbol id="sm-607">
         <name>_ltoa</name>
         <value>0x80009a40</value>
         <object_component_ref idref="oc-160"/>
      </symbol>
      <symbol id="sm-614">
         <name>_memccpy</name>
         <value>0x8000a8c0</value>
         <object_component_ref idref="oc-12f"/>
      </symbol>
      <symbol id="sm-61e">
         <name>__negll</name>
         <value>0x8000aba0</value>
         <object_component_ref idref="oc-14b"/>
      </symbol>
      <symbol id="sm-634">
         <name>_setvbuf</name>
         <value>0x80007b60</value>
         <object_component_ref idref="oc-143"/>
      </symbol>
      <symbol id="sm-64e">
         <name>__cleanup</name>
         <value>0x80009c60</value>
         <object_component_ref idref="oc-152"/>
      </symbol>
      <symbol id="sm-687">
         <name>__sys_memory</name>
         <value>0x8000ac80</value>
         <object_component_ref idref="oc-f2"/>
      </symbol>
      <symbol id="sm-688">
         <name>_free</name>
         <value>0x800066c0</value>
         <object_component_ref idref="oc-150"/>
      </symbol>
      <symbol id="sm-689">
         <name>_malloc</name>
         <value>0x80008400</value>
         <object_component_ref idref="oc-151"/>
      </symbol>
      <symbol id="sm-69b">
         <name>__closefile</name>
         <value>0x80008960</value>
         <object_component_ref idref="oc-15e"/>
      </symbol>
      <symbol id="sm-6a5">
         <name>_remove</name>
         <value>0x8000ac60</value>
         <object_component_ref idref="oc-168"/>
      </symbol>
   </symbol_table>
</link_info>
